#
# A fatal error has been detected by the Java Runtime Environment:
#
#  EXCEPTION_ACCESS_VIOLATION (0xc0000005) at pc=0x00007ffb0e456587, pid=16456, tid=9644
#
# JRE version: OpenJDK Runtime Environment Corretto-21.0.4.7.1 (21.0.4+7) (build 21.0.4+7-LTS)
# Java VM: OpenJDK 64-Bit Server VM Corretto-21.0.4.7.1 (21.0.4+7-LTS, mixed mode, sharing, tiered, compressed oops, compressed class ptrs, g1 gc, windows-amd64)
# Problematic frame:
# C  [glass.dll+0x26587]
#
# No core dump will be written. Minidumps are not enabled by default on client versions of Windows
#
# If you would like to submit a bug report, please visit:
#   https://github.com/corretto/corretto-21/issues/
#

---------------  S U M M A R Y ------------

Command Line: -javaagent:C:\Program Files\JetBrains\IntelliJ IDEA 2024.2.3\lib\idea_rt.jar=59971:C:\Program Files\JetBrains\IntelliJ IDEA 2024.2.3\bin -Dfile.encoding=UTF-8 -Dsun.stdout.encoding=UTF-8 -Dsun.stderr.encoding=UTF-8 --module-path=C:\Users\ACER\OneDrive - vnu.edu.vn\Documents\Librio\target\classes;C:\Users\ACER\.m2\repository\net\synedra\validatorfx\0.4.0\validatorfx-0.4.0.jar;C:\Users\ACER\.m2\repository\org\kordamp\bootstrapfx\bootstrapfx-core\0.4.0\bootstrapfx-core-0.4.0.jar;C:\Users\ACER\.m2\repository\org\json\json\20240303\json-20240303.jar;C:\Users\ACER\.m2\repository\org\openjfx\javafx-base\21\javafx-base-21-win.jar;C:\Users\ACER\.m2\repository\org\kordamp\ikonli\ikonli-core\12.3.1\ikonli-core-12.3.1.jar;C:\Users\ACER\.m2\repository\org\openjfx\javafx-controls\21\javafx-controls-21-win.jar;C:\Users\ACER\.m2\repository\org\openjfx\javafx-graphics\21\javafx-graphics-21-win.jar;C:\Users\ACER\.m2\repository\com\mysql\mysql-connector-j\8.3.0\mysql-connector-j-8.3.0.jar;C:\Users\ACER\.m2\repository\org\controlsfx\controlsfx\11.1.2\controlsfx-11.1.2.jar;C:\Users\ACER\.m2\repository\com\dlsc\formsfx\formsfx-core\11.6.0\formsfx-core-11.6.0.jar;C:\Users\ACER\.m2\repository\org\kordamp\ikonli\ikonli-javafx\12.3.1\ikonli-javafx-12.3.1.jar;C:\Users\ACER\.m2\repository\org\openjfx\javafx-fxml\21\javafx-fxml-21-win.jar -Djdk.module.main=librio librio/librio.HelloApplication

Host: 11th Gen Intel(R) Core(TM) i5-11400H @ 2.70GHz, 12 cores, 7G,  Windows 10 , 64 bit Build 19041 (10.0.19041.4957)
Time: Tue Nov 12 00:58:19 2024 SE Asia Standard Time elapsed time: 51.831901 seconds (0d 0h 0m 51s)

---------------  T H R E A D  ---------------

Current thread (0x000001be2bbd4390):  VMThread "VM Thread"          [id=9644, stack(0x0000008fd9800000,0x0000008fd9900000) (1024K)]

Stack: [0x0000008fd9800000,0x0000008fd9900000],  sp=0x0000008fd98fefb0,  free space=1019k
Native frames: (J=compiled Java code, j=interpreted, Vv=VM code, C=native code)
C  [glass.dll+0x26587]


siginfo: EXCEPTION_ACCESS_VIOLATION (0xc0000005), reading address 0x0000000000000000


Registers:
RAX=0x0000000000000000, RBX=0x000001be2bbd9d32, RCX=0x000001be2bbd4390, RDX=0x0000008fd98fefb0
RSP=0x0000008fd98fefb0, RBP=0x000001be71aaf9a8, RSI=0x000001be71aaf980, RDI=0x0000eb1f41e64eeb
R8 =0x0000000000010002, R9 =0x0000eb1f41e64eeb, R10=0x0000000000008000, R11=0x0000008fd98fef40
R12=0x00007ffb0e453ed0, R13=0x00007ffaec0ae1c0, R14=0x0000008fd98ff0a8, R15=0x000001be71aaf980
RIP=0x00007ffb0e456587, EFLAGS=0x0000000000010202


Register to memory mapping:

RAX=0x0 is null
RBX=0x000001be2bbd9d32 is a global jni handle
RCX=0x000001be2bbd4390 points into unknown readable memory: 0x00007ffaebead8a0 | a0 d8 ea eb fa 7f 00 00
RDX=0x0000008fd98fefb0 points into unknown readable memory: 0x0000000000000000 | 00 00 00 00 00 00 00 00
RSP=0x0000008fd98fefb0 points into unknown readable memory: 0x0000000000000000 | 00 00 00 00 00 00 00 00
RBP=0x000001be71aaf9a8 points into unknown readable memory: 0x0000eb1f41e64eeb | eb 4e e6 41 1f eb 00 00
RSI=0x000001be71aaf980 points into unknown readable memory: 0x29cfab1f42199699 | 99 96 19 42 1f ab cf 29
RDI=0x0000eb1f41e64eeb is an unknown value
R8 =0x0000000000010002 is an unknown value
R9 =0x0000eb1f41e64eeb is an unknown value
R10=0x0000000000008000 is an unknown value
R11=0x0000008fd98fef40 points into unknown readable memory: 0x000001be71aaf980 | 80 f9 aa 71 be 01 00 00
R12=0x00007ffb0e453ed0 glass.dll
R13=0x00007ffaec0ae1c0 jvm.dll
R14=0x0000008fd98ff0a8 points into unknown readable memory: 0x0000008fd98ff090 | 90 f0 8f d9 8f 00 00 00
R15=0x000001be71aaf980 points into unknown readable memory: 0x29cfab1f42199699 | 99 96 19 42 1f ab cf 29

Top of Stack: (sp=0x0000008fd98fefb0)
0x0000008fd98fefb0:   0000000000000000 000001be71aaf980
0x0000008fd98fefc0:   00007ffaec0ae1c0 00007ffb0e453ed0
0x0000008fd98fefd0:   000001be71aaf988 00007ffb523442d6
0x0000008fd98fefe0:   0000eb1f41e64eeb 000001be00000000
0x0000008fd98feff0:   000001be71aaf9a8 000001be71aaf980
0x0000008fd98ff000:   fffffffffffffffe 0000000000000000
0x0000008fd98ff010:   0000000000000001 00007ffb0e430000
0x0000008fd98ff020:   0000008fd98ff098 00007ffb523441fb
0x0000008fd98ff030:   0000000000000000 0000008fd98ff0a8
0x0000008fd98ff040:   0000008fd98ff380 00007ffb52420e40
0x0000008fd98ff050:   0000000000000001 00007ffb523441b4
0x0000008fd98ff060:   0000000000000000 0000000000000001
0x0000008fd98ff070:   00007ffa00000001 0000008fd98ff098
0x0000008fd98ff080:   0000000000000000 00007ffb0e453d5d
0x0000008fd98ff090:   00007ffb0e46a008 00007ffa00000002
0x0000008fd98ff0a0:   0000000000000002 0000008fd98ff090
0x0000008fd98ff0b0:   0000000000000000 00007ffb54c09993
0x0000008fd98ff0c0:   0000000000000000 00007ffb0e453e82
0x0000008fd98ff0d0:   0000000000000001 00007ffb512d0000
0x0000008fd98ff0e0:   0000000000000060 0000000000000001
0x0000008fd98ff0f0:   00007ffb3972ddd0 0000000000000000
0x0000008fd98ff100:   0000000000000001 00007ffb3972e260
0x0000008fd98ff110:   00007ffb0e430000 000000007ffe0384
0x0000008fd98ff120:   0000000000000000 00007ffb54c09a1d
0x0000008fd98ff130:   00007ffb0e430000 0000000000000000
0x0000008fd98ff140:   0000000000000001 000000007ffe0385
0x0000008fd98ff150:   0000000000000000 00007ffb54c4f331
0x0000008fd98ff160:   0000aae621cda500 0000000000000014
0x0000008fd98ff170:   00007ffb0e453ed0 0000000000000000
0x0000008fd98ff180:   0000000000000000 0000008fd8c71000
0x0000008fd98ff190:   000001be71b815a0 00007ffb54c4f1ca
0x0000008fd98ff1a0:   000001be71b82030 00007ffb0e430000 

Instructions: (pc=0x00007ffb0e456587)
0x00007ffb0e456487:   8b 4d 58 e8 8d cf ff ff 48 8b 4d 60 e8 84 cf ff
0x00007ffb0e456497:   ff 48 8b 95 80 00 00 00 48 8b 8d 18 01 00 00 e8
0x00007ffb0e4564a7:   76 c4 ff ff 33 d2 33 c9 e8 cc e1 ff ff 90 48 89
0x00007ffb0e4564b7:   54 24 10 55 48 83 ec 20 48 8b ea 48 b8 00 00 00
0x00007ffb0e4564c7:   00 00 00 00 00 48 83 c4 20 5d c3 cc 40 55 48 8b
0x00007ffb0e4564d7:   ea 48 8b 01 33 c9 81 38 05 00 00 c0 0f 94 c1 8b
0x00007ffb0e4564e7:   c1 5d c3 cc 40 55 48 83 ec 20 48 8b ea 8a 4d 40
0x00007ffb0e4564f7:   48 83 c4 20 5d e9 73 d3 ff ff cc 40 55 48 83 ec
0x00007ffb0e456507:   20 48 8b ea 8a 4d 20 e8 61 d3 ff ff 90 48 83 c4
0x00007ffb0e456517:   20 5d c3 cc 40 55 48 83 ec 20 48 8b ea 48 83 c4
0x00007ffb0e456527:   20 5d e9 c2 d1 ff ff cc 40 55 48 83 ec 30 48 8b
0x00007ffb0e456537:   ea 48 8b 01 8b 10 48 89 4c 24 28 89 54 24 20 4c
0x00007ffb0e456547:   8d 0d 63 d6 ff ff 4c 8b 45 70 8b 55 68 48 8b 4d
0x00007ffb0e456557:   60 e8 03 d1 ff ff 90 48 83 c4 30 5d c3 cc cc cc
0x00007ffb0e456567:   cc cc cc cc cc cc cc cc cc 40 53 48 83 ec 20 48
0x00007ffb0e456577:   8b 1d 8b 34 01 00 48 85 db 74 16 e8 89 8f ff ff
0x00007ffb0e456587:   4c 8b 00 48 8b d3 48 8b c8 41 ff 90 b0 00 00 00
0x00007ffb0e456597:   90 48 83 c4 20 5b c3 cc cc 40 53 48 83 ec 20 48
0x00007ffb0e4565a7:   8b 1d fb 35 01 00 48 85 db 74 57 b8 ff ff ff ff
0x00007ffb0e4565b7:   f0 0f c1 43 10 83 f8 01 75 3d 48 85 db 74 38 48
0x00007ffb0e4565c7:   8b 0b 48 85 c9 74 0d ff 15 d4 0c 00 00 48 c7 03
0x00007ffb0e4565d7:   00 00 00 00 48 8b 4b 08 48 85 c9 74 0d e8 33 ce
0x00007ffb0e4565e7:   ff ff 48 c7 43 08 00 00 00 00 ba 18 00 00 00 48
0x00007ffb0e4565f7:   8b cb e8 1e ce ff ff 48 c7 05 9f 35 01 00 00 00
0x00007ffb0e456607:   00 00 48 83 c4 20 5b c3 cc 40 53 48 83 ec 20 48
0x00007ffb0e456617:   8b 1d 6b 35 01 00 48 85 db 74 57 b8 ff ff ff ff
0x00007ffb0e456627:   f0 0f c1 43 10 83 f8 01 75 3d 48 85 db 74 38 48
0x00007ffb0e456637:   8b 0b 48 85 c9 74 0d ff 15 64 0c 00 00 48 c7 03
0x00007ffb0e456647:   00 00 00 00 48 8b 4b 08 48 85 c9 74 0d e8 c3 cd
0x00007ffb0e456657:   ff ff 48 c7 43 08 00 00 00 00 ba 18 00 00 00 48
0x00007ffb0e456667:   8b cb e8 ae cd ff ff 48 c7 05 0f 35 01 00 00 00
0x00007ffb0e456677:   00 00 48 83 c4 20 5b c3 cc 40 53 48 83 ec 20 48 


Stack slot to memory mapping:

stack at sp + 0 slots: 0x0 is null
stack at sp + 1 slots: 0x000001be71aaf980 points into unknown readable memory: 0x29cfab1f42199699 | 99 96 19 42 1f ab cf 29
stack at sp + 2 slots: 0x00007ffaec0ae1c0 jvm.dll
stack at sp + 3 slots: 0x00007ffb0e453ed0 glass.dll
stack at sp + 4 slots: 0x000001be71aaf988 points into unknown readable memory: 0x0000eb1f41e64eeb | eb 4e e6 41 1f eb 00 00
stack at sp + 5 slots: 0x00007ffb523442d6 ucrtbase.dll
stack at sp + 6 slots: 0x0000eb1f41e64eeb is an unknown value
stack at sp + 7 slots: 0x000001be00000000 points into unknown readable memory: 0xfff8f1e700000000 | 00 00 00 00 e7 f1 f8 ff

VM_Operation (0x0000008fda2ff060): Exit, mode: safepoint, requested by thread 0x000001be78190680


---------------  P R O C E S S  ---------------

Threads class SMR info:
_java_thread_list=0x000001be71f1f180, length=20, elements={
0x000001be0ec3d300, 0x000001be2bbf3f10, 0x000001be2bbf50d0, 0x000001be2bbfa000,
0x000001be2bbfad00, 0x000001be2bbfe020, 0x000001be2bc0c4a0, 0x000001be2bc16e30,
0x000001be710b42a0, 0x000001be711c01a0, 0x000001be714090b0, 0x000001be71a99ba0,
0x000001be71be6e90, 0x000001be71b953a0, 0x000001be71e2ce80, 0x000001be71e4a7b0,
0x000001be71ed9500, 0x000001be78190d10, 0x000001be7818ec40, 0x000001be78190680
}

Java Threads: ( => current thread )
  0x000001be0ec3d300 JavaThread "main"                              [_thread_blocked, id=18628, stack(0x0000008fd9100000,0x0000008fd9200000) (1024K)]
  0x000001be2bbf3f10 JavaThread "Reference Handler"          daemon [_thread_blocked, id=7276, stack(0x0000008fd9900000,0x0000008fd9a00000) (1024K)]
  0x000001be2bbf50d0 JavaThread "Finalizer"                  daemon [_thread_blocked, id=12020, stack(0x0000008fd9a00000,0x0000008fd9b00000) (1024K)]
  0x000001be2bbfa000 JavaThread "Attach Listener"            daemon [_thread_blocked, id=15304, stack(0x0000008fd9c00000,0x0000008fd9d00000) (1024K)]
  0x000001be2bbfad00 JavaThread "Service Thread"             daemon [_thread_blocked, id=17888, stack(0x0000008fd9d00000,0x0000008fd9e00000) (1024K)]
  0x000001be2bbfe020 JavaThread "Monitor Deflation Thread"   daemon [_thread_blocked, id=19564, stack(0x0000008fd9e00000,0x0000008fd9f00000) (1024K)]
  0x000001be2bc0c4a0 JavaThread "C2 CompilerThread0"         daemon [_thread_blocked, id=14420, stack(0x0000008fd9f00000,0x0000008fda000000) (1024K)]
  0x000001be2bc16e30 JavaThread "C1 CompilerThread0"         daemon [_thread_blocked, id=3452, stack(0x0000008fda000000,0x0000008fda100000) (1024K)]
  0x000001be710b42a0 JavaThread "Common-Cleaner"             daemon [_thread_blocked, id=15204, stack(0x0000008fda100000,0x0000008fda200000) (1024K)]
  0x000001be711c01a0 JavaThread "Monitor Ctrl-Break"         daemon [_thread_in_native, id=22216, stack(0x0000008fda400000,0x0000008fda500000) (1024K)]
  0x000001be714090b0 JavaThread "Notification Thread"        daemon [_thread_blocked, id=8100, stack(0x0000008fda500000,0x0000008fda600000) (1024K)]
  0x000001be71a99ba0 JavaThread "QuantumRenderer-0"          daemon [_thread_blocked, id=18668, stack(0x0000008fda600000,0x0000008fda700000) (1024K)]
  0x000001be71be6e90 JavaThread "InvokeLaterDispatcher"      daemon [_thread_blocked, id=19340, stack(0x0000008fda700000,0x0000008fda800000) (1024K)]
  0x000001be71b953a0 JavaThread "JavaFX Application Thread"         [_thread_in_native, id=6760, stack(0x0000008fda800000,0x0000008fda900000) (1024K)]
  0x000001be71e2ce80 JavaThread "Thread-1"                   daemon [_thread_in_native, id=19356, stack(0x0000008fdb100000,0x0000008fdb200000) (1024K)]
  0x000001be71e4a7b0 JavaThread "JavaFX-Launcher"                   [_thread_blocked, id=16392, stack(0x0000008fdb200000,0x0000008fdb300000) (1024K)]
  0x000001be71ed9500 JavaThread "mysql-cj-abandoned-connection-cleanup" daemon [_thread_blocked, id=5684, stack(0x0000008fdb300000,0x0000008fdb400000) (1024K)]
  0x000001be78190d10 JavaThread "Prism Font Disposer"        daemon [_thread_blocked, id=3492, stack(0x0000008fdb800000,0x0000008fdb900000) (1024K)]
  0x000001be7818ec40 JavaThread "Cleaner-0"                  daemon [_thread_blocked, id=1972, stack(0x0000008fdbe00000,0x0000008fdbf00000) (1024K)]
  0x000001be78190680 JavaThread "SIGINT handler"             daemon [_thread_blocked, id=22248, stack(0x0000008fda200000,0x0000008fda300000) (1024K)]
Total: 20

Other Threads:
=>0x000001be2bbd4390 VMThread "VM Thread"                           [id=9644, stack(0x0000008fd9800000,0x0000008fd9900000) (1024K)]
  0x000001be0ec92a60 WorkerThread "GC Thread#0"                     [id=15456, stack(0x0000008fd9200000,0x0000008fd9300000) (1024K)]
  0x000001be71dbc120 WorkerThread "GC Thread#1"                     [id=14220, stack(0x0000008fdac00000,0x0000008fdad00000) (1024K)]
  0x000001be71da2a80 WorkerThread "GC Thread#2"                     [id=1792, stack(0x0000008fdad00000,0x0000008fdae00000) (1024K)]
  0x000001be71e70910 WorkerThread "GC Thread#3"                     [id=18584, stack(0x0000008fdae00000,0x0000008fdaf00000) (1024K)]
  0x000001be71da0360 WorkerThread "GC Thread#4"                     [id=17816, stack(0x0000008fdaf00000,0x0000008fdb000000) (1024K)]
  0x000001be71da0700 WorkerThread "GC Thread#5"                     [id=17324, stack(0x0000008fdb000000,0x0000008fdb100000) (1024K)]
  0x000001be7280d8e0 WorkerThread "GC Thread#6"                     [id=16044, stack(0x0000008fdb400000,0x0000008fdb500000) (1024K)]
  0x000001be72879ba0 WorkerThread "GC Thread#7"                     [id=10404, stack(0x0000008fdb500000,0x0000008fdb600000) (1024K)]
  0x000001be72628d20 WorkerThread "GC Thread#8"                     [id=4852, stack(0x0000008fdb600000,0x0000008fdb700000) (1024K)]
  0x000001be72303b50 WorkerThread "GC Thread#9"                     [id=18712, stack(0x0000008fdb700000,0x0000008fdb800000) (1024K)]
  0x000001be0eca5550 ConcurrentGCThread "G1 Main Marker"            terminated
  0x000001be0eca6050 WorkerThread "G1 Conc#0"                       [id=17780, stack(0x0000008fd9400000,0x0000008fd9500000) (1024K)]
  0x000001be723049d0 WorkerThread "G1 Conc#1"                       [id=15260, stack(0x0000008fdbc00000,0x0000008fdbd00000) (1024K)]
  0x000001be72303ef0 WorkerThread "G1 Conc#2"                       [id=13176, stack(0x0000008fdbd00000,0x0000008fdbe00000) (1024K)]
  0x000001be0ed0e8f0 ConcurrentGCThread "G1 Refine#0"               terminated
  0x000001be2ba90730 ConcurrentGCThread "G1 Service"                terminated
Total: 17

Threads with active compile tasks:
Total: 0

VM state: at safepoint (shutting down)

VM Mutex/Monitor currently owned by a thread:  ([mutex/lock_event])
[0x00007ffaec0862a8] Threads_lock - owner thread: 0x000001be2bbd4390
[0x00007ffaec0863a8] Heap_lock - owner thread: 0x000001be78190680

Heap address: 0x0000000083600000, size: 1994 MB, Compressed Oops mode: 32-bit

CDS archive(s) mapped at: [0x000001be2c000000-0x000001be2cc90000-0x000001be2cc90000), size 13172736, SharedBaseAddress: 0x000001be2c000000, ArchiveRelocationMode: 1.
Compressed class space mapped at: 0x000001be2d000000-0x000001be6d000000, reserved size: 1073741824
Narrow klass base: 0x000001be2c000000, Narrow klass shift: 0, Narrow klass range: 0x100000000

GC Precious Log:
 CardTable entry size: 512
 Card Set container configuration: InlinePtr #cards 5 size 8 Array Of Cards #cards 12 size 40 Howl #buckets 4 coarsen threshold 1843 Howl Bitmap #cards 512 size 80 coarsen threshold 460 Card regions per heap region 1 cards per card region 2048
 CPUs: 12 total, 12 available
 Memory: 7971M
 Large Page Support: Disabled
 NUMA Support: Disabled
 Compressed Oops: Enabled (32-bit)
 Heap Region Size: 1M
 Heap Min Capacity: 8M
 Heap Initial Capacity: 126M
 Heap Max Capacity: 1994M
 Pre-touch: Disabled
 Parallel Workers: 10
 Concurrent Workers: 3
 Concurrent Refinement Workers: 10
 Periodic GC: Disabled

Heap:
 garbage-first heap   total 232448K, used 141878K [0x0000000083600000, 0x0000000100000000)
  region size 1024K, 5 young (5120K), 1 survivors (1024K)
 Metaspace       used 28423K, committed 28736K, reserved 1114112K
  class space    used 3891K, committed 4032K, reserved 1048576K

Heap Regions: E=young(eden), S=young(survivor), O=old, HS=humongous(starts), HC=humongous(continues), CS=collection set, F=free, TAMS=top-at-mark-start, PB=parsable bottom
|   0|0x0000000083600000, 0x0000000083700000, 0x0000000083700000|100%| O|  |TAMS 0x0000000083600000| PB 0x0000000083600000| Untracked 
|   1|0x0000000083700000, 0x0000000083800000, 0x0000000083800000|100%| O|  |TAMS 0x0000000083700000| PB 0x0000000083700000| Untracked 
|   2|0x0000000083800000, 0x0000000083900000, 0x0000000083900000|100%| O|  |TAMS 0x0000000083800000| PB 0x0000000083800000| Untracked 
|   3|0x0000000083900000, 0x0000000083a00000, 0x0000000083a00000|100%|HS|  |TAMS 0x0000000083900000| PB 0x0000000083900000| Complete 
|   4|0x0000000083a00000, 0x0000000083b00000, 0x0000000083b00000|100%|HC|  |TAMS 0x0000000083a00000| PB 0x0000000083a00000| Complete 
|   5|0x0000000083b00000, 0x0000000083c00000, 0x0000000083c00000|100%|HS|  |TAMS 0x0000000083b00000| PB 0x0000000083b00000| Complete 
|   6|0x0000000083c00000, 0x0000000083d00000, 0x0000000083d00000|100%|HC|  |TAMS 0x0000000083c00000| PB 0x0000000083c00000| Complete 
|   7|0x0000000083d00000, 0x0000000083e00000, 0x0000000083e00000|100%|HS|  |TAMS 0x0000000083d00000| PB 0x0000000083d00000| Complete 
|   8|0x0000000083e00000, 0x0000000083f00000, 0x0000000083f00000|100%|HC|  |TAMS 0x0000000083e00000| PB 0x0000000083e00000| Complete 
|   9|0x0000000083f00000, 0x0000000084000000, 0x0000000084000000|100%|HS|  |TAMS 0x0000000083f00000| PB 0x0000000083f00000| Complete 
|  10|0x0000000084000000, 0x0000000084100000, 0x0000000084100000|100%|HC|  |TAMS 0x0000000084000000| PB 0x0000000084000000| Complete 
|  11|0x0000000084100000, 0x0000000084200000, 0x0000000084200000|100%|HS|  |TAMS 0x0000000084100000| PB 0x0000000084100000| Complete 
|  12|0x0000000084200000, 0x0000000084300000, 0x0000000084300000|100%|HC|  |TAMS 0x0000000084200000| PB 0x0000000084200000| Complete 
|  13|0x0000000084300000, 0x0000000084400000, 0x0000000084400000|100%|HS|  |TAMS 0x0000000084300000| PB 0x0000000084300000| Complete 
|  14|0x0000000084400000, 0x0000000084500000, 0x0000000084500000|100%|HC|  |TAMS 0x0000000084400000| PB 0x0000000084400000| Complete 
|  15|0x0000000084500000, 0x0000000084600000, 0x0000000084600000|100%| O|  |TAMS 0x0000000084500000| PB 0x0000000084500000| Untracked 
|  16|0x0000000084600000, 0x0000000084700000, 0x0000000084700000|100%| O|  |TAMS 0x0000000084600000| PB 0x0000000084600000| Untracked 
|  17|0x0000000084700000, 0x0000000084800000, 0x0000000084800000|100%|HS|  |TAMS 0x0000000084700000| PB 0x0000000084700000| Complete 
|  18|0x0000000084800000, 0x0000000084900000, 0x0000000084900000|100%|HS|  |TAMS 0x0000000084800000| PB 0x0000000084800000| Complete 
|  19|0x0000000084900000, 0x0000000084a00000, 0x0000000084a00000|100%|HS|  |TAMS 0x0000000084900000| PB 0x0000000084900000| Complete 
|  20|0x0000000084a00000, 0x0000000084b00000, 0x0000000084b00000|100%|HC|  |TAMS 0x0000000084a00000| PB 0x0000000084a00000| Complete 
|  21|0x0000000084b00000, 0x0000000084c00000, 0x0000000084c00000|100%|HS|  |TAMS 0x0000000084b00000| PB 0x0000000084b00000| Complete 
|  22|0x0000000084c00000, 0x0000000084d00000, 0x0000000084d00000|100%|HC|  |TAMS 0x0000000084c00000| PB 0x0000000084c00000| Complete 
|  23|0x0000000084d00000, 0x0000000084e00000, 0x0000000084e00000|100%|HS|  |TAMS 0x0000000084d00000| PB 0x0000000084d00000| Complete 
|  24|0x0000000084e00000, 0x0000000084f00000, 0x0000000084f00000|100%|HC|  |TAMS 0x0000000084e00000| PB 0x0000000084e00000| Complete 
|  25|0x0000000084f00000, 0x0000000085000000, 0x0000000085000000|100%|HS|  |TAMS 0x0000000084f00000| PB 0x0000000084f00000| Complete 
|  26|0x0000000085000000, 0x0000000085100000, 0x0000000085100000|100%|HC|  |TAMS 0x0000000085000000| PB 0x0000000085000000| Complete 
|  27|0x0000000085100000, 0x0000000085200000, 0x0000000085200000|100%|HS|  |TAMS 0x0000000085100000| PB 0x0000000085100000| Complete 
|  28|0x0000000085200000, 0x0000000085300000, 0x0000000085300000|100%|HC|  |TAMS 0x0000000085200000| PB 0x0000000085200000| Complete 
|  29|0x0000000085300000, 0x0000000085400000, 0x0000000085400000|100%|HS|  |TAMS 0x0000000085300000| PB 0x0000000085300000| Complete 
|  30|0x0000000085400000, 0x0000000085500000, 0x0000000085500000|100%|HC|  |TAMS 0x0000000085400000| PB 0x0000000085400000| Complete 
|  31|0x0000000085500000, 0x0000000085600000, 0x0000000085600000|100%|HS|  |TAMS 0x0000000085500000| PB 0x0000000085500000| Complete 
|  32|0x0000000085600000, 0x0000000085700000, 0x0000000085700000|100%|HC|  |TAMS 0x0000000085600000| PB 0x0000000085600000| Complete 
|  33|0x0000000085700000, 0x0000000085800000, 0x0000000085800000|100%|HS|  |TAMS 0x0000000085700000| PB 0x0000000085700000| Complete 
|  34|0x0000000085800000, 0x0000000085900000, 0x0000000085900000|100%|HC|  |TAMS 0x0000000085800000| PB 0x0000000085800000| Complete 
|  35|0x0000000085900000, 0x0000000085a00000, 0x0000000085a00000|100%|HS|  |TAMS 0x0000000085900000| PB 0x0000000085900000| Complete 
|  36|0x0000000085a00000, 0x0000000085b00000, 0x0000000085b00000|100%|HC|  |TAMS 0x0000000085a00000| PB 0x0000000085a00000| Complete 
|  37|0x0000000085b00000, 0x0000000085c00000, 0x0000000085c00000|100%|HS|  |TAMS 0x0000000085b00000| PB 0x0000000085b00000| Complete 
|  38|0x0000000085c00000, 0x0000000085d00000, 0x0000000085d00000|100%|HC|  |TAMS 0x0000000085c00000| PB 0x0000000085c00000| Complete 
|  39|0x0000000085d00000, 0x0000000085e00000, 0x0000000085e00000|100%|HS|  |TAMS 0x0000000085d00000| PB 0x0000000085d00000| Complete 
|  40|0x0000000085e00000, 0x0000000085f00000, 0x0000000085f00000|100%|HC|  |TAMS 0x0000000085e00000| PB 0x0000000085e00000| Complete 
|  41|0x0000000085f00000, 0x0000000086000000, 0x0000000086000000|100%|HS|  |TAMS 0x0000000085f00000| PB 0x0000000085f00000| Complete 
|  42|0x0000000086000000, 0x0000000086100000, 0x0000000086100000|100%|HC|  |TAMS 0x0000000086000000| PB 0x0000000086000000| Complete 
|  43|0x0000000086100000, 0x0000000086200000, 0x0000000086200000|100%|HC|  |TAMS 0x0000000086100000| PB 0x0000000086100000| Complete 
|  44|0x0000000086200000, 0x0000000086300000, 0x0000000086300000|100%|HC|  |TAMS 0x0000000086200000| PB 0x0000000086200000| Complete 
|  45|0x0000000086300000, 0x0000000086400000, 0x0000000086400000|100%|HC|  |TAMS 0x0000000086300000| PB 0x0000000086300000| Complete 
|  46|0x0000000086400000, 0x0000000086500000, 0x0000000086500000|100%|HC|  |TAMS 0x0000000086400000| PB 0x0000000086400000| Complete 
|  47|0x0000000086500000, 0x0000000086600000, 0x0000000086600000|100%|HC|  |TAMS 0x0000000086500000| PB 0x0000000086500000| Complete 
|  48|0x0000000086600000, 0x0000000086700000, 0x0000000086700000|100%|HC|  |TAMS 0x0000000086600000| PB 0x0000000086600000| Complete 
|  49|0x0000000086700000, 0x0000000086800000, 0x0000000086800000|100%|HS|  |TAMS 0x0000000086700000| PB 0x0000000086700000| Complete 
|  50|0x0000000086800000, 0x0000000086900000, 0x0000000086900000|100%|HC|  |TAMS 0x0000000086800000| PB 0x0000000086800000| Complete 
|  51|0x0000000086900000, 0x0000000086a00000, 0x0000000086a00000|100%|HS|  |TAMS 0x0000000086900000| PB 0x0000000086900000| Complete 
|  52|0x0000000086a00000, 0x0000000086b00000, 0x0000000086b00000|100%|HC|  |TAMS 0x0000000086a00000| PB 0x0000000086a00000| Complete 
|  53|0x0000000086b00000, 0x0000000086c00000, 0x0000000086c00000|100%|HS|  |TAMS 0x0000000086b00000| PB 0x0000000086b00000| Complete 
|  54|0x0000000086c00000, 0x0000000086d00000, 0x0000000086d00000|100%| O|  |TAMS 0x0000000086c00000| PB 0x0000000086c00000| Untracked 
|  55|0x0000000086d00000, 0x0000000086e00000, 0x0000000086e00000|100%| O|  |TAMS 0x0000000086d00000| PB 0x0000000086d00000| Untracked 
|  56|0x0000000086e00000, 0x0000000086eca8a0, 0x0000000086f00000| 79%| O|  |TAMS 0x0000000086e00000| PB 0x0000000086e00000| Untracked 
|  57|0x0000000086f00000, 0x0000000087000000, 0x0000000087000000|100%|HS|  |TAMS 0x0000000086f00000| PB 0x0000000086f00000| Complete 
|  58|0x0000000087000000, 0x0000000087100000, 0x0000000087100000|100%|HS|  |TAMS 0x0000000087000000| PB 0x0000000087000000| Complete 
|  59|0x0000000087100000, 0x0000000087200000, 0x0000000087200000|100%|HC|  |TAMS 0x0000000087100000| PB 0x0000000087100000| Complete 
|  60|0x0000000087200000, 0x0000000087300000, 0x0000000087300000|100%|HC|  |TAMS 0x0000000087200000| PB 0x0000000087200000| Complete 
|  61|0x0000000087300000, 0x0000000087400000, 0x0000000087400000|100%|HC|  |TAMS 0x0000000087300000| PB 0x0000000087300000| Complete 
|  62|0x0000000087400000, 0x0000000087500000, 0x0000000087500000|100%|HC|  |TAMS 0x0000000087400000| PB 0x0000000087400000| Complete 
|  63|0x0000000087500000, 0x0000000087600000, 0x0000000087600000|100%|HC|  |TAMS 0x0000000087500000| PB 0x0000000087500000| Complete 
|  64|0x0000000087600000, 0x0000000087700000, 0x0000000087700000|100%|HC|  |TAMS 0x0000000087600000| PB 0x0000000087600000| Complete 
|  65|0x0000000087700000, 0x0000000087800000, 0x0000000087800000|100%|HC|  |TAMS 0x0000000087700000| PB 0x0000000087700000| Complete 
|  66|0x0000000087800000, 0x0000000087800000, 0x0000000087900000|  0%| F|  |TAMS 0x0000000087800000| PB 0x0000000087800000| Untracked 
|  67|0x0000000087900000, 0x0000000087900000, 0x0000000087a00000|  0%| F|  |TAMS 0x0000000087900000| PB 0x0000000087900000| Untracked 
|  68|0x0000000087a00000, 0x0000000087b00000, 0x0000000087b00000|100%|HS|  |TAMS 0x0000000087a00000| PB 0x0000000087a00000| Complete 
|  69|0x0000000087b00000, 0x0000000087c00000, 0x0000000087c00000|100%|HC|  |TAMS 0x0000000087b00000| PB 0x0000000087b00000| Complete 
|  70|0x0000000087c00000, 0x0000000087d00000, 0x0000000087d00000|100%|HC|  |TAMS 0x0000000087c00000| PB 0x0000000087c00000| Complete 
|  71|0x0000000087d00000, 0x0000000087e00000, 0x0000000087e00000|100%|HC|  |TAMS 0x0000000087d00000| PB 0x0000000087d00000| Complete 
|  72|0x0000000087e00000, 0x0000000087f00000, 0x0000000087f00000|100%|HC|  |TAMS 0x0000000087e00000| PB 0x0000000087e00000| Complete 
|  73|0x0000000087f00000, 0x0000000088000000, 0x0000000088000000|100%|HC|  |TAMS 0x0000000087f00000| PB 0x0000000087f00000| Complete 
|  74|0x0000000088000000, 0x0000000088100000, 0x0000000088100000|100%|HC|  |TAMS 0x0000000088000000| PB 0x0000000088000000| Complete 
|  75|0x0000000088100000, 0x0000000088200000, 0x0000000088200000|100%|HC|  |TAMS 0x0000000088100000| PB 0x0000000088100000| Complete 
|  76|0x0000000088200000, 0x0000000088300000, 0x0000000088300000|100%|HC|  |TAMS 0x0000000088200000| PB 0x0000000088200000| Complete 
|  77|0x0000000088300000, 0x0000000088400000, 0x0000000088400000|100%|HC|  |TAMS 0x0000000088300000| PB 0x0000000088300000| Complete 
|  78|0x0000000088400000, 0x0000000088500000, 0x0000000088500000|100%|HC|  |TAMS 0x0000000088400000| PB 0x0000000088400000| Complete 
|  79|0x0000000088500000, 0x0000000088600000, 0x0000000088600000|100%|HS|  |TAMS 0x0000000088500000| PB 0x0000000088500000| Complete 
|  80|0x0000000088600000, 0x0000000088700000, 0x0000000088700000|100%|HC|  |TAMS 0x0000000088600000| PB 0x0000000088600000| Complete 
|  81|0x0000000088700000, 0x0000000088800000, 0x0000000088800000|100%|HC|  |TAMS 0x0000000088700000| PB 0x0000000088700000| Complete 
|  82|0x0000000088800000, 0x0000000088900000, 0x0000000088900000|100%|HC|  |TAMS 0x0000000088800000| PB 0x0000000088800000| Complete 
|  83|0x0000000088900000, 0x0000000088a00000, 0x0000000088a00000|100%|HC|  |TAMS 0x0000000088900000| PB 0x0000000088900000| Complete 
|  84|0x0000000088a00000, 0x0000000088b00000, 0x0000000088b00000|100%|HC|  |TAMS 0x0000000088a00000| PB 0x0000000088a00000| Complete 
|  85|0x0000000088b00000, 0x0000000088c00000, 0x0000000088c00000|100%|HC|  |TAMS 0x0000000088b00000| PB 0x0000000088b00000| Complete 
|  86|0x0000000088c00000, 0x0000000088d00000, 0x0000000088d00000|100%|HC|  |TAMS 0x0000000088c00000| PB 0x0000000088c00000| Complete 
|  87|0x0000000088d00000, 0x0000000088e00000, 0x0000000088e00000|100%|HC|  |TAMS 0x0000000088d00000| PB 0x0000000088d00000| Complete 
|  88|0x0000000088e00000, 0x0000000088f00000, 0x0000000088f00000|100%|HC|  |TAMS 0x0000000088e00000| PB 0x0000000088e00000| Complete 
|  89|0x0000000088f00000, 0x0000000089000000, 0x0000000089000000|100%|HC|  |TAMS 0x0000000088f00000| PB 0x0000000088f00000| Complete 
|  90|0x0000000089000000, 0x0000000089100000, 0x0000000089100000|100%|HS|  |TAMS 0x0000000089000000| PB 0x0000000089000000| Complete 
|  91|0x0000000089100000, 0x0000000089200000, 0x0000000089200000|100%|HC|  |TAMS 0x0000000089100000| PB 0x0000000089100000| Complete 
|  92|0x0000000089200000, 0x0000000089300000, 0x0000000089300000|100%|HS|  |TAMS 0x0000000089200000| PB 0x0000000089200000| Complete 
|  93|0x0000000089300000, 0x0000000089400000, 0x0000000089400000|100%|HC|  |TAMS 0x0000000089300000| PB 0x0000000089300000| Complete 
|  94|0x0000000089400000, 0x0000000089400000, 0x0000000089500000|  0%| F|  |TAMS 0x0000000089400000| PB 0x0000000089400000| Untracked 
|  95|0x0000000089500000, 0x0000000089500000, 0x0000000089600000|  0%| F|  |TAMS 0x0000000089500000| PB 0x0000000089500000| Untracked 
|  96|0x0000000089600000, 0x0000000089600000, 0x0000000089700000|  0%| F|  |TAMS 0x0000000089600000| PB 0x0000000089600000| Untracked 
|  97|0x0000000089700000, 0x0000000089700000, 0x0000000089800000|  0%| F|  |TAMS 0x0000000089700000| PB 0x0000000089700000| Untracked 
|  98|0x0000000089800000, 0x0000000089800000, 0x0000000089900000|  0%| F|  |TAMS 0x0000000089800000| PB 0x0000000089800000| Untracked 
|  99|0x0000000089900000, 0x0000000089900000, 0x0000000089a00000|  0%| F|  |TAMS 0x0000000089900000| PB 0x0000000089900000| Untracked 
| 100|0x0000000089a00000, 0x0000000089a00000, 0x0000000089b00000|  0%| F|  |TAMS 0x0000000089a00000| PB 0x0000000089a00000| Untracked 
| 101|0x0000000089b00000, 0x0000000089b00000, 0x0000000089c00000|  0%| F|  |TAMS 0x0000000089b00000| PB 0x0000000089b00000| Untracked 
| 102|0x0000000089c00000, 0x0000000089c00000, 0x0000000089d00000|  0%| F|  |TAMS 0x0000000089c00000| PB 0x0000000089c00000| Untracked 
| 103|0x0000000089d00000, 0x0000000089e00000, 0x0000000089e00000|100%|HS|  |TAMS 0x0000000089d00000| PB 0x0000000089d00000| Complete 
| 104|0x0000000089e00000, 0x0000000089f00000, 0x0000000089f00000|100%|HC|  |TAMS 0x0000000089e00000| PB 0x0000000089e00000| Complete 
| 105|0x0000000089f00000, 0x000000008a000000, 0x000000008a000000|100%|HS|  |TAMS 0x0000000089f00000| PB 0x0000000089f00000| Complete 
| 106|0x000000008a000000, 0x000000008a100000, 0x000000008a100000|100%|HC|  |TAMS 0x000000008a000000| PB 0x000000008a000000| Complete 
| 107|0x000000008a100000, 0x000000008a200000, 0x000000008a200000|100%|HS|  |TAMS 0x000000008a100000| PB 0x000000008a100000| Complete 
| 108|0x000000008a200000, 0x000000008a300000, 0x000000008a300000|100%|HC|  |TAMS 0x000000008a200000| PB 0x000000008a200000| Complete 
| 109|0x000000008a300000, 0x000000008a400000, 0x000000008a400000|100%|HS|  |TAMS 0x000000008a300000| PB 0x000000008a300000| Complete 
| 110|0x000000008a400000, 0x000000008a500000, 0x000000008a500000|100%|HC|  |TAMS 0x000000008a400000| PB 0x000000008a400000| Complete 
| 111|0x000000008a500000, 0x000000008a500000, 0x000000008a600000|  0%| F|  |TAMS 0x000000008a500000| PB 0x000000008a500000| Untracked 
| 112|0x000000008a600000, 0x000000008a600000, 0x000000008a700000|  0%| F|  |TAMS 0x000000008a600000| PB 0x000000008a600000| Untracked 
| 113|0x000000008a700000, 0x000000008a700000, 0x000000008a800000|  0%| F|  |TAMS 0x000000008a700000| PB 0x000000008a700000| Untracked 
| 114|0x000000008a800000, 0x000000008a800000, 0x000000008a900000|  0%| F|  |TAMS 0x000000008a800000| PB 0x000000008a800000| Untracked 
| 115|0x000000008a900000, 0x000000008a900000, 0x000000008aa00000|  0%| F|  |TAMS 0x000000008a900000| PB 0x000000008a900000| Untracked 
| 116|0x000000008aa00000, 0x000000008aa00000, 0x000000008ab00000|  0%| F|  |TAMS 0x000000008aa00000| PB 0x000000008aa00000| Untracked 
| 117|0x000000008ab00000, 0x000000008ab00000, 0x000000008ac00000|  0%| F|  |TAMS 0x000000008ab00000| PB 0x000000008ab00000| Untracked 
| 118|0x000000008ac00000, 0x000000008ac00000, 0x000000008ad00000|  0%| F|  |TAMS 0x000000008ac00000| PB 0x000000008ac00000| Untracked 
| 119|0x000000008ad00000, 0x000000008ad00000, 0x000000008ae00000|  0%| F|  |TAMS 0x000000008ad00000| PB 0x000000008ad00000| Untracked 
| 120|0x000000008ae00000, 0x000000008ae00000, 0x000000008af00000|  0%| F|  |TAMS 0x000000008ae00000| PB 0x000000008ae00000| Untracked 
| 121|0x000000008af00000, 0x000000008af00000, 0x000000008b000000|  0%| F|  |TAMS 0x000000008af00000| PB 0x000000008af00000| Untracked 
| 122|0x000000008b000000, 0x000000008b000000, 0x000000008b100000|  0%| F|  |TAMS 0x000000008b000000| PB 0x000000008b000000| Untracked 
| 123|0x000000008b100000, 0x000000008b100000, 0x000000008b200000|  0%| F|  |TAMS 0x000000008b100000| PB 0x000000008b100000| Untracked 
| 124|0x000000008b200000, 0x000000008b200000, 0x000000008b300000|  0%| F|  |TAMS 0x000000008b200000| PB 0x000000008b200000| Untracked 
| 125|0x000000008b300000, 0x000000008b300000, 0x000000008b400000|  0%| F|  |TAMS 0x000000008b300000| PB 0x000000008b300000| Untracked 
| 126|0x000000008b400000, 0x000000008b400000, 0x000000008b500000|  0%| F|  |TAMS 0x000000008b400000| PB 0x000000008b400000| Untracked 
| 127|0x000000008b500000, 0x000000008b500000, 0x000000008b600000|  0%| F|  |TAMS 0x000000008b500000| PB 0x000000008b500000| Untracked 
| 128|0x000000008b600000, 0x000000008b600000, 0x000000008b700000|  0%| F|  |TAMS 0x000000008b600000| PB 0x000000008b600000| Untracked 
| 129|0x000000008b700000, 0x000000008b700000, 0x000000008b800000|  0%| F|  |TAMS 0x000000008b700000| PB 0x000000008b700000| Untracked 
| 130|0x000000008b800000, 0x000000008b800000, 0x000000008b900000|  0%| F|  |TAMS 0x000000008b800000| PB 0x000000008b800000| Untracked 
| 131|0x000000008b900000, 0x000000008b900000, 0x000000008ba00000|  0%| F|  |TAMS 0x000000008b900000| PB 0x000000008b900000| Untracked 
| 132|0x000000008ba00000, 0x000000008ba00000, 0x000000008bb00000|  0%| F|  |TAMS 0x000000008ba00000| PB 0x000000008ba00000| Untracked 
| 133|0x000000008bb00000, 0x000000008bb00000, 0x000000008bc00000|  0%| F|  |TAMS 0x000000008bb00000| PB 0x000000008bb00000| Untracked 
| 134|0x000000008bc00000, 0x000000008bc00000, 0x000000008bd00000|  0%| F|  |TAMS 0x000000008bc00000| PB 0x000000008bc00000| Untracked 
| 135|0x000000008bd00000, 0x000000008bd00000, 0x000000008be00000|  0%| F|  |TAMS 0x000000008bd00000| PB 0x000000008bd00000| Untracked 
| 136|0x000000008be00000, 0x000000008bf00000, 0x000000008bf00000|100%|HS|  |TAMS 0x000000008be00000| PB 0x000000008be00000| Complete 
| 137|0x000000008bf00000, 0x000000008c000000, 0x000000008c000000|100%|HC|  |TAMS 0x000000008bf00000| PB 0x000000008bf00000| Complete 
| 138|0x000000008c000000, 0x000000008c100000, 0x000000008c100000|100%|HC|  |TAMS 0x000000008c000000| PB 0x000000008c000000| Complete 
| 139|0x000000008c100000, 0x000000008c200000, 0x000000008c200000|100%|HC|  |TAMS 0x000000008c100000| PB 0x000000008c100000| Complete 
| 140|0x000000008c200000, 0x000000008c300000, 0x000000008c300000|100%|HC|  |TAMS 0x000000008c200000| PB 0x000000008c200000| Complete 
| 141|0x000000008c300000, 0x000000008c400000, 0x000000008c400000|100%|HC|  |TAMS 0x000000008c300000| PB 0x000000008c300000| Complete 
| 142|0x000000008c400000, 0x000000008c500000, 0x000000008c500000|100%|HC|  |TAMS 0x000000008c400000| PB 0x000000008c400000| Complete 
| 143|0x000000008c500000, 0x000000008c600000, 0x000000008c600000|100%|HC|  |TAMS 0x000000008c500000| PB 0x000000008c500000| Complete 
| 144|0x000000008c600000, 0x000000008c700000, 0x000000008c700000|100%|HC|  |TAMS 0x000000008c600000| PB 0x000000008c600000| Complete 
| 145|0x000000008c700000, 0x000000008c800000, 0x000000008c800000|100%|HC|  |TAMS 0x000000008c700000| PB 0x000000008c700000| Complete 
| 146|0x000000008c800000, 0x000000008c900000, 0x000000008c900000|100%|HC|  |TAMS 0x000000008c800000| PB 0x000000008c800000| Complete 
| 147|0x000000008c900000, 0x000000008c900000, 0x000000008ca00000|  0%| F|  |TAMS 0x000000008c900000| PB 0x000000008c900000| Untracked 
| 148|0x000000008ca00000, 0x000000008ca00000, 0x000000008cb00000|  0%| F|  |TAMS 0x000000008ca00000| PB 0x000000008ca00000| Untracked 
| 149|0x000000008cb00000, 0x000000008cb00000, 0x000000008cc00000|  0%| F|  |TAMS 0x000000008cb00000| PB 0x000000008cb00000| Untracked 
| 150|0x000000008cc00000, 0x000000008cc00000, 0x000000008cd00000|  0%| F|  |TAMS 0x000000008cc00000| PB 0x000000008cc00000| Untracked 
| 151|0x000000008cd00000, 0x000000008cd00000, 0x000000008ce00000|  0%| F|  |TAMS 0x000000008cd00000| PB 0x000000008cd00000| Untracked 
| 152|0x000000008ce00000, 0x000000008cec30b0, 0x000000008cf00000| 76%| S|CS|TAMS 0x000000008ce00000| PB 0x000000008ce00000| Complete 
| 153|0x000000008cf00000, 0x000000008cf00000, 0x000000008d000000|  0%| F|  |TAMS 0x000000008cf00000| PB 0x000000008cf00000| Untracked 
| 154|0x000000008d000000, 0x000000008d000000, 0x000000008d100000|  0%| F|  |TAMS 0x000000008d000000| PB 0x000000008d000000| Untracked 
| 155|0x000000008d100000, 0x000000008d100000, 0x000000008d200000|  0%| F|  |TAMS 0x000000008d100000| PB 0x000000008d100000| Untracked 
| 156|0x000000008d200000, 0x000000008d300000, 0x000000008d300000|100%| E|CS|TAMS 0x000000008d200000| PB 0x000000008d200000| Complete 
| 157|0x000000008d300000, 0x000000008d400000, 0x000000008d400000|100%|HS|  |TAMS 0x000000008d300000| PB 0x000000008d300000| Complete 
| 158|0x000000008d400000, 0x000000008d500000, 0x000000008d500000|100%|HC|  |TAMS 0x000000008d400000| PB 0x000000008d400000| Complete 
| 159|0x000000008d500000, 0x000000008d600000, 0x000000008d600000|100%|HC|  |TAMS 0x000000008d500000| PB 0x000000008d500000| Complete 
| 160|0x000000008d600000, 0x000000008d700000, 0x000000008d700000|100%|HC|  |TAMS 0x000000008d600000| PB 0x000000008d600000| Complete 
| 161|0x000000008d700000, 0x000000008d800000, 0x000000008d800000|100%|HC|  |TAMS 0x000000008d700000| PB 0x000000008d700000| Complete 
| 162|0x000000008d800000, 0x000000008d900000, 0x000000008d900000|100%|HC|  |TAMS 0x000000008d800000| PB 0x000000008d800000| Complete 
| 163|0x000000008d900000, 0x000000008da00000, 0x000000008da00000|100%|HC|  |TAMS 0x000000008d900000| PB 0x000000008d900000| Complete 
| 164|0x000000008da00000, 0x000000008db00000, 0x000000008db00000|100%|HC|  |TAMS 0x000000008da00000| PB 0x000000008da00000| Complete 
| 165|0x000000008db00000, 0x000000008dc00000, 0x000000008dc00000|100%|HC|  |TAMS 0x000000008db00000| PB 0x000000008db00000| Complete 
| 166|0x000000008dc00000, 0x000000008dd00000, 0x000000008dd00000|100%|HC|  |TAMS 0x000000008dc00000| PB 0x000000008dc00000| Complete 
| 167|0x000000008dd00000, 0x000000008de00000, 0x000000008de00000|100%|HC|  |TAMS 0x000000008dd00000| PB 0x000000008dd00000| Complete 
| 168|0x000000008de00000, 0x000000008de00000, 0x000000008df00000|  0%| F|  |TAMS 0x000000008de00000| PB 0x000000008de00000| Untracked 
| 169|0x000000008df00000, 0x000000008df00000, 0x000000008e000000|  0%| F|  |TAMS 0x000000008df00000| PB 0x000000008df00000| Untracked 
| 170|0x000000008e000000, 0x000000008e000000, 0x000000008e100000|  0%| F|  |TAMS 0x000000008e000000| PB 0x000000008e000000| Untracked 
| 171|0x000000008e100000, 0x000000008e100000, 0x000000008e200000|  0%| F|  |TAMS 0x000000008e100000| PB 0x000000008e100000| Untracked 
| 172|0x000000008e200000, 0x000000008e200000, 0x000000008e300000|  0%| F|  |TAMS 0x000000008e200000| PB 0x000000008e200000| Untracked 
| 173|0x000000008e300000, 0x000000008e300000, 0x000000008e400000|  0%| F|  |TAMS 0x000000008e300000| PB 0x000000008e300000| Untracked 
| 174|0x000000008e400000, 0x000000008e400000, 0x000000008e500000|  0%| F|  |TAMS 0x000000008e400000| PB 0x000000008e400000| Untracked 
| 175|0x000000008e500000, 0x000000008e500000, 0x000000008e600000|  0%| F|  |TAMS 0x000000008e500000| PB 0x000000008e500000| Untracked 
| 176|0x000000008e600000, 0x000000008e600000, 0x000000008e700000|  0%| F|  |TAMS 0x000000008e600000| PB 0x000000008e600000| Untracked 
| 177|0x000000008e700000, 0x000000008e700000, 0x000000008e800000|  0%| F|  |TAMS 0x000000008e700000| PB 0x000000008e700000| Untracked 
| 178|0x000000008e800000, 0x000000008e800000, 0x000000008e900000|  0%| F|  |TAMS 0x000000008e800000| PB 0x000000008e800000| Untracked 
| 179|0x000000008e900000, 0x000000008e900000, 0x000000008ea00000|  0%| F|  |TAMS 0x000000008e900000| PB 0x000000008e900000| Untracked 
| 180|0x000000008ea00000, 0x000000008ea00000, 0x000000008eb00000|  0%| F|  |TAMS 0x000000008ea00000| PB 0x000000008ea00000| Untracked 
| 181|0x000000008eb00000, 0x000000008eb00000, 0x000000008ec00000|  0%| F|  |TAMS 0x000000008eb00000| PB 0x000000008eb00000| Untracked 
| 182|0x000000008ec00000, 0x000000008ec00000, 0x000000008ed00000|  0%| F|  |TAMS 0x000000008ec00000| PB 0x000000008ec00000| Untracked 
| 183|0x000000008ed00000, 0x000000008ed00000, 0x000000008ee00000|  0%| F|  |TAMS 0x000000008ed00000| PB 0x000000008ed00000| Untracked 
| 184|0x000000008ee00000, 0x000000008ee00000, 0x000000008ef00000|  0%| F|  |TAMS 0x000000008ee00000| PB 0x000000008ee00000| Untracked 
| 185|0x000000008ef00000, 0x000000008ef00000, 0x000000008f000000|  0%| F|  |TAMS 0x000000008ef00000| PB 0x000000008ef00000| Untracked 
| 186|0x000000008f000000, 0x000000008f000000, 0x000000008f100000|  0%| F|  |TAMS 0x000000008f000000| PB 0x000000008f000000| Untracked 
| 187|0x000000008f100000, 0x000000008f100000, 0x000000008f200000|  0%| F|  |TAMS 0x000000008f100000| PB 0x000000008f100000| Untracked 
| 188|0x000000008f200000, 0x000000008f200000, 0x000000008f300000|  0%| F|  |TAMS 0x000000008f200000| PB 0x000000008f200000| Untracked 
| 189|0x000000008f300000, 0x000000008f300000, 0x000000008f400000|  0%| F|  |TAMS 0x000000008f300000| PB 0x000000008f300000| Untracked 
| 190|0x000000008f400000, 0x000000008f400000, 0x000000008f500000|  0%| F|  |TAMS 0x000000008f400000| PB 0x000000008f400000| Untracked 
| 191|0x000000008f500000, 0x000000008f500000, 0x000000008f600000|  0%| F|  |TAMS 0x000000008f500000| PB 0x000000008f500000| Untracked 
| 192|0x000000008f600000, 0x000000008f600000, 0x000000008f700000|  0%| F|  |TAMS 0x000000008f600000| PB 0x000000008f600000| Untracked 
| 193|0x000000008f700000, 0x000000008f700000, 0x000000008f800000|  0%| F|  |TAMS 0x000000008f700000| PB 0x000000008f700000| Untracked 
| 194|0x000000008f800000, 0x000000008f800000, 0x000000008f900000|  0%| F|  |TAMS 0x000000008f800000| PB 0x000000008f800000| Untracked 
| 195|0x000000008f900000, 0x000000008f900000, 0x000000008fa00000|  0%| F|  |TAMS 0x000000008f900000| PB 0x000000008f900000| Untracked 
| 196|0x000000008fa00000, 0x000000008fa00000, 0x000000008fb00000|  0%| F|  |TAMS 0x000000008fa00000| PB 0x000000008fa00000| Untracked 
| 197|0x000000008fb00000, 0x000000008fb00000, 0x000000008fc00000|  0%| F|  |TAMS 0x000000008fb00000| PB 0x000000008fb00000| Untracked 
| 198|0x000000008fc00000, 0x000000008fc00000, 0x000000008fd00000|  0%| F|  |TAMS 0x000000008fc00000| PB 0x000000008fc00000| Untracked 
| 199|0x000000008fd00000, 0x000000008fd00000, 0x000000008fe00000|  0%| F|  |TAMS 0x000000008fd00000| PB 0x000000008fd00000| Untracked 
| 200|0x000000008fe00000, 0x000000008fe00000, 0x000000008ff00000|  0%| F|  |TAMS 0x000000008fe00000| PB 0x000000008fe00000| Untracked 
| 201|0x000000008ff00000, 0x000000008ff00000, 0x0000000090000000|  0%| F|  |TAMS 0x000000008ff00000| PB 0x000000008ff00000| Untracked 
| 202|0x0000000090000000, 0x0000000090000000, 0x0000000090100000|  0%| F|  |TAMS 0x0000000090000000| PB 0x0000000090000000| Untracked 
| 203|0x0000000090100000, 0x0000000090100000, 0x0000000090200000|  0%| F|  |TAMS 0x0000000090100000| PB 0x0000000090100000| Untracked 
| 204|0x0000000090200000, 0x0000000090200000, 0x0000000090300000|  0%| F|  |TAMS 0x0000000090200000| PB 0x0000000090200000| Untracked 
| 205|0x0000000090300000, 0x0000000090300000, 0x0000000090400000|  0%| F|  |TAMS 0x0000000090300000| PB 0x0000000090300000| Untracked 
| 206|0x0000000090400000, 0x0000000090400000, 0x0000000090500000|  0%| F|  |TAMS 0x0000000090400000| PB 0x0000000090400000| Untracked 
| 207|0x0000000090500000, 0x0000000090500000, 0x0000000090600000|  0%| F|  |TAMS 0x0000000090500000| PB 0x0000000090500000| Untracked 
| 208|0x0000000090600000, 0x0000000090600000, 0x0000000090700000|  0%| F|  |TAMS 0x0000000090600000| PB 0x0000000090600000| Untracked 
| 209|0x0000000090700000, 0x0000000090700000, 0x0000000090800000|  0%| F|  |TAMS 0x0000000090700000| PB 0x0000000090700000| Untracked 
| 210|0x0000000090800000, 0x0000000090800000, 0x0000000090900000|  0%| F|  |TAMS 0x0000000090800000| PB 0x0000000090800000| Untracked 
| 211|0x0000000090900000, 0x000000009094d538, 0x0000000090a00000| 30%| E|  |TAMS 0x0000000090900000| PB 0x0000000090900000| Complete 
| 212|0x0000000090a00000, 0x0000000090b00000, 0x0000000090b00000|100%| E|CS|TAMS 0x0000000090a00000| PB 0x0000000090a00000| Complete 
| 213|0x0000000090b00000, 0x0000000090c00000, 0x0000000090c00000|100%| E|CS|TAMS 0x0000000090b00000| PB 0x0000000090b00000| Complete 
|1981|0x00000000ff300000, 0x00000000ff400000, 0x00000000ff400000|100%| O|  |TAMS 0x00000000ff300000| PB 0x00000000ff300000| Untracked 
|1982|0x00000000ff400000, 0x00000000ff500000, 0x00000000ff500000|100%| O|Cm|TAMS 0x00000000ff400000| PB 0x00000000ff400000| Complete 
|1983|0x00000000ff500000, 0x00000000ff600000, 0x00000000ff600000|100%| O|  |TAMS 0x00000000ff500000| PB 0x00000000ff500000| Untracked 
|1984|0x00000000ff600000, 0x00000000ff700000, 0x00000000ff700000|100%| O|  |TAMS 0x00000000ff600000| PB 0x00000000ff600000| Untracked 
|1985|0x00000000ff700000, 0x00000000ff800000, 0x00000000ff800000|100%| O|  |TAMS 0x00000000ff700000| PB 0x00000000ff700000| Untracked 
|1986|0x00000000ff800000, 0x00000000ff900000, 0x00000000ff900000|100%| O|  |TAMS 0x00000000ff800000| PB 0x00000000ff800000| Untracked 
|1987|0x00000000ff900000, 0x00000000ffa00000, 0x00000000ffa00000|100%| O|  |TAMS 0x00000000ff900000| PB 0x00000000ff900000| Untracked 
|1988|0x00000000ffa00000, 0x00000000ffb00000, 0x00000000ffb00000|100%| O|  |TAMS 0x00000000ffa00000| PB 0x00000000ffa00000| Untracked 
|1989|0x00000000ffb00000, 0x00000000ffc00000, 0x00000000ffc00000|100%| O|  |TAMS 0x00000000ffb00000| PB 0x00000000ffb00000| Untracked 
|1990|0x00000000ffc00000, 0x00000000ffd00000, 0x00000000ffd00000|100%| O|  |TAMS 0x00000000ffc00000| PB 0x00000000ffc00000| Untracked 
|1991|0x00000000ffd00000, 0x00000000ffe00000, 0x00000000ffe00000|100%| O|  |TAMS 0x00000000ffd00000| PB 0x00000000ffd00000| Untracked 
|1992|0x00000000ffe00000, 0x00000000fff00000, 0x00000000fff00000|100%| O|  |TAMS 0x00000000ffe00000| PB 0x00000000ffe00000| Untracked 
|1993|0x00000000fff00000, 0x0000000100000000, 0x0000000100000000|100%| O|  |TAMS 0x00000000fff00000| PB 0x00000000fff00000| Untracked 

Card table byte_map: [0x000001be26c70000,0x000001be27060000] _byte_map_base: 0x000001be26855000

Marking Bits: (CMBitMap*) 0x000001be0ec93160
 Bits: [0x000001be27060000, 0x000001be28f88000)

Polling page: 0x000001be0cb90000

Metaspace:

Usage:
  Non-class:     23.96 MB used.
      Class:      3.80 MB used.
       Both:     27.76 MB used.

Virtual space:
  Non-class space:       64.00 MB reserved,      24.12 MB ( 38%) committed,  1 nodes.
      Class space:        1.00 GB reserved,       3.94 MB ( <1%) committed,  1 nodes.
             Both:        1.06 GB reserved,      28.06 MB (  3%) committed. 

Chunk freelists:
   Non-Class:  7.77 MB
       Class:  12.01 MB
        Both:  19.77 MB

MaxMetaspaceSize: unlimited
CompressedClassSpaceSize: 1.00 GB
Initial GC threshold: 21.00 MB
Current GC threshold: 46.56 MB
CDS: on
 - commit_granule_bytes: 65536.
 - commit_granule_words: 8192.
 - virtual_space_node_default_size: 8388608.
 - enlarge_chunks_in_place: 1.
 - use_allocation_guard: 0.


Internal statistics:

num_allocs_failed_limit: 3.
num_arena_births: 412.
num_arena_deaths: 0.
num_vsnodes_births: 2.
num_vsnodes_deaths: 0.
num_space_committed: 449.
num_space_uncommitted: 0.
num_chunks_returned_to_freelist: 3.
num_chunks_taken_from_freelist: 1203.
num_chunk_merges: 3.
num_chunk_splits: 851.
num_chunks_enlarged: 662.
num_inconsistent_stats: 0.

CodeHeap 'non-profiled nmethods': size=120000Kb used=2602Kb max_used=2602Kb free=117398Kb
 bounds [0x000001be1ee00000, 0x000001be1f0a0000, 0x000001be26330000]
CodeHeap 'profiled nmethods': size=120000Kb used=10427Kb max_used=11036Kb free=109573Kb
 bounds [0x000001be17330000, 0x000001be17e00000, 0x000001be1e860000]
CodeHeap 'non-nmethods': size=5760Kb used=2214Kb max_used=2283Kb free=3545Kb
 bounds [0x000001be1e860000, 0x000001be1ead0000, 0x000001be1ee00000]
 total_blobs=6058 nmethods=5133 adapters=827
 compilation: enabled
              stopped_count=0, restarted_count=0
 full_count=0

Compilation events (20 events):
Event: 18.259 Thread 0x000001be2bc0c4a0 5524       4       com.sun.javafx.scene.layout.RegionHelper::pickNodeLocalImpl (12 bytes)
Event: 18.268 Thread 0x000001be2bc0c4a0 nmethod 5524 0x000001be1eec1d10 code [0x000001be1eec1fe0, 0x000001be1eec2c68]
Event: 18.291 Thread 0x000001be2bc16e30 5525       3       javafx.scene.Node::pseudoClassStateChanged (59 bytes)
Event: 18.291 Thread 0x000001be2bc16e30 nmethod 5525 0x000001be175eaa90 code [0x000001be175eac80, 0x000001be175eb190]
Event: 18.828 Thread 0x000001be2bc0c4a0 5526       4       com.sun.javafx.scene.layout.RegionHelper::pickNodeLocalImpl (12 bytes)
Event: 18.837 Thread 0x000001be2bc0c4a0 nmethod 5526 0x000001be1ee87190 code [0x000001be1ee87460, 0x000001be1ee88090]
Event: 18.931 Thread 0x000001be2bc16e30 5527       3       com.sun.glass.ui.Window$UndecoratedMoveResizeHelper::handleMouseEvent (157 bytes)
Event: 18.931 Thread 0x000001be2bc16e30 nmethod 5527 0x000001be174f9b90 code [0x000001be174f9de0, 0x000001be174fa688]
Event: 18.940 Thread 0x000001be2bc16e30 5528       3       javafx.scene.Node::sceneToLocal0 (46 bytes)
Event: 18.941 Thread 0x000001be2bc16e30 nmethod 5528 0x000001be17340810 code [0x000001be17340b20, 0x000001be173422c8]
Event: 38.716 Thread 0x000001be2bc16e30 5529       3       javafx.scene.input.KeyEvent::getEventType (5 bytes)
Event: 38.717 Thread 0x000001be2bc16e30 nmethod 5529 0x000001be17588610 code [0x000001be175887a0, 0x000001be17588920]
Event: 39.321 Thread 0x000001be2bc16e30 5530       3       javafx.scene.Node::sceneToLocal (17 bytes)
Event: 39.322 Thread 0x000001be2bc16e30 nmethod 5530 0x000001be17588090 code [0x000001be17588240, 0x000001be17588460]
Event: 47.915 Thread 0x000001be2bc16e30 5531       3       javafx.scene.input.MouseEvent::copyFor (17 bytes)
Event: 47.915 Thread 0x000001be2bc16e30 nmethod 5531 0x000001be175d7710 code [0x000001be175d78c0, 0x000001be175d7af0]
Event: 47.915 Thread 0x000001be2bc16e30 5532       3       java.util.ArrayDeque::removeFirst (19 bytes)
Event: 47.915 Thread 0x000001be2bc16e30 nmethod 5532 0x000001be175e1e90 code [0x000001be175e2060, 0x000001be175e22c8]
Event: 51.499 Thread 0x000001be2bc16e30 5533       1       java.util.logging.LogManager$LoggerContext::getOwner (5 bytes)
Event: 51.499 Thread 0x000001be2bc16e30 nmethod 5533 0x000001be1eec1990 code [0x000001be1eec1b20, 0x000001be1eec1be8]

GC Heap History (12 events):
Event: 0.574 GC heap before
{Heap before GC invocations=0 (full 0):
 garbage-first heap   total 129024K, used 22528K [0x0000000083600000, 0x0000000100000000)
  region size 1024K, 23 young (23552K), 0 survivors (0K)
 Metaspace       used 4355K, committed 4608K, reserved 1114112K
  class space    used 455K, committed 576K, reserved 1048576K
}
Event: 0.580 GC heap after
{Heap after GC invocations=1 (full 0):
 garbage-first heap   total 129024K, used 2768K [0x0000000083600000, 0x0000000100000000)
  region size 1024K, 3 young (3072K), 3 survivors (3072K)
 Metaspace       used 4355K, committed 4608K, reserved 1114112K
  class space    used 455K, committed 576K, reserved 1048576K
}
Event: 1.225 GC heap before
{Heap before GC invocations=1 (full 0):
 garbage-first heap   total 129024K, used 36560K [0x0000000083600000, 0x0000000100000000)
  region size 1024K, 37 young (37888K), 3 survivors (3072K)
 Metaspace       used 17374K, committed 17600K, reserved 1114112K
  class space    used 2077K, committed 2176K, reserved 1048576K
}
Event: 1.231 GC heap after
{Heap after GC invocations=2 (full 0):
 garbage-first heap   total 129024K, used 7639K [0x0000000083600000, 0x0000000100000000)
  region size 1024K, 5 young (5120K), 5 survivors (5120K)
 Metaspace       used 17374K, committed 17600K, reserved 1114112K
  class space    used 2077K, committed 2176K, reserved 1048576K
}
Event: 1.542 GC heap before
{Heap before GC invocations=2 (full 0):
 garbage-first heap   total 129024K, used 41431K [0x0000000083600000, 0x0000000100000000)
  region size 1024K, 28 young (28672K), 5 survivors (5120K)
 Metaspace       used 21134K, committed 21504K, reserved 1114112K
  class space    used 2729K, committed 2880K, reserved 1048576K
}
Event: 1.546 GC heap after
{Heap after GC invocations=3 (full 0):
 garbage-first heap   total 129024K, used 22309K [0x0000000083600000, 0x0000000100000000)
  region size 1024K, 8 young (8192K), 8 survivors (8192K)
 Metaspace       used 21134K, committed 21504K, reserved 1114112K
  class space    used 2729K, committed 2880K, reserved 1048576K
}
Event: 13.755 GC heap before
{Heap before GC invocations=4 (full 0):
 garbage-first heap   total 113664K, used 112421K [0x0000000083600000, 0x0000000100000000)
  region size 1024K, 42 young (43008K), 8 survivors (8192K)
 Metaspace       used 26648K, committed 27072K, reserved 1114112K
  class space    used 3769K, committed 3968K, reserved 1048576K
}
Event: 13.761 GC heap after
{Heap after GC invocations=5 (full 0):
 garbage-first heap   total 126976K, used 72370K [0x0000000083600000, 0x0000000100000000)
  region size 1024K, 8 young (8192K), 8 survivors (8192K)
 Metaspace       used 26648K, committed 27072K, reserved 1114112K
  class space    used 3769K, committed 3968K, reserved 1048576K
}
Event: 15.077 GC heap before
{Heap before GC invocations=5 (full 0):
 garbage-first heap   total 169984K, used 167602K [0x0000000083600000, 0x0000000100000000)
  region size 1024K, 31 young (31744K), 8 survivors (8192K)
 Metaspace       used 28039K, committed 28352K, reserved 1114112K
  class space    used 3879K, committed 4032K, reserved 1048576K
}
Event: 15.084 GC heap after
{Heap after GC invocations=6 (full 0):
 garbage-first heap   total 184320K, used 128435K [0x0000000083600000, 0x0000000100000000)
  region size 1024K, 6 young (6144K), 6 survivors (6144K)
 Metaspace       used 28039K, committed 28352K, reserved 1114112K
  class space    used 3879K, committed 4032K, reserved 1048576K
}
Event: 15.977 GC heap before
{Heap before GC invocations=6 (full 0):
 garbage-first heap   total 184320K, used 131507K [0x0000000083600000, 0x0000000100000000)
  region size 1024K, 10 young (10240K), 6 survivors (6144K)
 Metaspace       used 28296K, committed 28608K, reserved 1114112K
  class space    used 3882K, committed 4032K, reserved 1048576K
}
Event: 15.980 GC heap after
{Heap after GC invocations=7 (full 0):
 garbage-first heap   total 184320K, used 129590K [0x0000000083600000, 0x0000000100000000)
  region size 1024K, 1 young (1024K), 1 survivors (1024K)
 Metaspace       used 28296K, committed 28608K, reserved 1114112K
  class space    used 3882K, committed 4032K, reserved 1048576K
}

Dll operation events (20 events):
Event: 0.408 Loaded shared library C:\Users\ACER\.openjfx\cache\21+31\amd64\api-ms-win-crt-multibyte-l1-1-0.dll
Event: 0.411 Loaded shared library C:\Users\ACER\.openjfx\cache\21+31\amd64\api-ms-win-crt-private-l1-1-0.dll
Event: 0.413 Loaded shared library C:\Users\ACER\.openjfx\cache\21+31\amd64\api-ms-win-crt-process-l1-1-0.dll
Event: 0.415 Loaded shared library C:\Users\ACER\.openjfx\cache\21+31\amd64\api-ms-win-crt-runtime-l1-1-0.dll
Event: 0.418 Loaded shared library C:\Users\ACER\.openjfx\cache\21+31\amd64\api-ms-win-crt-stdio-l1-1-0.dll
Event: 0.420 Loaded shared library C:\Users\ACER\.openjfx\cache\21+31\amd64\api-ms-win-crt-string-l1-1-0.dll
Event: 0.422 Loaded shared library C:\Users\ACER\.openjfx\cache\21+31\amd64\api-ms-win-crt-time-l1-1-0.dll
Event: 0.423 Loaded shared library C:\Users\ACER\.openjfx\cache\21+31\amd64\api-ms-win-crt-utility-l1-1-0.dll
Event: 0.434 Loaded shared library C:\Users\ACER\.openjfx\cache\21+31\amd64\ucrtbase.dll
Event: 0.438 Loaded shared library C:\Users\ACER\.openjfx\cache\21+31\amd64\vcruntime140.dll
Event: 0.440 Loaded shared library C:\Users\ACER\.openjfx\cache\21+31\amd64\vcruntime140_1.dll
Event: 0.446 Loaded shared library C:\Users\ACER\.openjfx\cache\21+31\amd64\msvcp140.dll
Event: 0.450 Loaded shared library C:\Users\ACER\.openjfx\cache\21+31\amd64\msvcp140_1.dll
Event: 0.454 Loaded shared library C:\Users\ACER\.openjfx\cache\21+31\amd64\msvcp140_2.dll
Event: 0.477 Loaded shared library C:\Users\ACER\.openjfx\cache\21+31\amd64\prism_d3d.dll
Event: 0.513 Loaded shared library C:\Users\ACER\.openjfx\cache\21+31\amd64\glass.dll
Event: 0.633 Loaded shared library C:\Users\ACER\.jdks\corretto-21.0.4\bin\jimage.dll
Event: 0.878 Loaded shared library C:\Users\ACER\.jdks\corretto-21.0.4\bin\sunmscapi.dll
Event: 1.219 Loaded shared library C:\Users\ACER\.openjfx\cache\21+31\amd64\javafx_font.dll
Event: 13.616 Loaded shared library C:\Users\ACER\.openjfx\cache\21+31\amd64\javafx_iio.dll

Deoptimization events (20 events):
Event: 16.046 Thread 0x000001be71b953a0 Uncommon trap: trap_request=0xffffffde fr.pc=0x000001be1ee1a664 relative=0x00000000000000c4
Event: 16.046 Thread 0x000001be71b953a0 Uncommon trap: reason=class_check action=maybe_recompile pc=0x000001be1ee1a664 method=java.lang.Character.codePointAt(Ljava/lang/CharSequence;I)I @ 2 c2
Event: 16.046 Thread 0x000001be71b953a0 DEOPT PACKING pc=0x000001be1ee1a664 sp=0x0000008fda8f9740
Event: 16.046 Thread 0x000001be71b953a0 DEOPT UNPACKING pc=0x000001be1e8b7da2 sp=0x0000008fda8f96d8 mode 2
Event: 16.067 Thread 0x000001be71a99ba0 Uncommon trap: trap_request=0xffffff6e fr.pc=0x000001be1f07de4c relative=0x000000000000372c
Event: 16.067 Thread 0x000001be71a99ba0 Uncommon trap: reason=loop_limit_check action=maybe_recompile pc=0x000001be1f07de4c method=com.sun.marlin.Renderer._endRendering(IILcom/sun/marlin/MarlinAlphaConsumer;)V @ 1116 c2
Event: 16.067 Thread 0x000001be71a99ba0 DEOPT PACKING pc=0x000001be1f07de4c sp=0x0000008fda6fd520
Event: 16.067 Thread 0x000001be71a99ba0 DEOPT UNPACKING pc=0x000001be1e8b7da2 sp=0x0000008fda6fd358 mode 2
Event: 16.067 Thread 0x000001be71a99ba0 Uncommon trap: trap_request=0xffffff6e fr.pc=0x000001be1f034ea0 relative=0x0000000000005080
Event: 16.067 Thread 0x000001be71a99ba0 Uncommon trap: reason=loop_limit_check action=maybe_recompile pc=0x000001be1f034ea0 method=com.sun.marlin.Renderer._endRendering(IILcom/sun/marlin/MarlinAlphaConsumer;)V @ 1116 c2
Event: 16.067 Thread 0x000001be71a99ba0 DEOPT PACKING pc=0x000001be1f034ea0 sp=0x0000008fda6fd440
Event: 16.067 Thread 0x000001be71a99ba0 DEOPT UNPACKING pc=0x000001be1e8b7da2 sp=0x0000008fda6fd358 mode 2
Event: 16.070 Thread 0x000001be71a99ba0 Uncommon trap: trap_request=0xffffffd6 fr.pc=0x000001be1f05ba74 relative=0x0000000000000b54
Event: 16.070 Thread 0x000001be71a99ba0 Uncommon trap: reason=array_check action=maybe_recompile pc=0x000001be1f05ba74 method=com.sun.javafx.font.CompositeStrike.getStrikeSlot(I)Lcom/sun/javafx/font/FontStrike; @ 155 c2
Event: 16.070 Thread 0x000001be71a99ba0 DEOPT PACKING pc=0x000001be1f05ba74 sp=0x0000008fda6fd0c0
Event: 16.070 Thread 0x000001be71a99ba0 DEOPT UNPACKING pc=0x000001be1e8b7da2 sp=0x0000008fda6fd078 mode 2
Event: 18.275 Thread 0x000001be71b953a0 Uncommon trap: trap_request=0xffffff6e fr.pc=0x000001be1eec287c relative=0x000000000000089c
Event: 18.275 Thread 0x000001be71b953a0 Uncommon trap: reason=loop_limit_check action=maybe_recompile pc=0x000001be1eec287c method=javafx.scene.Parent.pickChildrenNode(Lcom/sun/javafx/geom/PickRay;Lcom/sun/javafx/scene/input/PickResultChooser;)Z @ 17 c2
Event: 18.275 Thread 0x000001be71b953a0 DEOPT PACKING pc=0x000001be1eec287c sp=0x0000008fda8f8cd0
Event: 18.275 Thread 0x000001be71b953a0 DEOPT UNPACKING pc=0x000001be1e8b7da2 sp=0x0000008fda8f8a80 mode 2

Classes loaded (20 events):
Event: 14.968 Loading class java/lang/foreign/MemorySegment
Event: 14.968 Loading class java/lang/foreign/MemorySegment done
Event: 16.043 Loading class java/text/BreakIterator
Event: 16.044 Loading class java/text/BreakIterator done
Event: 16.044 Loading class sun/util/locale/provider/BreakIteratorProviderImpl
Event: 16.044 Loading class sun/util/locale/provider/BreakIteratorProviderImpl done
Event: 16.044 Loading class sun/util/locale/provider/BaseLocaleDataMetaInfo
Event: 16.044 Loading class sun/util/locale/provider/BaseLocaleDataMetaInfo done
Event: 16.045 Loading class sun/util/locale/provider/BreakIteratorProviderImpl$GraphemeBreakIterator
Event: 16.045 Loading class sun/util/locale/provider/BreakIteratorProviderImpl$GraphemeBreakIterator done
Event: 16.045 Loading class java/text/StringCharacterIterator
Event: 16.045 Loading class java/text/StringCharacterIterator done
Event: 16.045 Loading class sun/util/locale/provider/BreakIteratorProviderImpl$CharacterIteratorCharSequence
Event: 16.045 Loading class sun/util/locale/provider/BreakIteratorProviderImpl$CharacterIteratorCharSequence done
Event: 16.045 Loading class java/text/BreakIterator$BreakIteratorCache
Event: 16.045 Loading class java/text/BreakIterator$BreakIteratorCache done
Event: 16.045 Loading class jdk/internal/util/regex/Grapheme
Event: 16.045 Loading class jdk/internal/util/regex/Grapheme done
Event: 51.498 Loading class jdk/internal/misc/Signal$1
Event: 51.498 Loading class jdk/internal/misc/Signal$1 done

Classes unloaded (0 events):
No events

Classes redefined (0 events):
No events

Internal exceptions (20 events):
Event: 13.556 Thread 0x000001be71b953a0 Exception <a 'java/io/FileNotFoundException'{0x0000000085fb8e10}> (0x0000000085fb8e10) 
thrown [s\src\hotspot\share\prims\jni.cpp, line 520]
Event: 13.593 Thread 0x000001be71b953a0 Exception <a 'java/lang/NoSuchMethodError'{0x0000000085dad480}: 'java.lang.Object java.lang.invoke.DelegatingMethodHandle$Holder.reinvoke_L(java.lang.Object, double, double, double, double)'> (0x0000000085dad480) 
thrown [s\src\hotspot\share\interpreter\linkResolver.cpp, line 773]
Event: 13.594 Thread 0x000001be71b953a0 Exception <a 'java/lang/NoSuchMethodError'{0x0000000085db8458}: 'java.lang.Object java.lang.invoke.DirectMethodHandle$Holder.invokeStatic(java.lang.Object, java.lang.Object, int)'> (0x0000000085db8458) 
thrown [s\src\hotspot\share\interpreter\linkResolver.cpp, line 773]
Event: 13.594 Thread 0x000001be71b953a0 Exception <a 'java/lang/NoSuchMethodError'{0x0000000085dbc3a0}: 'void java.lang.invoke.DirectMethodHandle$Holder.invokeStatic(java.lang.Object, java.lang.Object, int, java.lang.Object)'> (0x0000000085dbc3a0) 
thrown [s\src\hotspot\share\interpreter\linkResolver.cpp, line 773]
Event: 13.594 Thread 0x000001be71b953a0 Exception <a 'java/lang/NoSuchMethodError'{0x0000000085dc3180}: 'void java.lang.invoke.DelegatingMethodHandle$Holder.delegate(java.lang.Object, java.lang.Object, int, java.lang.Object)'> (0x0000000085dc3180) 
thrown [s\src\hotspot\share\interpreter\linkResolver.cpp, line 773]
Event: 13.596 Thread 0x000001be71b953a0 Exception <a 'java/io/FileNotFoundException'{0x0000000085dd2eb0}> (0x0000000085dd2eb0) 
thrown [s\src\hotspot\share\prims\jni.cpp, line 520]
Event: 13.597 Thread 0x000001be71b953a0 Exception <a 'java/io/FileNotFoundException'{0x0000000085ddc0c0}> (0x0000000085ddc0c0) 
thrown [s\src\hotspot\share\prims\jni.cpp, line 520]
Event: 13.598 Thread 0x000001be71b953a0 Exception <a 'java/io/FileNotFoundException'{0x0000000085de51c0}> (0x0000000085de51c0) 
thrown [s\src\hotspot\share\prims\jni.cpp, line 520]
Event: 13.868 Thread 0x000001be71b953a0 Exception <a 'java/io/FileNotFoundException'{0x000000008973ed50}> (0x000000008973ed50) 
thrown [s\src\hotspot\share\prims\jni.cpp, line 520]
Event: 14.005 Thread 0x000001be71a99ba0 Exception <a 'java/lang/NoSuchMethodError'{0x0000000087566598}: 'java.lang.Object java.lang.invoke.DirectMethodHandle$Holder.invokeStaticInit(java.lang.Object, int)'> (0x0000000087566598) 
thrown [s\src\hotspot\share\interpreter\linkResolver.cpp, line 773]
Event: 14.836 Thread 0x000001be71b953a0 Exception <a 'java/io/FileNotFoundException'{0x000000008713e200}> (0x000000008713e200) 
thrown [s\src\hotspot\share\prims\jni.cpp, line 520]
Event: 14.844 Thread 0x000001be71b953a0 Exception <a 'sun/nio/fs/WindowsException'{0x0000000087161860}> (0x0000000087161860) 
thrown [s\src\hotspot\share\prims\jni.cpp, line 520]
Event: 14.874 Thread 0x000001be71b953a0 Exception <a 'java/io/IOException'{0x000000008707d600}> (0x000000008707d600) 
thrown [s\src\hotspot\share\prims\jni.cpp, line 520]
Event: 14.889 Thread 0x000001be71b953a0 Exception <a 'java/io/IOException'{0x0000000086f00418}> (0x0000000086f00418) 
thrown [s\src\hotspot\share\prims\jni.cpp, line 520]
Event: 14.901 Thread 0x000001be71b953a0 Exception <a 'java/io/IOException'{0x0000000086f819e0}> (0x0000000086f819e0) 
thrown [s\src\hotspot\share\prims\jni.cpp, line 520]
Event: 14.914 Thread 0x000001be71b953a0 Exception <a 'java/io/IOException'{0x0000000086e03158}> (0x0000000086e03158) 
thrown [s\src\hotspot\share\prims\jni.cpp, line 520]
Event: 14.972 Thread 0x000001be71b953a0 Exception <a 'java/io/IOException'{0x0000000086e6f920}> (0x0000000086e6f920) 
thrown [s\src\hotspot\share\prims\jni.cpp, line 520]
Event: 14.985 Thread 0x000001be71b953a0 Exception <a 'java/io/IOException'{0x0000000086ef1d40}> (0x0000000086ef1d40) 
thrown [s\src\hotspot\share\prims\jni.cpp, line 520]
Event: 15.012 Thread 0x000001be71b953a0 Exception <a 'java/net/SocketException'{0x0000000086d73048}: Connection reset by peer: shutdown> (0x0000000086d73048) 
thrown [s\src\hotspot\share\prims\jni.cpp, line 539]
Event: 16.036 Thread 0x000001be71b953a0 Implicit null exception at 0x000001be1f01cb42 to 0x000001be1f021698

ZGC Phase Switch (0 events):
No events

VM Operations (20 events):
Event: 14.728 Executing VM operation: ICBufferFull done
Event: 15.077 Executing VM operation: G1CollectForAllocation (G1 Evacuation Pause)
Event: 15.084 Executing VM operation: G1CollectForAllocation (G1 Evacuation Pause) done
Event: 15.977 Executing VM operation: G1TryInitiateConcMark (G1 Humongous Allocation)
Event: 15.980 Executing VM operation: G1TryInitiateConcMark (G1 Humongous Allocation) done
Event: 15.987 Executing VM operation: G1PauseRemark
Event: 15.990 Executing VM operation: G1PauseRemark done
Event: 15.993 Executing VM operation: G1PauseCleanup
Event: 15.994 Executing VM operation: G1PauseCleanup done
Event: 17.993 Executing VM operation: Cleanup
Event: 17.993 Executing VM operation: Cleanup done
Event: 18.994 Executing VM operation: Cleanup
Event: 18.994 Executing VM operation: Cleanup done
Event: 38.999 Executing VM operation: Cleanup
Event: 38.999 Executing VM operation: Cleanup done
Event: 40.000 Executing VM operation: Cleanup
Event: 40.000 Executing VM operation: Cleanup done
Event: 48.002 Executing VM operation: Cleanup
Event: 48.003 Executing VM operation: Cleanup done
Event: 51.500 Executing VM operation: Exit

Memory protections (0 events):
No events

Nmethod flushes (20 events):
Event: 15.990 Thread 0x000001be2bbd4390 flushing  nmethod 0x000001be175d7610
Event: 15.990 Thread 0x000001be2bbd4390 flushing  nmethod 0x000001be175e1990
Event: 15.990 Thread 0x000001be2bbd4390 flushing  nmethod 0x000001be175e3e90
Event: 15.990 Thread 0x000001be2bbd4390 flushing  nmethod 0x000001be175eaa90
Event: 15.990 Thread 0x000001be2bbd4390 flushing  nmethod 0x000001be175eb890
Event: 15.990 Thread 0x000001be2bbd4390 flushing  nmethod 0x000001be175ec510
Event: 15.990 Thread 0x000001be2bbd4390 flushing  nmethod 0x000001be176c6f10
Event: 15.990 Thread 0x000001be2bbd4390 flushing  nmethod 0x000001be176ca510
Event: 15.990 Thread 0x000001be2bbd4390 flushing  nmethod 0x000001be176ce890
Event: 15.990 Thread 0x000001be2bbd4390 flushing  nmethod 0x000001be176cec10
Event: 15.990 Thread 0x000001be2bbd4390 flushing  nmethod 0x000001be176e8b90
Event: 15.990 Thread 0x000001be2bbd4390 flushing  nmethod 0x000001be176e9d90
Event: 15.990 Thread 0x000001be2bbd4390 flushing  nmethod 0x000001be176ea490
Event: 15.990 Thread 0x000001be2bbd4390 flushing  nmethod 0x000001be176ea890
Event: 15.990 Thread 0x000001be2bbd4390 flushing  nmethod 0x000001be176eb190
Event: 15.990 Thread 0x000001be2bbd4390 flushing  nmethod 0x000001be176eb990
Event: 15.990 Thread 0x000001be2bbd4390 flushing  nmethod 0x000001be176ef290
Event: 15.990 Thread 0x000001be2bbd4390 flushing osr nmethod 0x000001be17724590
Event: 15.990 Thread 0x000001be2bbd4390 flushing  nmethod 0x000001be17725190
Event: 15.990 Thread 0x000001be2bbd4390 flushing osr nmethod 0x000001be17725b90

Events (20 events):
Event: 0.646 Thread 0x000001be71b953a0 Thread added: 0x000001be71ed9500
Event: 1.295 Thread 0x000001be71b953a0 Thread added: 0x000001be78190d10
Event: 1.869 Thread 0x000001be71a99ba0 Thread added: 0x000001be7818ec40
Event: 2.149 Thread 0x000001be712e8770 Thread exited: 0x000001be712e8770
Event: 2.149 Thread 0x000001be71480370 Thread exited: 0x000001be71480370
Event: 13.558 Thread 0x000001be2bc16e30 Thread added: 0x000001be790781c0
Event: 13.597 Thread 0x000001be2bc16e30 Thread added: 0x000001be7907aaa0
Event: 14.111 Thread 0x000001be7907aaa0 Thread exited: 0x000001be7907aaa0
Event: 14.363 Thread 0x000001be790781c0 Thread exited: 0x000001be790781c0
Event: 14.727 Thread 0x000001be2bc16e30 Thread added: 0x000001be79078f60
Event: 15.435 Thread 0x000001be79078f60 Thread exited: 0x000001be79078f60
Event: 16.046 Thread 0x000001be2bc16e30 Thread added: 0x000001be79077af0
Event: 16.739 Thread 0x000001be79077af0 Thread exited: 0x000001be79077af0
Event: 51.499 Thread 0x000001be2bbf74a0 Thread added: 0x000001be78190680
Event: 51.499 Thread 0x000001be78190680 Thread added: 0x000001be7818d890
Event: 51.499 Thread 0x000001be78190680 Thread added: 0x000001be7818fff0
Event: 51.500 Thread 0x000001be7818d890 Thread exited: 0x000001be7818d890
Event: 51.500 Thread 0x000001be7818fff0 Thread exited: 0x000001be7818fff0
Event: 51.500 Thread 0x000001be78190680 Before exit entered
Event: 51.500 Thread 0x000001be2bbf74a0 Thread exited: 0x000001be2bbf74a0


Dynamic libraries:
0x00007ff764100000 - 0x00007ff76410e000 	C:\Users\ACER\.jdks\corretto-21.0.4\bin\java.exe
0x00007ffb54bf0000 - 0x00007ffb54de8000 	C:\Windows\SYSTEM32\ntdll.dll
0x00007ffb53480000 - 0x00007ffb53542000 	C:\Windows\System32\KERNEL32.DLL
0x00007ffb52560000 - 0x00007ffb5285e000 	C:\Windows\System32\KERNELBASE.dll
0x00007ffb52330000 - 0x00007ffb52430000 	C:\Windows\System32\ucrtbase.dll
0x00007ffb45bc0000 - 0x00007ffb45bdb000 	C:\Users\ACER\.jdks\corretto-21.0.4\bin\VCRUNTIME140.dll
0x00007ffb3ec60000 - 0x00007ffb3ec78000 	C:\Users\ACER\.jdks\corretto-21.0.4\bin\jli.dll
0x00007ffb53750000 - 0x00007ffb538ed000 	C:\Windows\System32\USER32.dll
0x00007ffb52300000 - 0x00007ffb52322000 	C:\Windows\System32\win32u.dll
0x00007ffb3f1a0000 - 0x00007ffb3f43a000 	C:\Windows\WinSxS\amd64_microsoft.windows.common-controls_6595b64144ccf1df_6.0.19041.4355_none_60b8b9eb71f62e16\COMCTL32.dll
0x00007ffb54710000 - 0x00007ffb5473b000 	C:\Windows\System32\GDI32.dll
0x00007ffb52990000 - 0x00007ffb52aa7000 	C:\Windows\System32\gdi32full.dll
0x00007ffb524c0000 - 0x00007ffb5255d000 	C:\Windows\System32\msvcp_win.dll
0x00007ffb531a0000 - 0x00007ffb5323e000 	C:\Windows\System32\msvcrt.dll
0x00007ffb546e0000 - 0x00007ffb5470f000 	C:\Windows\System32\IMM32.DLL
0x00007ffb4cc70000 - 0x00007ffb4cc7c000 	C:\Users\ACER\.jdks\corretto-21.0.4\bin\vcruntime140_1.dll
0x00007ffb17d60000 - 0x00007ffb17ded000 	C:\Users\ACER\.jdks\corretto-21.0.4\bin\msvcp140.dll
0x00007ffaeb3d0000 - 0x00007ffaec166000 	C:\Users\ACER\.jdks\corretto-21.0.4\bin\server\jvm.dll
0x00007ffb53240000 - 0x00007ffb532f2000 	C:\Windows\System32\ADVAPI32.dll
0x00007ffb544f0000 - 0x00007ffb54590000 	C:\Windows\System32\sechost.dll
0x00007ffb52c10000 - 0x00007ffb52d33000 	C:\Windows\System32\RPCRT4.dll
0x00007ffb528b0000 - 0x00007ffb528d7000 	C:\Windows\System32\bcrypt.dll
0x00007ffb536e0000 - 0x00007ffb5374b000 	C:\Windows\System32\WS2_32.dll
0x00007ffb51820000 - 0x00007ffb5186b000 	C:\Windows\SYSTEM32\POWRPROF.dll
0x00007ffb43c80000 - 0x00007ffb43ca7000 	C:\Windows\SYSTEM32\WINMM.dll
0x00007ffb49020000 - 0x00007ffb4902a000 	C:\Windows\SYSTEM32\VERSION.dll
0x00007ffb51690000 - 0x00007ffb516a2000 	C:\Windows\SYSTEM32\UMPDC.dll
0x00007ffb50ab0000 - 0x00007ffb50ac2000 	C:\Windows\SYSTEM32\kernel.appcore.dll
0x00007ffb4bc60000 - 0x00007ffb4bc6a000 	C:\Users\ACER\.jdks\corretto-21.0.4\bin\jimage.dll
0x00007ffb50020000 - 0x00007ffb50204000 	C:\Windows\SYSTEM32\DBGHELP.DLL
0x00007ffb38230000 - 0x00007ffb38264000 	C:\Windows\SYSTEM32\dbgcore.DLL
0x00007ffb52430000 - 0x00007ffb524b2000 	C:\Windows\System32\bcryptPrimitives.dll
0x00007ffb3ec30000 - 0x00007ffb3ec3e000 	C:\Users\ACER\.jdks\corretto-21.0.4\bin\instrument.dll
0x00007ffb3ec40000 - 0x00007ffb3ec5f000 	C:\Users\ACER\.jdks\corretto-21.0.4\bin\java.dll
0x00007ffb53d80000 - 0x00007ffb544ef000 	C:\Windows\System32\SHELL32.dll
0x00007ffb502f0000 - 0x00007ffb50a94000 	C:\Windows\SYSTEM32\windows.storage.dll
0x00007ffb538f0000 - 0x00007ffb53c43000 	C:\Windows\System32\combase.dll
0x00007ffb51cc0000 - 0x00007ffb51cee000 	C:\Windows\SYSTEM32\Wldp.dll
0x00007ffb52d40000 - 0x00007ffb52e0d000 	C:\Windows\System32\OLEAUT32.dll
0x00007ffb53620000 - 0x00007ffb536cd000 	C:\Windows\System32\SHCORE.dll
0x00007ffb53140000 - 0x00007ffb53195000 	C:\Windows\System32\shlwapi.dll
0x00007ffb521c0000 - 0x00007ffb521e4000 	C:\Windows\SYSTEM32\profapi.dll
0x00007ffb17c80000 - 0x00007ffb17d57000 	C:\Users\ACER\.jdks\corretto-21.0.4\bin\jsvml.dll
0x00007ffb3ec20000 - 0x00007ffb3ec30000 	C:\Users\ACER\.jdks\corretto-21.0.4\bin\net.dll
0x00007ffb45ee0000 - 0x00007ffb45fed000 	C:\Windows\SYSTEM32\WINHTTP.dll
0x00007ffb51a20000 - 0x00007ffb51a8a000 	C:\Windows\system32\mswsock.dll
0x00007ffb383c0000 - 0x00007ffb383d6000 	C:\Users\ACER\.jdks\corretto-21.0.4\bin\nio.dll
0x00007ffb383a0000 - 0x00007ffb383b8000 	C:\Users\ACER\.jdks\corretto-21.0.4\bin\zip.dll
0x00007ffb38380000 - 0x00007ffb3839a000 	C:\Program Files\JetBrains\IntelliJ IDEA 2024.2.3\bin\breakgen64.dll
0x000001be0cbe0000 - 0x000001be0cbe3000 	C:\Users\ACER\.openjfx\cache\21+31\amd64\api-ms-win-core-console-l1-1-0.dll
0x000001be0ebf0000 - 0x000001be0ebf3000 	C:\Users\ACER\.openjfx\cache\21+31\amd64\api-ms-win-core-console-l1-2-0.dll
0x000001be0ec00000 - 0x000001be0ec03000 	C:\Users\ACER\.openjfx\cache\21+31\amd64\api-ms-win-core-datetime-l1-1-0.dll
0x000001be2bd30000 - 0x000001be2bd33000 	C:\Users\ACER\.openjfx\cache\21+31\amd64\api-ms-win-core-debug-l1-1-0.dll
0x000001be2bd40000 - 0x000001be2bd43000 	C:\Users\ACER\.openjfx\cache\21+31\amd64\api-ms-win-core-errorhandling-l1-1-0.dll
0x000001be2bd50000 - 0x000001be2bd54000 	C:\Users\ACER\.openjfx\cache\21+31\amd64\api-ms-win-core-file-l1-1-0.dll
0x000001be2bd60000 - 0x000001be2bd63000 	C:\Users\ACER\.openjfx\cache\21+31\amd64\api-ms-win-core-file-l1-2-0.dll
0x000001be2bd70000 - 0x000001be2bd73000 	C:\Users\ACER\.openjfx\cache\21+31\amd64\api-ms-win-core-file-l2-1-0.dll
0x000001be2bd80000 - 0x000001be2bd83000 	C:\Users\ACER\.openjfx\cache\21+31\amd64\api-ms-win-core-handle-l1-1-0.dll
0x000001be2bd90000 - 0x000001be2bd93000 	C:\Users\ACER\.openjfx\cache\21+31\amd64\api-ms-win-core-heap-l1-1-0.dll
0x000001be2bda0000 - 0x000001be2bda3000 	C:\Users\ACER\.openjfx\cache\21+31\amd64\api-ms-win-core-interlocked-l1-1-0.dll
0x000001be2bdb0000 - 0x000001be2bdb3000 	C:\Users\ACER\.openjfx\cache\21+31\amd64\api-ms-win-core-libraryloader-l1-1-0.dll
0x000001be2bdc0000 - 0x000001be2bdc3000 	C:\Users\ACER\.openjfx\cache\21+31\amd64\api-ms-win-core-localization-l1-2-0.dll
0x000001be2bdd0000 - 0x000001be2bdd3000 	C:\Users\ACER\.openjfx\cache\21+31\amd64\api-ms-win-core-memory-l1-1-0.dll
0x000001be2bde0000 - 0x000001be2bde3000 	C:\Users\ACER\.openjfx\cache\21+31\amd64\api-ms-win-core-namedpipe-l1-1-0.dll
0x000001be2bdf0000 - 0x000001be2bdf3000 	C:\Users\ACER\.openjfx\cache\21+31\amd64\api-ms-win-core-processenvironment-l1-1-0.dll
0x000001be2be00000 - 0x000001be2be03000 	C:\Users\ACER\.openjfx\cache\21+31\amd64\api-ms-win-core-processthreads-l1-1-0.dll
0x000001be2be10000 - 0x000001be2be13000 	C:\Users\ACER\.openjfx\cache\21+31\amd64\api-ms-win-core-processthreads-l1-1-1.dll
0x000001be2be20000 - 0x000001be2be23000 	C:\Users\ACER\.openjfx\cache\21+31\amd64\api-ms-win-core-profile-l1-1-0.dll
0x000001be2be30000 - 0x000001be2be33000 	C:\Users\ACER\.openjfx\cache\21+31\amd64\api-ms-win-core-rtlsupport-l1-1-0.dll
0x000001be2be40000 - 0x000001be2be43000 	C:\Users\ACER\.openjfx\cache\21+31\amd64\api-ms-win-core-string-l1-1-0.dll
0x000001be2be50000 - 0x000001be2be53000 	C:\Users\ACER\.openjfx\cache\21+31\amd64\api-ms-win-core-synch-l1-1-0.dll
0x000001be2be60000 - 0x000001be2be63000 	C:\Users\ACER\.openjfx\cache\21+31\amd64\api-ms-win-core-synch-l1-2-0.dll
0x000001be2be70000 - 0x000001be2be73000 	C:\Users\ACER\.openjfx\cache\21+31\amd64\api-ms-win-core-sysinfo-l1-1-0.dll
0x000001be2be80000 - 0x000001be2be83000 	C:\Users\ACER\.openjfx\cache\21+31\amd64\api-ms-win-core-timezone-l1-1-0.dll
0x000001be2be90000 - 0x000001be2be93000 	C:\Users\ACER\.openjfx\cache\21+31\amd64\api-ms-win-core-util-l1-1-0.dll
0x000001be2bea0000 - 0x000001be2bea3000 	C:\Users\ACER\.openjfx\cache\21+31\amd64\api-ms-win-crt-conio-l1-1-0.dll
0x000001be2beb0000 - 0x000001be2beb4000 	C:\Users\ACER\.openjfx\cache\21+31\amd64\api-ms-win-crt-convert-l1-1-0.dll
0x000001be2bec0000 - 0x000001be2bec3000 	C:\Users\ACER\.openjfx\cache\21+31\amd64\api-ms-win-crt-environment-l1-1-0.dll
0x000001be2bed0000 - 0x000001be2bed3000 	C:\Users\ACER\.openjfx\cache\21+31\amd64\api-ms-win-crt-filesystem-l1-1-0.dll
0x000001be2bee0000 - 0x000001be2bee3000 	C:\Users\ACER\.openjfx\cache\21+31\amd64\api-ms-win-crt-heap-l1-1-0.dll
0x000001be2bef0000 - 0x000001be2bef3000 	C:\Users\ACER\.openjfx\cache\21+31\amd64\api-ms-win-crt-locale-l1-1-0.dll
0x000001be2bf00000 - 0x000001be2bf05000 	C:\Users\ACER\.openjfx\cache\21+31\amd64\api-ms-win-crt-math-l1-1-0.dll
0x000001be2bf10000 - 0x000001be2bf15000 	C:\Users\ACER\.openjfx\cache\21+31\amd64\api-ms-win-crt-multibyte-l1-1-0.dll
0x000001be2bf20000 - 0x000001be2bf30000 	C:\Users\ACER\.openjfx\cache\21+31\amd64\api-ms-win-crt-private-l1-1-0.dll
0x000001be2bf30000 - 0x000001be2bf33000 	C:\Users\ACER\.openjfx\cache\21+31\amd64\api-ms-win-crt-process-l1-1-0.dll
0x000001be2bf40000 - 0x000001be2bf44000 	C:\Users\ACER\.openjfx\cache\21+31\amd64\api-ms-win-crt-runtime-l1-1-0.dll
0x000001be2bf50000 - 0x000001be2bf54000 	C:\Users\ACER\.openjfx\cache\21+31\amd64\api-ms-win-crt-stdio-l1-1-0.dll
0x000001be2bf60000 - 0x000001be2bf64000 	C:\Users\ACER\.openjfx\cache\21+31\amd64\api-ms-win-crt-string-l1-1-0.dll
0x000001be2bf70000 - 0x000001be2bf73000 	C:\Users\ACER\.openjfx\cache\21+31\amd64\api-ms-win-crt-time-l1-1-0.dll
0x000001be2bf80000 - 0x000001be2bf83000 	C:\Users\ACER\.openjfx\cache\21+31\amd64\api-ms-win-crt-utility-l1-1-0.dll
0x00007ffb0e480000 - 0x00007ffb0e57c000 	C:\Users\ACER\.openjfx\cache\21+31\amd64\ucrtbase.dll
0x00007ffb1a440000 - 0x00007ffb1a45b000 	C:\Users\ACER\.openjfx\cache\21+31\amd64\vcruntime140.dll
0x00007ffb3b780000 - 0x00007ffb3b78c000 	C:\Users\ACER\.openjfx\cache\21+31\amd64\vcruntime140_1.dll
0x00007ffb17bf0000 - 0x00007ffb17c7e000 	C:\Users\ACER\.openjfx\cache\21+31\amd64\msvcp140.dll
0x00007ffb53c50000 - 0x00007ffb53d7b000 	C:\Windows\System32\ole32.dll
0x00007ffb344c0000 - 0x00007ffb344c9000 	C:\Users\ACER\.openjfx\cache\21+31\amd64\msvcp140_1.dll
0x00007ffb1a410000 - 0x00007ffb1a43f000 	C:\Users\ACER\.openjfx\cache\21+31\amd64\msvcp140_2.dll
0x00007ffb1a3e0000 - 0x00007ffb1a40f000 	C:\Users\ACER\.openjfx\cache\21+31\amd64\prism_d3d.dll
0x00007ffaf32f0000 - 0x00007ffaf34c1000 	C:\Windows\system32\d3d9.dll
0x00007ffb4d2b0000 - 0x00007ffb4d2df000 	C:\Windows\SYSTEM32\dwmapi.dll
0x00007ffb4cf60000 - 0x00007ffb4cffe000 	C:\Windows\system32\uxtheme.dll
0x00007ffaed2f0000 - 0x00007ffaed455000 	C:\Windows\System32\DriverStore\FileRepository\iigd_dch.inf_amd64_e31d62740aef2af9\igdumdim64.dll
0x00007ffae0040000 - 0x00007ffae3c96000 	C:\Windows\System32\DriverStore\FileRepository\iigd_dch.inf_amd64_e31d62740aef2af9\igd9dxva64.dll
0x00007ffb54740000 - 0x00007ffb54bae000 	C:\Windows\System32\SETUPAPI.dll
0x00007ffb52860000 - 0x00007ffb528ae000 	C:\Windows\System32\cfgmgr32.dll
0x00007ffb3fad0000 - 0x00007ffb3fe91000 	C:\Windows\System32\DriverStore\FileRepository\iigd_dch.inf_amd64_e31d62740aef2af9\igdgmm64.dll
0x00007ffb0e430000 - 0x00007ffb0e472000 	C:\Users\ACER\.openjfx\cache\21+31\amd64\glass.dll
0x00007ffb53300000 - 0x00007ffb533da000 	C:\Windows\System32\COMDLG32.dll
0x00007ffb52e10000 - 0x00007ffb52f25000 	C:\Windows\System32\MSCTF.dll
0x00007ffaed2c0000 - 0x00007ffaed2e7000 	C:\Windows\System32\DriverStore\FileRepository\iigd_dch.inf_amd64_e31d62740aef2af9\igdinfo64.dll
0x00007ffb38520000 - 0x00007ffb3b726000 	C:\Windows\System32\DriverStore\FileRepository\iigd_dch.inf_amd64_e31d62740aef2af9\igc64.dll
0x00007ffb45e00000 - 0x00007ffb45e3b000 	C:\Windows\SYSTEM32\dxcore.dll
0x00007ffb51700000 - 0x00007ffb517ca000 	C:\Windows\SYSTEM32\DNSAPI.dll
0x00007ffb516b0000 - 0x00007ffb516eb000 	C:\Windows\SYSTEM32\IPHLPAPI.DLL
0x00007ffb536d0000 - 0x00007ffb536d8000 	C:\Windows\System32\NSI.dll
0x00007ffb48890000 - 0x00007ffb4889a000 	C:\Windows\System32\rasadhlp.dll
0x00007ffb44de0000 - 0x00007ffb44e60000 	C:\Windows\System32\fwpuclnt.dll
0x00007ffb51c10000 - 0x00007ffb51c28000 	C:\Windows\SYSTEM32\CRYPTSP.dll
0x00007ffb512d0000 - 0x00007ffb51304000 	C:\Windows\system32\rsaenh.dll
0x00007ffb52180000 - 0x00007ffb521ae000 	C:\Windows\SYSTEM32\USERENV.dll
0x00007ffb51c30000 - 0x00007ffb51c3c000 	C:\Windows\SYSTEM32\CRYPTBASE.dll
0x00007ffb3c7e0000 - 0x00007ffb3c7ee000 	C:\Users\ACER\.jdks\corretto-21.0.4\bin\sunmscapi.dll
0x00007ffb52ab0000 - 0x00007ffb52c0c000 	C:\Windows\System32\CRYPT32.dll
0x00007ffb51d30000 - 0x00007ffb51d57000 	C:\Windows\SYSTEM32\ncrypt.dll
0x00007ffb51cf0000 - 0x00007ffb51d2b000 	C:\Windows\SYSTEM32\NTASN1.dll
0x00007ffb185f0000 - 0x00007ffb18604000 	C:\Users\ACER\.openjfx\cache\21+31\amd64\javafx_font.dll
0x00007ffb1ca70000 - 0x00007ffb1ccef000 	C:\Windows\SYSTEM32\dwrite.dll
0x00007ffb53560000 - 0x00007ffb53609000 	C:\Windows\System32\clbcatq.dll

dbghelp: loaded successfully - version: 4.0.5 - missing functions: none
symbol engine: initialized successfully - sym options: 0x614 - pdb path: .;C:\Users\ACER\.jdks\corretto-21.0.4\bin;C:\Windows\SYSTEM32;C:\Windows\WinSxS\amd64_microsoft.windows.common-controls_6595b64144ccf1df_6.0.19041.4355_none_60b8b9eb71f62e16;C:\Users\ACER\.jdks\corretto-21.0.4\bin\server;C:\Program Files\JetBrains\IntelliJ IDEA 2024.2.3\bin;C:\Users\ACER\.openjfx\cache\21+31\amd64;C:\Windows\System32\DriverStore\FileRepository\iigd_dch.inf_amd64_e31d62740aef2af9;C:\Windows\System32\DriverStore\FileRepository\nvacsig.inf_amd64_7fbaec8834d1b098;C:\Program Files\Common Files\Microsoft Shared\Ink

VM Arguments:
jvm_args: -javaagent:C:\Program Files\JetBrains\IntelliJ IDEA 2024.2.3\lib\idea_rt.jar=59971:C:\Program Files\JetBrains\IntelliJ IDEA 2024.2.3\bin -Dfile.encoding=UTF-8 -Dsun.stdout.encoding=UTF-8 -Dsun.stderr.encoding=UTF-8 --module-path=C:\Users\ACER\OneDrive - vnu.edu.vn\Documents\Librio\target\classes;C:\Users\ACER\.m2\repository\net\synedra\validatorfx\0.4.0\validatorfx-0.4.0.jar;C:\Users\ACER\.m2\repository\org\kordamp\bootstrapfx\bootstrapfx-core\0.4.0\bootstrapfx-core-0.4.0.jar;C:\Users\ACER\.m2\repository\org\json\json\20240303\json-20240303.jar;C:\Users\ACER\.m2\repository\org\openjfx\javafx-base\21\javafx-base-21-win.jar;C:\Users\ACER\.m2\repository\org\kordamp\ikonli\ikonli-core\12.3.1\ikonli-core-12.3.1.jar;C:\Users\ACER\.m2\repository\org\openjfx\javafx-controls\21\javafx-controls-21-win.jar;C:\Users\ACER\.m2\repository\org\openjfx\javafx-graphics\21\javafx-graphics-21-win.jar;C:\Users\ACER\.m2\repository\com\mysql\mysql-connector-j\8.3.0\mysql-connector-j-8.3.0.jar;C:\Users\ACER\.m2\repository\org\controlsfx\controlsfx\11.1.2\controlsfx-11.1.2.jar;C:\Users\ACER\.m2\repository\com\dlsc\formsfx\formsfx-core\11.6.0\formsfx-core-11.6.0.jar;C:\Users\ACER\.m2\repository\org\kordamp\ikonli\ikonli-javafx\12.3.1\ikonli-javafx-12.3.1.jar;C:\Users\ACER\.m2\repository\org\openjfx\javafx-fxml\21\javafx-fxml-21-win.jar -Djdk.module.main=librio 
java_command: librio/librio.HelloApplication
java_class_path (initial): C:\Users\ACER\.m2\repository\org\openjfx\javafx-controls\21\javafx-controls-21.jar;C:\Users\ACER\.m2\repository\org\openjfx\javafx-graphics\21\javafx-graphics-21.jar;C:\Users\ACER\.m2\repository\org\openjfx\javafx-base\21\javafx-base-21.jar;C:\Users\ACER\.m2\repository\org\openjfx\javafx-fxml\21\javafx-fxml-21.jar;C:\Users\ACER\.m2\repository\com\google\protobuf\protobuf-java\3.25.1\protobuf-java-3.25.1.jar
Launcher Type: SUN_STANDARD

[Global flags]
     intx CICompilerCount                          = 4                                         {product} {ergonomic}
     uint ConcGCThreads                            = 3                                         {product} {ergonomic}
     uint G1ConcRefinementThreads                  = 10                                        {product} {ergonomic}
   size_t G1HeapRegionSize                         = 1048576                                   {product} {ergonomic}
    uintx GCDrainStackTargetSize                   = 64                                        {product} {ergonomic}
   size_t InitialHeapSize                          = 132120576                                 {product} {ergonomic}
   size_t MarkStackSize                            = 4194304                                   {product} {ergonomic}
   size_t MaxHeapSize                              = 2090860544                                {product} {ergonomic}
   size_t MaxNewSize                               = 1254096896                                {product} {ergonomic}
   size_t MinHeapDeltaBytes                        = 1048576                                   {product} {ergonomic}
   size_t MinHeapSize                              = 8388608                                   {product} {ergonomic}
    uintx NonNMethodCodeHeapSize                   = 5839372                                {pd product} {ergonomic}
    uintx NonProfiledCodeHeapSize                  = 122909434                              {pd product} {ergonomic}
    uintx ProfiledCodeHeapSize                     = 122909434                              {pd product} {ergonomic}
    uintx ReservedCodeCacheSize                    = 251658240                              {pd product} {ergonomic}
     bool SegmentedCodeCache                       = true                                      {product} {ergonomic}
   size_t SoftMaxHeapSize                          = 2090860544                             {manageable} {ergonomic}
     bool UseCompressedOops                        = true                           {product lp64_product} {ergonomic}
     bool UseG1GC                                  = true                                      {product} {ergonomic}
     bool UseLargePagesIndividualAllocation        = false                                  {pd product} {ergonomic}

Logging:
Log output configuration:
 #0: stdout all=off uptime,level,tags foldmultilines=false
 #1: stderr all=off uptime,level,tags foldmultilines=false

Environment Variables:
JAVA_HOME=C:\Program Files\Java\jdk-22
PATH=C:\Program Files\Common Files\Oracle\Java\javapath;C:\Program Files (x86)\VMware\VMware Workstation\bin\;C:\Windows\system32;C:\Windows;C:\Windows\System32\Wbem;C:\Windows\System32\WindowsPowerShell\v1.0\;C:\Windows\System32\OpenSSH\;C:\Program Files (x86)\NVIDIA Corporation\PhysX\Common;C:\TDM-GCC-64\bin;C:\Program Files\Git\cmd;C:\ProgramData\chocolatey\bin;C:\Program Files (x86)\Windows Kits\10\Windows Performance Toolkit\;C:\Program Files\Cloudflare\Cloudflare WARP;C:\Program Files\Java\jdk-22\bin;C:\Users\ACER\AppData\Local\Programs\Python\Python310\Scripts\;C:\Users\ACER\AppData\Local\Programs\Python\Python310\;C:\Users\ACER\AppData\Local\Microsoft\WindowsApps;C:\Users\ACER\Downloads\bin;C:\Program Files (x86)\Dev-Cpp\MinGW64\bin;C:\MinGW;C:\Users\ACER\AppData\Local\Programs\Microsoft VS Code\bin;;C:\Program Files\JetBrains\IntelliJ IDEA 2024.2.3\bin;
USERNAME=ACER
OS=Windows_NT
PROCESSOR_IDENTIFIER=Intel64 Family 6 Model 141 Stepping 1, GenuineIntel
TMP=C:\Users\ACER\AppData\Local\Temp
TEMP=C:\Users\ACER\AppData\Local\Temp




Periodic native trim disabled

---------------  S Y S T E M  ---------------

OS:
 Windows 10 , 64 bit Build 19041 (10.0.19041.4957)
OS uptime: 5 days 9:47 hours

CPU: total 12 (initial active 12) (6 cores per cpu, 2 threads per core) family 6 model 141 stepping 1 microcode 0x3c, cx8, cmov, fxsr, ht, mmx, 3dnowpref, sse, sse2, sse3, ssse3, sse4.1, sse4.2, popcnt, lzcnt, tsc, tscinvbit, avx, avx2, aes, erms, clmul, bmi1, bmi2, adx, avx512f, avx512dq, avx512cd, avx512bw, avx512vl, sha, fma, vzeroupper, avx512_vpopcntdq, avx512_vpclmulqdq, avx512_vaes, avx512_vnni, clflush, clflushopt, clwb, avx512_vbmi2, avx512_vbmi, rdtscp, rdpid, fsrm, gfni, avx512_bitalg, f16c, pku, cet_ibt, cet_ss, avx512_ifma
Processor Information for all 12 processors :
  Max Mhz: 2688, Current Mhz: 2688, Mhz Limit: 2688

Memory: 4k page, system-wide physical 7971M (701M free)
TotalPageFile size 20690M (AvailPageFile size 5104M)
current process WorkingSet (physical memory assigned to process): 530M, peak: 584M
current process commit charge ("private bytes"): 623M, peak: 681M

vm_info: OpenJDK 64-Bit Server VM (21.0.4+7-LTS) for windows-amd64 JRE (21.0.4+7-LTS), built on 2024-07-10T17:34:29Z by "Administrator" with MS VC++ 16.10 / 16.11 (VS2019)

END.
