#
# A fatal error has been detected by the Java Runtime Environment:
#
#  EXCEPTION_ACCESS_VIOLATION (0xc0000005) at pc=0x00007ff91cde6587, pid=17332, tid=19140
#
# JRE version: OpenJDK Runtime Environment Corretto-21.0.4.7.1 (21.0.4+7) (build 21.0.4+7-LTS)
# Java VM: OpenJDK 64-Bit Server VM Corretto-21.0.4.7.1 (21.0.4+7-LTS, mixed mode, sharing, tiered, compressed oops, compressed class ptrs, g1 gc, windows-amd64)
# Problematic frame:
# C  [glass.dll+0x26587]
#
# No core dump will be written. Minidumps are not enabled by default on client versions of Windows
#
# If you would like to submit a bug report, please visit:
#   https://github.com/corretto/corretto-21/issues/
#

---------------  S U M M A R Y ------------

Command Line: -javaagent:C:\Program Files\JetBrains\IntelliJ IDEA 2024.2.3\lib\idea_rt.jar=60818:C:\Program Files\JetBrains\IntelliJ IDEA 2024.2.3\bin -Dfile.encoding=UTF-8 -Dsun.stdout.encoding=UTF-8 -Dsun.stderr.encoding=UTF-8 --module-path=C:\Users\ACER\.m2\repository\org\openjfx\javafx-controls\21\javafx-controls-21-win.jar;C:\Users\ACER\.m2\repository\org\openjfx\javafx-graphics\21\javafx-graphics-21-win.jar;C:\Users\ACER\.m2\repository\org\kordamp\bootstrapfx\bootstrapfx-core\0.4.0\bootstrapfx-core-0.4.0.jar;C:\Users\ACER\.m2\repository\org\json\json\20240303\json-20240303.jar;C:\Users\ACER\.m2\repository\org\controlsfx\controlsfx\11.1.2\controlsfx-11.1.2.jar;C:\Users\ACER\.m2\repository\com\dlsc\formsfx\formsfx-core\11.6.0\formsfx-core-11.6.0.jar;C:\Users\ACER\.m2\repository\org\openjfx\javafx-fxml\21\javafx-fxml-21-win.jar;C:\Users\ACER\.m2\repository\net\synedra\validatorfx\0.4.0\validatorfx-0.4.0.jar;C:\Users\ACER\.m2\repository\org\kordamp\ikonli\ikonli-javafx\12.3.1\ikonli-javafx-12.3.1.jar;C:\Users\ACER\.m2\repository\com\mysql\mysql-connector-j\8.3.0\mysql-connector-j-8.3.0.jar;C:\Users\ACER\OneDrive - vnu.edu.vn\Documents\Librio\target\classes;C:\Users\ACER\.m2\repository\org\kordamp\ikonli\ikonli-core\12.3.1\ikonli-core-12.3.1.jar;C:\Users\ACER\.m2\repository\org\openjfx\javafx-base\21\javafx-base-21-win.jar -Djdk.module.main=librio librio/librio.HelloApplication

Host: 11th Gen Intel(R) Core(TM) i5-11400H @ 2.70GHz, 12 cores, 7G,  Windows 10 , 64 bit Build 19041 (10.0.19041.4957)
Time: Sat Nov  2 13:44:19 2024 SE Asia Standard Time elapsed time: 604.650223 seconds (0d 0h 10m 4s)

---------------  T H R E A D  ---------------

Current thread (0x000002c1004b89d0):  VMThread "VM Thread"          [id=19140, stack(0x000000fe48300000,0x000000fe48400000) (1024K)]

Stack: [0x000000fe48300000,0x000000fe48400000],  sp=0x000000fe483fec40,  free space=1019k
Native frames: (J=compiled Java code, j=interpreted, Vv=VM code, C=native code)
C  [glass.dll+0x26587]


siginfo: EXCEPTION_ACCESS_VIOLATION (0xc0000005), reading address 0x0000000000000000


Registers:
RAX=0x0000000000000000, RBX=0x000002c1004c0f72, RCX=0x000002c1004b89d0, RDX=0x000000fe483fec40
RSP=0x000000fe483fec40, RBP=0x000002c14723b118, RSI=0x000002c14723b0f0, RDI=0x00000cc163027229
R8 =0x0000000000010002, R9 =0x00000cc163027229, R10=0x0000000000008000, R11=0x000000fe483febd0
R12=0x00007ff91cde3ed0, R13=0x00007ff908b9e1c0, R14=0x000000fe483fed38, R15=0x000002c14723b0f0
RIP=0x00007ff91cde6587, EFLAGS=0x0000000000010202


Register to memory mapping:

RAX=0x0 is null
RBX=0x000002c1004c0f72 is a global jni handle
RCX=0x000002c1004b89d0 points into unknown readable memory: 0x00007ff90899d8a0 | a0 d8 99 08 f9 7f 00 00
RDX=0x000000fe483fec40 points into unknown readable memory: 0x0000000000000000 | 00 00 00 00 00 00 00 00
RSP=0x000000fe483fec40 points into unknown readable memory: 0x0000000000000000 | 00 00 00 00 00 00 00 00
RBP=0x000002c14723b118 points into unknown readable memory: 0x00000cc163027229 | 29 72 02 63 c1 0c 00 00
RSI=0x000002c14723b0f0 points into unknown readable memory: 0xbc73dcc163fd8010 | 10 80 fd 63 c1 dc 73 bc
RDI=0x00000cc163027229 is an unknown value
R8 =0x0000000000010002 is an unknown value
R9 =0x00000cc163027229 is an unknown value
R10=0x0000000000008000 is an unknown value
R11=0x000000fe483febd0 points into unknown readable memory: 0x000002c14723b0f0 | f0 b0 23 47 c1 02 00 00
R12=0x00007ff91cde3ed0 glass.dll
R13=0x00007ff908b9e1c0 jvm.dll
R14=0x000000fe483fed38 points into unknown readable memory: 0x000000fe483fed20 | 20 ed 3f 48 fe 00 00 00
R15=0x000002c14723b0f0 points into unknown readable memory: 0xbc73dcc163fd8010 | 10 80 fd 63 c1 dc 73 bc

Top of Stack: (sp=0x000000fe483fec40)
0x000000fe483fec40:   0000000000000000 000002c14723b0f0
0x000000fe483fec50:   00007ff908b9e1c0 00007ff91cde3ed0
0x000000fe483fec60:   000002c14723b0f8 00007ff95b1342d6
0x000000fe483fec70:   00000cc163027229 000002c100000000
0x000000fe483fec80:   000002c14723b118 000002c14723b0f0
0x000000fe483fec90:   fffffffffffffffe 0000000000000000
0x000000fe483feca0:   0000000000000001 00007ff91cdc0000
0x000000fe483fecb0:   000000fe483fed28 00007ff95b1341fb
0x000000fe483fecc0:   0000000000000000 000000fe483fed38
0x000000fe483fecd0:   000000fe483ff010 00007ff95b210e40
0x000000fe483fece0:   0000000000000001 00007ff95b1341b4
0x000000fe483fecf0:   0000000000000000 0000000000000001
0x000000fe483fed00:   00007ff900000001 000000fe483fed28
0x000000fe483fed10:   0000000000000000 00007ff91cde3d5d
0x000000fe483fed20:   00007ff91cdfa008 00007ff900000002
0x000000fe483fed30:   0000000000000002 000000fe483fed20
0x000000fe483fed40:   0000000000000000 00007ff95d489993
0x000000fe483fed50:   0000000000000000 00007ff91cde3e82
0x000000fe483fed60:   0000000000000001 000000fe483ff000
0x000000fe483fed70:   0000000000000060 0000000000000001
0x000000fe483fed80:   00007ff944bcddd0 0000000000000000
0x000000fe483fed90:   0000000000000001 00007ff944bce260
0x000000fe483feda0:   00007ff91cdc0000 000000007ffe0384
0x000000fe483fedb0:   0000000000000000 00007ff95d489a1d
0x000000fe483fedc0:   00007ff91cdc0000 0000000000000000
0x000000fe483fedd0:   0000000000000001 000000007ffe0385
0x000000fe483fede0:   0000000000000000 00007ff95d4cf331
0x000000fe483fedf0:   0000117bb1ad9800 0000000000000014
0x000000fe483fee00:   00007ff91cde3ed0 0000000000000000
0x000000fe483fee10:   0000000000000000 000000fe47789000
0x000000fe483fee20:   000002c146818e30 00007ff95d4cf1ca
0x000000fe483fee30:   000002c146818ce0 00007ff91cdc0000 

Instructions: (pc=0x00007ff91cde6587)
0x00007ff91cde6487:   8b 4d 58 e8 8d cf ff ff 48 8b 4d 60 e8 84 cf ff
0x00007ff91cde6497:   ff 48 8b 95 80 00 00 00 48 8b 8d 18 01 00 00 e8
0x00007ff91cde64a7:   76 c4 ff ff 33 d2 33 c9 e8 cc e1 ff ff 90 48 89
0x00007ff91cde64b7:   54 24 10 55 48 83 ec 20 48 8b ea 48 b8 00 00 00
0x00007ff91cde64c7:   00 00 00 00 00 48 83 c4 20 5d c3 cc 40 55 48 8b
0x00007ff91cde64d7:   ea 48 8b 01 33 c9 81 38 05 00 00 c0 0f 94 c1 8b
0x00007ff91cde64e7:   c1 5d c3 cc 40 55 48 83 ec 20 48 8b ea 8a 4d 40
0x00007ff91cde64f7:   48 83 c4 20 5d e9 73 d3 ff ff cc 40 55 48 83 ec
0x00007ff91cde6507:   20 48 8b ea 8a 4d 20 e8 61 d3 ff ff 90 48 83 c4
0x00007ff91cde6517:   20 5d c3 cc 40 55 48 83 ec 20 48 8b ea 48 83 c4
0x00007ff91cde6527:   20 5d e9 c2 d1 ff ff cc 40 55 48 83 ec 30 48 8b
0x00007ff91cde6537:   ea 48 8b 01 8b 10 48 89 4c 24 28 89 54 24 20 4c
0x00007ff91cde6547:   8d 0d 63 d6 ff ff 4c 8b 45 70 8b 55 68 48 8b 4d
0x00007ff91cde6557:   60 e8 03 d1 ff ff 90 48 83 c4 30 5d c3 cc cc cc
0x00007ff91cde6567:   cc cc cc cc cc cc cc cc cc 40 53 48 83 ec 20 48
0x00007ff91cde6577:   8b 1d 8b 34 01 00 48 85 db 74 16 e8 89 8f ff ff
0x00007ff91cde6587:   4c 8b 00 48 8b d3 48 8b c8 41 ff 90 b0 00 00 00
0x00007ff91cde6597:   90 48 83 c4 20 5b c3 cc cc 40 53 48 83 ec 20 48
0x00007ff91cde65a7:   8b 1d fb 35 01 00 48 85 db 74 57 b8 ff ff ff ff
0x00007ff91cde65b7:   f0 0f c1 43 10 83 f8 01 75 3d 48 85 db 74 38 48
0x00007ff91cde65c7:   8b 0b 48 85 c9 74 0d ff 15 d4 0c 00 00 48 c7 03
0x00007ff91cde65d7:   00 00 00 00 48 8b 4b 08 48 85 c9 74 0d e8 33 ce
0x00007ff91cde65e7:   ff ff 48 c7 43 08 00 00 00 00 ba 18 00 00 00 48
0x00007ff91cde65f7:   8b cb e8 1e ce ff ff 48 c7 05 9f 35 01 00 00 00
0x00007ff91cde6607:   00 00 48 83 c4 20 5b c3 cc 40 53 48 83 ec 20 48
0x00007ff91cde6617:   8b 1d 6b 35 01 00 48 85 db 74 57 b8 ff ff ff ff
0x00007ff91cde6627:   f0 0f c1 43 10 83 f8 01 75 3d 48 85 db 74 38 48
0x00007ff91cde6637:   8b 0b 48 85 c9 74 0d ff 15 64 0c 00 00 48 c7 03
0x00007ff91cde6647:   00 00 00 00 48 8b 4b 08 48 85 c9 74 0d e8 c3 cd
0x00007ff91cde6657:   ff ff 48 c7 43 08 00 00 00 00 ba 18 00 00 00 48
0x00007ff91cde6667:   8b cb e8 ae cd ff ff 48 c7 05 0f 35 01 00 00 00
0x00007ff91cde6677:   00 00 48 83 c4 20 5b c3 cc 40 53 48 83 ec 20 48 


Stack slot to memory mapping:

stack at sp + 0 slots: 0x0 is null
stack at sp + 1 slots: 0x000002c14723b0f0 points into unknown readable memory: 0xbc73dcc163fd8010 | 10 80 fd 63 c1 dc 73 bc
stack at sp + 2 slots: 0x00007ff908b9e1c0 jvm.dll
stack at sp + 3 slots: 0x00007ff91cde3ed0 glass.dll
stack at sp + 4 slots: 0x000002c14723b0f8 points into unknown readable memory: 0x00000cc163027229 | 29 72 02 63 c1 0c 00 00
stack at sp + 5 slots: 0x00007ff95b1342d6 ucrtbase.dll
stack at sp + 6 slots: 0x00000cc163027229 is an unknown value
stack at sp + 7 slots: 0x000002c100000000 is an unknown value

VM_Operation (0x000000fe4b1feea0): Exit, mode: safepoint, requested by thread 0x000002c14719d7b0


---------------  P R O C E S S  ---------------

Threads class SMR info:
_java_thread_list=0x000002c146f21fd0, length=23, elements={
0x000002c16342dd90, 0x000002c1004d8d40, 0x000002c1004d9e10, 0x000002c1004df070,
0x000002c1004dff20, 0x000002c1004e4e70, 0x000002c1004edba0, 0x000002c1004f0c10,
0x000002c1004e75d0, 0x000002c1004e47e0, 0x000002c1004e5500, 0x000002c1004e68b0,
0x000002c1004e5b90, 0x000002c1004e7c60, 0x000002c1004e6220, 0x000002c1004e6f40,
0x000002c14719f880, 0x000002c14719c400, 0x000002c14719ca90, 0x000002c14719eb60,
0x000002c1471a05a0, 0x000002c14719d120, 0x000002c14719d7b0
}

Java Threads: ( => current thread )
  0x000002c16342dd90 JavaThread "main"                              [_thread_blocked, id=7788, stack(0x000000fe47c00000,0x000000fe47d00000) (1024K)]
  0x000002c1004d8d40 JavaThread "Reference Handler"          daemon [_thread_blocked, id=11616, stack(0x000000fe48400000,0x000000fe48500000) (1024K)]
  0x000002c1004d9e10 JavaThread "Finalizer"                  daemon [_thread_blocked, id=1732, stack(0x000000fe48500000,0x000000fe48600000) (1024K)]
  0x000002c1004df070 JavaThread "Attach Listener"            daemon [_thread_blocked, id=18640, stack(0x000000fe48700000,0x000000fe48800000) (1024K)]
  0x000002c1004dff20 JavaThread "Service Thread"             daemon [_thread_blocked, id=5096, stack(0x000000fe48800000,0x000000fe48900000) (1024K)]
  0x000002c1004e4e70 JavaThread "Monitor Deflation Thread"   daemon [_thread_blocked, id=17636, stack(0x000000fe48900000,0x000000fe48a00000) (1024K)]
  0x000002c1004edba0 JavaThread "C2 CompilerThread0"         daemon [_thread_blocked, id=13952, stack(0x000000fe48a00000,0x000000fe48b00000) (1024K)]
  0x000002c1004f0c10 JavaThread "C1 CompilerThread0"         daemon [_thread_blocked, id=17364, stack(0x000000fe48b00000,0x000000fe48c00000) (1024K)]
  0x000002c1004e75d0 JavaThread "Common-Cleaner"             daemon [_thread_blocked, id=23556, stack(0x000000fe48c00000,0x000000fe48d00000) (1024K)]
  0x000002c1004e47e0 JavaThread "Monitor Ctrl-Break"         daemon [_thread_in_native, id=24328, stack(0x000000fe48f00000,0x000000fe49000000) (1024K)]
  0x000002c1004e5500 JavaThread "Notification Thread"        daemon [_thread_blocked, id=20152, stack(0x000000fe49000000,0x000000fe49100000) (1024K)]
  0x000002c1004e68b0 JavaThread "QuantumRenderer-0"          daemon [_thread_blocked, id=15468, stack(0x000000fe49100000,0x000000fe49200000) (1024K)]
  0x000002c1004e5b90 JavaThread "InvokeLaterDispatcher"      daemon [_thread_blocked, id=496, stack(0x000000fe49300000,0x000000fe49400000) (1024K)]
  0x000002c1004e7c60 JavaThread "JavaFX Application Thread"         [_thread_in_native, id=19400, stack(0x000000fe49400000,0x000000fe49500000) (1024K)]
  0x000002c1004e6220 JavaThread "JavaFX-Launcher"                   [_thread_blocked, id=20288, stack(0x000000fe49d00000,0x000000fe49e00000) (1024K)]
  0x000002c1004e6f40 JavaThread "Thread-2"                   daemon [_thread_in_native, id=12428, stack(0x000000fe49c00000,0x000000fe49d00000) (1024K)]
  0x000002c14719f880 JavaThread "mysql-cj-abandoned-connection-cleanup" daemon [_thread_blocked, id=8620, stack(0x000000fe49e00000,0x000000fe49f00000) (1024K)]
  0x000002c14719c400 JavaThread "Prism Font Disposer"        daemon [_thread_blocked, id=19868, stack(0x000000fe4a300000,0x000000fe4a400000) (1024K)]
  0x000002c14719ca90 JavaThread "Cleaner-0"                  daemon [_thread_blocked, id=6064, stack(0x000000fe4a900000,0x000000fe4aa00000) (1024K)]
  0x000002c14719eb60 JavaThread "pool-2-thread-1"                   [_thread_blocked, id=20412, stack(0x000000fe48d00000,0x000000fe48e00000) (1024K)]
  0x000002c1471a05a0 JavaThread "pool-2-thread-2"                   [_thread_blocked, id=17896, stack(0x000000fe4b000000,0x000000fe4b100000) (1024K)]
  0x000002c14719d120 JavaThread "pool-3-thread-1"                   [_thread_blocked, id=21368, stack(0x000000fe4ad00000,0x000000fe4ae00000) (1024K)]
  0x000002c14719d7b0 JavaThread "SIGINT handler"             daemon [_thread_blocked, id=2916, stack(0x000000fe4b100000,0x000000fe4b200000) (1024K)]
Total: 23

Other Threads:
=>0x000002c1004b89d0 VMThread "VM Thread"                           [id=19140, stack(0x000000fe48300000,0x000000fe48400000) (1024K)]
  0x000002c163483c20 WorkerThread "GC Thread#0"                     [id=22120, stack(0x000000fe47d00000,0x000000fe47e00000) (1024K)]
  0x000002c147465970 WorkerThread "GC Thread#1"                     [id=23832, stack(0x000000fe49700000,0x000000fe49800000) (1024K)]
  0x000002c1473a23c0 WorkerThread "GC Thread#2"                     [id=2412, stack(0x000000fe49800000,0x000000fe49900000) (1024K)]
  0x000002c1473a2760 WorkerThread "GC Thread#3"                     [id=6084, stack(0x000000fe49900000,0x000000fe49a00000) (1024K)]
  0x000002c1473aee10 WorkerThread "GC Thread#4"                     [id=1112, stack(0x000000fe49a00000,0x000000fe49b00000) (1024K)]
  0x000002c1473d8c70 WorkerThread "GC Thread#5"                     [id=7584, stack(0x000000fe49b00000,0x000000fe49c00000) (1024K)]
  0x000002c147506c30 WorkerThread "GC Thread#6"                     [id=18440, stack(0x000000fe49f00000,0x000000fe4a000000) (1024K)]
  0x000002c1473541f0 WorkerThread "GC Thread#7"                     [id=12804, stack(0x000000fe4a000000,0x000000fe4a100000) (1024K)]
  0x000002c14cae3820 WorkerThread "GC Thread#8"                     [id=13300, stack(0x000000fe4a100000,0x000000fe4a200000) (1024K)]
  0x000002c1475dc220 WorkerThread "GC Thread#9"                     [id=19524, stack(0x000000fe4a200000,0x000000fe4a300000) (1024K)]
  0x000002c163495700 ConcurrentGCThread "G1 Main Marker"            terminated
  0x000002c163496200 WorkerThread "G1 Conc#0"                       [id=22864, stack(0x000000fe47f00000,0x000000fe48000000) (1024K)]
  0x000002c1475dcd00 WorkerThread "G1 Conc#1"                       [id=11172, stack(0x000000fe4a700000,0x000000fe4a800000) (1024K)]
  0x000002c1475dd7e0 WorkerThread "G1 Conc#2"                       [id=9976, stack(0x000000fe4a800000,0x000000fe4a900000) (1024K)]
  0x000002c1634fe500 ConcurrentGCThread "G1 Refine#0"               terminated
  0x000002c10036a280 ConcurrentGCThread "G1 Service"                terminated
Total: 17

Threads with active compile tasks:
C2 CompilerThread0   604720 8816       4       java.lang.invoke.MemberName::getMethodOrFieldType (72 bytes)
C1 CompilerThread0   604720 8817       3       java.lang.invoke.MethodTypeForm::<init> (322 bytes)
Total: 2

VM state: at safepoint (shutting down)

VM Mutex/Monitor currently owned by a thread:  ([mutex/lock_event])
[0x00007ff908b762a8] Threads_lock - owner thread: 0x000002c1004b89d0
[0x00007ff908b763a8] Heap_lock - owner thread: 0x000002c14719d7b0

Heap address: 0x0000000083600000, size: 1994 MB, Compressed Oops mode: 32-bit

CDS archive(s) mapped at: [0x000002c101000000-0x000002c101c90000-0x000002c101c90000), size 13172736, SharedBaseAddress: 0x000002c101000000, ArchiveRelocationMode: 1.
Compressed class space mapped at: 0x000002c102000000-0x000002c142000000, reserved size: 1073741824
Narrow klass base: 0x000002c101000000, Narrow klass shift: 0, Narrow klass range: 0x100000000

GC Precious Log:
 CardTable entry size: 512
 Card Set container configuration: InlinePtr #cards 5 size 8 Array Of Cards #cards 12 size 40 Howl #buckets 4 coarsen threshold 1843 Howl Bitmap #cards 512 size 80 coarsen threshold 460 Card regions per heap region 1 cards per card region 2048
 CPUs: 12 total, 12 available
 Memory: 7971M
 Large Page Support: Disabled
 NUMA Support: Disabled
 Compressed Oops: Enabled (32-bit)
 Heap Region Size: 1M
 Heap Min Capacity: 8M
 Heap Initial Capacity: 126M
 Heap Max Capacity: 1994M
 Pre-touch: Disabled
 Parallel Workers: 10
 Concurrent Workers: 3
 Concurrent Refinement Workers: 10
 Periodic GC: Disabled

Heap:
 garbage-first heap   total 79872K, used 45866K [0x0000000083600000, 0x0000000100000000)
  region size 1024K, 13 young (13312K), 1 survivors (1024K)
 Metaspace       used 34597K, committed 35008K, reserved 1114112K
  class space    used 4663K, committed 4864K, reserved 1048576K

Heap Regions: E=young(eden), S=young(survivor), O=old, HS=humongous(starts), HC=humongous(continues), CS=collection set, F=free, TAMS=top-at-mark-start, PB=parsable bottom
|   0|0x0000000083600000, 0x0000000083700000, 0x0000000083700000|100%| O|  |TAMS 0x0000000083600000| PB 0x0000000083600000| Untracked 
|   1|0x0000000083700000, 0x0000000083800000, 0x0000000083800000|100%| O|  |TAMS 0x0000000083700000| PB 0x0000000083700000| Untracked 
|   2|0x0000000083800000, 0x0000000083900000, 0x0000000083900000|100%|HS|  |TAMS 0x0000000083800000| PB 0x0000000083800000| Complete 
|   3|0x0000000083900000, 0x0000000083a00000, 0x0000000083a00000|100%|HS|  |TAMS 0x0000000083900000| PB 0x0000000083900000| Complete 
|   4|0x0000000083a00000, 0x0000000083b00000, 0x0000000083b00000|100%|HC|  |TAMS 0x0000000083a00000| PB 0x0000000083a00000| Complete 
|   5|0x0000000083b00000, 0x0000000083c00000, 0x0000000083c00000|100%| O|  |TAMS 0x0000000083b00000| PB 0x0000000083b00000| Untracked 
|   6|0x0000000083c00000, 0x0000000083d00000, 0x0000000083d00000|100%| O|  |TAMS 0x0000000083c00000| PB 0x0000000083c00000| Untracked 
|   7|0x0000000083d00000, 0x0000000083e00000, 0x0000000083e00000|100%| O|  |TAMS 0x0000000083d00000| PB 0x0000000083d00000| Untracked 
|   8|0x0000000083e00000, 0x0000000083f00000, 0x0000000083f00000|100%| O|  |TAMS 0x0000000083e00000| PB 0x0000000083e00000| Untracked 
|   9|0x0000000083f00000, 0x0000000084000000, 0x0000000084000000|100%| O|  |TAMS 0x0000000083f00000| PB 0x0000000083f00000| Untracked 
|  10|0x0000000084000000, 0x0000000084100000, 0x0000000084100000|100%| O|  |TAMS 0x0000000084000000| PB 0x0000000084000000| Untracked 
|  11|0x0000000084100000, 0x0000000084200000, 0x0000000084200000|100%| O|  |TAMS 0x0000000084100000| PB 0x0000000084100000| Untracked 
|  12|0x0000000084200000, 0x0000000084300000, 0x0000000084300000|100%| O|  |TAMS 0x0000000084200000| PB 0x0000000084200000| Untracked 
|  13|0x0000000084300000, 0x0000000084400000, 0x0000000084400000|100%| O|  |TAMS 0x0000000084300000| PB 0x0000000084300000| Untracked 
|  14|0x0000000084400000, 0x0000000084500000, 0x0000000084500000|100%| O|Cm|TAMS 0x0000000084400000| PB 0x0000000084400000| Complete 
|  15|0x0000000084500000, 0x0000000084600000, 0x0000000084600000|100%| O|  |TAMS 0x0000000084500000| PB 0x0000000084500000| Untracked 
|  16|0x0000000084600000, 0x0000000084700000, 0x0000000084700000|100%| O|  |TAMS 0x0000000084600000| PB 0x0000000084600000| Untracked 
|  17|0x0000000084700000, 0x0000000084700000, 0x0000000084800000|  0%| F|  |TAMS 0x0000000084700000| PB 0x0000000084700000| Untracked 
|  18|0x0000000084800000, 0x0000000084900000, 0x0000000084900000|100%| O|  |TAMS 0x0000000084800000| PB 0x0000000084800000| Untracked 
|  19|0x0000000084900000, 0x0000000084a00000, 0x0000000084a00000|100%| O|  |TAMS 0x0000000084900000| PB 0x0000000084900000| Untracked 
|  20|0x0000000084a00000, 0x0000000084b00000, 0x0000000084b00000|100%|HS|  |TAMS 0x0000000084a00000| PB 0x0000000084a00000| Complete 
|  21|0x0000000084b00000, 0x0000000084c00000, 0x0000000084c00000|100%|HC|  |TAMS 0x0000000084b00000| PB 0x0000000084b00000| Complete 
|  22|0x0000000084c00000, 0x0000000084c00000, 0x0000000084d00000|  0%| F|  |TAMS 0x0000000084c00000| PB 0x0000000084c00000| Untracked 
|  23|0x0000000084d00000, 0x0000000084e00000, 0x0000000084e00000|100%| O|  |TAMS 0x0000000084d00000| PB 0x0000000084d00000| Untracked 
|  24|0x0000000084e00000, 0x0000000084f00000, 0x0000000084f00000|100%| O|Cm|TAMS 0x0000000084e00000| PB 0x0000000084e00000| Complete 
|  25|0x0000000084f00000, 0x0000000085000000, 0x0000000085000000|100%| O|  |TAMS 0x0000000084f00000| PB 0x0000000084f00000| Untracked 
|  26|0x0000000085000000, 0x0000000085100000, 0x0000000085100000|100%| O|  |TAMS 0x0000000085000000| PB 0x0000000085000000| Untracked 
|  27|0x0000000085100000, 0x0000000085100000, 0x0000000085200000|  0%| F|  |TAMS 0x0000000085100000| PB 0x0000000085100000| Untracked 
|  28|0x0000000085200000, 0x0000000085300000, 0x0000000085300000|100%| O|  |TAMS 0x0000000085200000| PB 0x0000000085200000| Untracked 
|  29|0x0000000085300000, 0x0000000085300000, 0x0000000085400000|  0%| F|  |TAMS 0x0000000085300000| PB 0x0000000085300000| Untracked 
|  30|0x0000000085400000, 0x0000000085500000, 0x0000000085500000|100%| O|  |TAMS 0x0000000085400000| PB 0x0000000085400000| Untracked 
|  31|0x0000000085500000, 0x0000000085600000, 0x0000000085600000|100%|HS|  |TAMS 0x0000000085500000| PB 0x0000000085500000| Complete 
|  32|0x0000000085600000, 0x0000000085700000, 0x0000000085700000|100%|HC|  |TAMS 0x0000000085600000| PB 0x0000000085600000| Complete 
|  33|0x0000000085700000, 0x0000000085700000, 0x0000000085800000|  0%| F|  |TAMS 0x0000000085700000| PB 0x0000000085700000| Untracked 
|  34|0x0000000085800000, 0x0000000085800000, 0x0000000085900000|  0%| F|  |TAMS 0x0000000085800000| PB 0x0000000085800000| Untracked 
|  35|0x0000000085900000, 0x0000000085900000, 0x0000000085a00000|  0%| F|  |TAMS 0x0000000085900000| PB 0x0000000085900000| Untracked 
|  36|0x0000000085a00000, 0x0000000085a00000, 0x0000000085b00000|  0%| F|  |TAMS 0x0000000085a00000| PB 0x0000000085a00000| Untracked 
|  37|0x0000000085b00000, 0x0000000085b00000, 0x0000000085c00000|  0%| F|  |TAMS 0x0000000085b00000| PB 0x0000000085b00000| Untracked 
|  38|0x0000000085c00000, 0x0000000085c00000, 0x0000000085d00000|  0%| F|  |TAMS 0x0000000085c00000| PB 0x0000000085c00000| Untracked 
|  39|0x0000000085d00000, 0x0000000085d00000, 0x0000000085e00000|  0%| F|  |TAMS 0x0000000085d00000| PB 0x0000000085d00000| Untracked 
|  40|0x0000000085e00000, 0x0000000085e00000, 0x0000000085f00000|  0%| F|  |TAMS 0x0000000085e00000| PB 0x0000000085e00000| Untracked 
|  41|0x0000000085f00000, 0x0000000085f00000, 0x0000000086000000|  0%| F|  |TAMS 0x0000000085f00000| PB 0x0000000085f00000| Untracked 
|  42|0x0000000086000000, 0x0000000086000000, 0x0000000086100000|  0%| F|  |TAMS 0x0000000086000000| PB 0x0000000086000000| Untracked 
|  43|0x0000000086100000, 0x0000000086200000, 0x0000000086200000|100%|HS|  |TAMS 0x0000000086100000| PB 0x0000000086100000| Complete 
|  44|0x0000000086200000, 0x0000000086300000, 0x0000000086300000|100%|HC|  |TAMS 0x0000000086200000| PB 0x0000000086200000| Complete 
|  45|0x0000000086300000, 0x0000000086400000, 0x0000000086400000|100%|HC|  |TAMS 0x0000000086300000| PB 0x0000000086300000| Complete 
|  46|0x0000000086400000, 0x0000000086500000, 0x0000000086500000|100%|HC|  |TAMS 0x0000000086400000| PB 0x0000000086400000| Complete 
|  47|0x0000000086500000, 0x0000000086500000, 0x0000000086600000|  0%| F|  |TAMS 0x0000000086500000| PB 0x0000000086500000| Untracked 
|  48|0x0000000086600000, 0x0000000086600000, 0x0000000086700000|  0%| F|  |TAMS 0x0000000086600000| PB 0x0000000086600000| Untracked 
|  49|0x0000000086700000, 0x0000000086700000, 0x0000000086800000|  0%| F|  |TAMS 0x0000000086700000| PB 0x0000000086700000| Untracked 
|  50|0x0000000086800000, 0x0000000086800000, 0x0000000086900000|  0%| F|  |TAMS 0x0000000086800000| PB 0x0000000086800000| Untracked 
|  51|0x0000000086900000, 0x0000000086900000, 0x0000000086a00000|  0%| F|  |TAMS 0x0000000086900000| PB 0x0000000086900000| Untracked 
|  52|0x0000000086a00000, 0x0000000086a00000, 0x0000000086b00000|  0%| F|  |TAMS 0x0000000086a00000| PB 0x0000000086a00000| Untracked 
|  53|0x0000000086b00000, 0x0000000086b00000, 0x0000000086c00000|  0%| F|  |TAMS 0x0000000086b00000| PB 0x0000000086b00000| Untracked 
|  54|0x0000000086c00000, 0x0000000086c00000, 0x0000000086d00000|  0%| F|  |TAMS 0x0000000086c00000| PB 0x0000000086c00000| Untracked 
|  55|0x0000000086d00000, 0x0000000086d00000, 0x0000000086e00000|  0%| F|  |TAMS 0x0000000086d00000| PB 0x0000000086d00000| Untracked 
|  56|0x0000000086e00000, 0x0000000086e00000, 0x0000000086f00000|  0%| F|  |TAMS 0x0000000086e00000| PB 0x0000000086e00000| Untracked 
|  57|0x0000000086f00000, 0x0000000086f00000, 0x0000000087000000|  0%| F|  |TAMS 0x0000000086f00000| PB 0x0000000086f00000| Untracked 
|  58|0x0000000087000000, 0x0000000087000000, 0x0000000087100000|  0%| F|  |TAMS 0x0000000087000000| PB 0x0000000087000000| Untracked 
|  59|0x0000000087100000, 0x0000000087100000, 0x0000000087200000|  0%| F|  |TAMS 0x0000000087100000| PB 0x0000000087100000| Untracked 
|  60|0x0000000087200000, 0x0000000087200000, 0x0000000087300000|  0%| F|  |TAMS 0x0000000087200000| PB 0x0000000087200000| Untracked 
|  61|0x0000000087300000, 0x0000000087300000, 0x0000000087400000|  0%| F|  |TAMS 0x0000000087300000| PB 0x0000000087300000| Untracked 
|  62|0x0000000087400000, 0x0000000087400000, 0x0000000087500000|  0%| F|  |TAMS 0x0000000087400000| PB 0x0000000087400000| Untracked 
|  63|0x0000000087500000, 0x0000000087543b88, 0x0000000087600000| 26%| E|  |TAMS 0x0000000087500000| PB 0x0000000087500000| Complete 
|  64|0x0000000087600000, 0x0000000087700000, 0x0000000087700000|100%| E|CS|TAMS 0x0000000087600000| PB 0x0000000087600000| Complete 
|  94|0x0000000089400000, 0x0000000089500000, 0x0000000089500000|100%| E|  |TAMS 0x0000000089400000| PB 0x0000000089400000| Complete 
|  95|0x0000000089500000, 0x0000000089600000, 0x0000000089600000|100%| E|CS|TAMS 0x0000000089500000| PB 0x0000000089500000| Complete 
|  96|0x0000000089600000, 0x0000000089700000, 0x0000000089700000|100%| E|CS|TAMS 0x0000000089600000| PB 0x0000000089600000| Complete 
|  97|0x0000000089700000, 0x0000000089800000, 0x0000000089800000|100%| E|CS|TAMS 0x0000000089700000| PB 0x0000000089700000| Complete 
|  98|0x0000000089800000, 0x0000000089900000, 0x0000000089900000|100%| E|CS|TAMS 0x0000000089800000| PB 0x0000000089800000| Complete 
|  99|0x0000000089900000, 0x0000000089a00000, 0x0000000089a00000|100%| E|CS|TAMS 0x0000000089900000| PB 0x0000000089900000| Complete 
| 100|0x0000000089a00000, 0x0000000089ab35c8, 0x0000000089b00000| 70%| S|CS|TAMS 0x0000000089a00000| PB 0x0000000089a00000| Complete 
| 101|0x0000000089b00000, 0x0000000089c00000, 0x0000000089c00000|100%| E|CS|TAMS 0x0000000089b00000| PB 0x0000000089b00000| Complete 
| 125|0x000000008b300000, 0x000000008b400000, 0x000000008b400000|100%| E|CS|TAMS 0x000000008b300000| PB 0x000000008b300000| Complete 
|1990|0x00000000ffc00000, 0x00000000ffc172e0, 0x00000000ffd00000|  9%| O|  |TAMS 0x00000000ffc00000| PB 0x00000000ffc00000| Untracked 
|1991|0x00000000ffd00000, 0x00000000ffe00000, 0x00000000ffe00000|100%| O|  |TAMS 0x00000000ffd00000| PB 0x00000000ffd00000| Untracked 
|1992|0x00000000ffe00000, 0x00000000fff00000, 0x00000000fff00000|100%| E|CS|TAMS 0x00000000ffe00000| PB 0x00000000ffe00000| Complete 
|1993|0x00000000fff00000, 0x0000000100000000, 0x0000000100000000|100%| E|CS|TAMS 0x00000000fff00000| PB 0x00000000fff00000| Complete 

Card table byte_map: [0x000002c17b470000,0x000002c17b860000] _byte_map_base: 0x000002c17b055000

Marking Bits: (CMBitMap*) 0x000002c163484320
 Bits: [0x000002c17b860000, 0x000002c17d788000)

Polling page: 0x000002c161210000

Metaspace:

Usage:
  Non-class:     29.23 MB used.
      Class:      4.55 MB used.
       Both:     33.79 MB used.

Virtual space:
  Non-class space:       64.00 MB reserved,      29.44 MB ( 46%) committed,  1 nodes.
      Class space:        1.00 GB reserved,       4.75 MB ( <1%) committed,  1 nodes.
             Both:        1.06 GB reserved,      34.19 MB (  3%) committed. 

Chunk freelists:
   Non-Class:  2.06 MB
       Class:  11.06 MB
        Both:  13.13 MB

MaxMetaspaceSize: unlimited
CompressedClassSpaceSize: 1.00 GB
Initial GC threshold: 21.00 MB
Current GC threshold: 56.88 MB
CDS: on
 - commit_granule_bytes: 65536.
 - commit_granule_words: 8192.
 - virtual_space_node_default_size: 8388608.
 - enlarge_chunks_in_place: 1.
 - use_allocation_guard: 0.


Internal statistics:

num_allocs_failed_limit: 3.
num_arena_births: 550.
num_arena_deaths: 0.
num_vsnodes_births: 2.
num_vsnodes_deaths: 0.
num_space_committed: 547.
num_space_uncommitted: 0.
num_chunks_returned_to_freelist: 3.
num_chunks_taken_from_freelist: 1572.
num_chunk_merges: 3.
num_chunk_splits: 1080.
num_chunks_enlarged: 773.
num_inconsistent_stats: 0.

CodeHeap 'non-profiled nmethods': size=120000Kb used=4283Kb max_used=4732Kb free=115716Kb
 bounds [0x000002c1735f0000, 0x000002c173a90000, 0x000002c17ab20000]
CodeHeap 'profiled nmethods': size=120000Kb used=14918Kb max_used=16062Kb free=105081Kb
 bounds [0x000002c16bb20000, 0x000002c16cad0000, 0x000002c173050000]
CodeHeap 'non-nmethods': size=5760Kb used=2264Kb max_used=2312Kb free=3495Kb
 bounds [0x000002c173050000, 0x000002c1732c0000, 0x000002c1735f0000]
 total_blobs=7971 nmethods=7019 adapters=855
 compilation: enabled
              stopped_count=0, restarted_count=0
 full_count=0

Compilation events (20 events):
Event: 508.303 Thread 0x000002c1004f0c10 8807       3       com.sun.javafx.scene.control.inputmap.InputMap::handle (92 bytes)
Event: 508.303 Thread 0x000002c1004f0c10 nmethod 8807 0x000002c16bf3fe10 code [0x000002c16bf40060, 0x000002c16bf40c70]
Event: 509.334 Thread 0x000002c1004edba0 8808       4       javafx.scene.Scene$TargetWrapper::getCursor (61 bytes)
Event: 509.337 Thread 0x000002c1004edba0 nmethod 8808 0x000002c1739e5410 code [0x000002c1739e55e0, 0x000002c1739e59d0]
Event: 509.660 Thread 0x000002c1004f0c10 8809       3       java.lang.ClassLoader::getResource (41 bytes)
Event: 509.660 Thread 0x000002c1004f0c10 nmethod 8809 0x000002c16c287e90 code [0x000002c16c2880a0, 0x000002c16c2886a8]
Event: 510.558 Thread 0x000002c1004edba0 8810       4       com.sun.javafx.collections.VetoableListDecorator$VetoableIteratorDecorator::next (31 bytes)
Event: 510.559 Thread 0x000002c1004edba0 nmethod 8810 0x000002c1736c2990 code [0x000002c1736c2b40, 0x000002c1736c2da0]
Event: 514.659 Thread 0x000002c1004f0c10 8811   !   3       java.util.concurrent.locks.LockSupport::parkNanos (56 bytes)
Event: 514.659 Thread 0x000002c1004f0c10 nmethod 8811 0x000002c16be21890 code [0x000002c16be21a80, 0x000002c16be21ed0]
Event: 549.662 Thread 0x000002c1004f0c10 8812       3       jdk.internal.loader.BuiltinClassLoader::findResourceOnClassPath (41 bytes)
Event: 549.663 Thread 0x000002c1004f0c10 nmethod 8812 0x000002c16bbc1c90 code [0x000002c16bbc1e60, 0x000002c16bbc2250]
Event: 589.985 Thread 0x000002c1004f0c10 8813       3       com.sun.scenario.animation.shared.InfiniteClipEnvelope::setCycleCount (17 bytes)
Event: 589.985 Thread 0x000002c1004f0c10 nmethod 8813 0x000002c16bce7210 code [0x000002c16bce73c0, 0x000002c16bce7570]
Event: 591.717 Thread 0x000002c1004edba0 8814       4       com.sun.javafx.tk.quantum.QuantumRenderer::checkRendererIdle (153 bytes)
Event: 591.718 Thread 0x000002c1004edba0 nmethod 8814 0x000002c173632c90 code [0x000002c173632e00, 0x000002c173632e88]
Event: 598.310 Thread 0x000002c1004edba0 8815       4       com.sun.javafx.event.EventDispatchChainImpl::insertFirst (42 bytes)
Event: 598.311 Thread 0x000002c1004edba0 nmethod 8815 0x000002c1739bfd10 code [0x000002c1739bfea0, 0x000002c1739c00a0]
Event: 604.300 Thread 0x000002c1004edba0 8816       4       java.lang.invoke.MemberName::getMethodOrFieldType (72 bytes)
Event: 604.300 Thread 0x000002c1004f0c10 8817       3       java.lang.invoke.MethodTypeForm::<init> (322 bytes)

GC Heap History (20 events):
Event: 14.325 GC heap before
{Heap before GC invocations=10 (full 0):
 garbage-first heap   total 37888K, used 27173K [0x0000000083600000, 0x0000000100000000)
  region size 1024K, 9 young (9216K), 2 survivors (2048K)
 Metaspace       used 29300K, committed 29696K, reserved 1114112K
  class space    used 4080K, committed 4288K, reserved 1048576K
}
Event: 14.328 GC heap after
{Heap after GC invocations=11 (full 0):
 garbage-first heap   total 37888K, used 24113K [0x0000000083600000, 0x0000000100000000)
  region size 1024K, 2 young (2048K), 2 survivors (2048K)
 Metaspace       used 29300K, committed 29696K, reserved 1114112K
  class space    used 4080K, committed 4288K, reserved 1048576K
}
Event: 14.371 GC heap before
{Heap before GC invocations=12 (full 0):
 garbage-first heap   total 43008K, used 32305K [0x0000000083600000, 0x0000000100000000)
  region size 1024K, 10 young (10240K), 2 survivors (2048K)
 Metaspace       used 30117K, committed 30464K, reserved 1114112K
  class space    used 4210K, committed 4352K, reserved 1048576K
}
Event: 14.373 GC heap after
{Heap after GC invocations=13 (full 0):
 garbage-first heap   total 43008K, used 28663K [0x0000000083600000, 0x0000000100000000)
  region size 1024K, 2 young (2048K), 2 survivors (2048K)
 Metaspace       used 30117K, committed 30464K, reserved 1114112K
  class space    used 4210K, committed 4352K, reserved 1048576K
}
Event: 14.497 GC heap before
{Heap before GC invocations=13 (full 0):
 garbage-first heap   total 43008K, used 36855K [0x0000000083600000, 0x0000000100000000)
  region size 1024K, 10 young (10240K), 2 survivors (2048K)
 Metaspace       used 31091K, committed 31488K, reserved 1114112K
  class space    used 4380K, committed 4544K, reserved 1048576K
}
Event: 14.499 GC heap after
{Heap after GC invocations=14 (full 0):
 garbage-first heap   total 55296K, used 27580K [0x0000000083600000, 0x0000000100000000)
  region size 1024K, 2 young (2048K), 2 survivors (2048K)
 Metaspace       used 31091K, committed 31488K, reserved 1114112K
  class space    used 4380K, committed 4544K, reserved 1048576K
}
Event: 35.240 GC heap before
{Heap before GC invocations=14 (full 0):
 garbage-first heap   total 55296K, used 41916K [0x0000000083600000, 0x0000000100000000)
  region size 1024K, 18 young (18432K), 2 survivors (2048K)
 Metaspace       used 32674K, committed 33088K, reserved 1114112K
  class space    used 4529K, committed 4736K, reserved 1048576K
}
Event: 35.243 GC heap after
{Heap after GC invocations=15 (full 0):
 garbage-first heap   total 55296K, used 30407K [0x0000000083600000, 0x0000000100000000)
  region size 1024K, 3 young (3072K), 3 survivors (3072K)
 Metaspace       used 32674K, committed 33088K, reserved 1114112K
  class space    used 4529K, committed 4736K, reserved 1048576K
}
Event: 144.743 GC heap before
{Heap before GC invocations=16 (full 0):
 garbage-first heap   total 55296K, used 47815K [0x0000000083600000, 0x0000000100000000)
  region size 1024K, 18 young (18432K), 3 survivors (3072K)
 Metaspace       used 33282K, committed 33728K, reserved 1114112K
  class space    used 4624K, committed 4864K, reserved 1048576K
}
Event: 144.746 GC heap after
{Heap after GC invocations=17 (full 0):
 garbage-first heap   total 55296K, used 32692K [0x0000000083600000, 0x0000000100000000)
  region size 1024K, 3 young (3072K), 3 survivors (3072K)
 Metaspace       used 33282K, committed 33728K, reserved 1114112K
  class space    used 4624K, committed 4864K, reserved 1048576K
}
Event: 146.804 GC heap before
{Heap before GC invocations=17 (full 0):
 garbage-first heap   total 57344K, used 55220K [0x0000000083600000, 0x0000000100000000)
  region size 1024K, 14 young (14336K), 3 survivors (3072K)
 Metaspace       used 33517K, committed 33984K, reserved 1114112K
  class space    used 4631K, committed 4864K, reserved 1048576K
}
Event: 146.807 GC heap after
{Heap after GC invocations=18 (full 0):
 garbage-first heap   total 61440K, used 37601K [0x0000000083600000, 0x0000000100000000)
  region size 1024K, 2 young (2048K), 2 survivors (2048K)
 Metaspace       used 33517K, committed 33984K, reserved 1114112K
  class space    used 4631K, committed 4864K, reserved 1048576K
}
Event: 149.795 GC heap before
{Heap before GC invocations=18 (full 0):
 garbage-first heap   total 61440K, used 45793K [0x0000000083600000, 0x0000000100000000)
  region size 1024K, 11 young (11264K), 2 survivors (2048K)
 Metaspace       used 33722K, committed 34176K, reserved 1114112K
  class space    used 4635K, committed 4864K, reserved 1048576K
}
Event: 149.797 GC heap after
{Heap after GC invocations=19 (full 0):
 garbage-first heap   total 61440K, used 37969K [0x0000000083600000, 0x0000000100000000)
  region size 1024K, 1 young (1024K), 1 survivors (1024K)
 Metaspace       used 33722K, committed 34176K, reserved 1114112K
  class space    used 4635K, committed 4864K, reserved 1048576K
}
Event: 205.028 GC heap before
{Heap before GC invocations=20 (full 0):
 garbage-first heap   total 73728K, used 64593K [0x0000000083600000, 0x0000000100000000)
  region size 1024K, 16 young (16384K), 1 survivors (1024K)
 Metaspace       used 34024K, committed 34496K, reserved 1114112K
  class space    used 4640K, committed 4864K, reserved 1048576K
}
Event: 205.030 GC heap after
{Heap after GC invocations=21 (full 0):
 garbage-first heap   total 73728K, used 36995K [0x0000000083600000, 0x0000000100000000)
  region size 1024K, 1 young (1024K), 1 survivors (1024K)
 Metaspace       used 34024K, committed 34496K, reserved 1114112K
  class space    used 4640K, committed 4864K, reserved 1048576K
}
Event: 220.736 GC heap before
{Heap before GC invocations=21 (full 0):
 garbage-first heap   total 75776K, used 74883K [0x0000000083600000, 0x0000000100000000)
  region size 1024K, 22 young (22528K), 1 survivors (1024K)
 Metaspace       used 34431K, committed 34944K, reserved 1114112K
  class space    used 4657K, committed 4864K, reserved 1048576K
}
Event: 220.739 GC heap after
{Heap after GC invocations=22 (full 0):
 garbage-first heap   total 79872K, used 34100K [0x0000000083600000, 0x0000000100000000)
  region size 1024K, 2 young (2048K), 2 survivors (2048K)
 Metaspace       used 34431K, committed 34944K, reserved 1114112K
  class space    used 4657K, committed 4864K, reserved 1048576K
}
Event: 489.652 GC heap before
{Heap before GC invocations=22 (full 0):
 garbage-first heap   total 79872K, used 37172K [0x0000000083600000, 0x0000000100000000)
  region size 1024K, 6 young (6144K), 2 survivors (2048K)
 Metaspace       used 34479K, committed 34944K, reserved 1114112K
  class space    used 4657K, committed 4864K, reserved 1048576K
}
Event: 489.656 GC heap after
{Heap after GC invocations=23 (full 0):
 garbage-first heap   total 79872K, used 32554K [0x0000000083600000, 0x0000000100000000)
  region size 1024K, 1 young (1024K), 1 survivors (1024K)
 Metaspace       used 34479K, committed 34944K, reserved 1114112K
  class space    used 4657K, committed 4864K, reserved 1048576K
}

Dll operation events (20 events):
Event: 0.364 Loaded shared library C:\Users\ACER\.openjfx\cache\21+31\amd64\api-ms-win-crt-multibyte-l1-1-0.dll
Event: 0.367 Loaded shared library C:\Users\ACER\.openjfx\cache\21+31\amd64\api-ms-win-crt-private-l1-1-0.dll
Event: 0.369 Loaded shared library C:\Users\ACER\.openjfx\cache\21+31\amd64\api-ms-win-crt-process-l1-1-0.dll
Event: 0.372 Loaded shared library C:\Users\ACER\.openjfx\cache\21+31\amd64\api-ms-win-crt-runtime-l1-1-0.dll
Event: 0.375 Loaded shared library C:\Users\ACER\.openjfx\cache\21+31\amd64\api-ms-win-crt-stdio-l1-1-0.dll
Event: 0.377 Loaded shared library C:\Users\ACER\.openjfx\cache\21+31\amd64\api-ms-win-crt-string-l1-1-0.dll
Event: 0.380 Loaded shared library C:\Users\ACER\.openjfx\cache\21+31\amd64\api-ms-win-crt-time-l1-1-0.dll
Event: 0.382 Loaded shared library C:\Users\ACER\.openjfx\cache\21+31\amd64\api-ms-win-crt-utility-l1-1-0.dll
Event: 0.393 Loaded shared library C:\Users\ACER\.openjfx\cache\21+31\amd64\ucrtbase.dll
Event: 0.396 Loaded shared library C:\Users\ACER\.openjfx\cache\21+31\amd64\vcruntime140.dll
Event: 0.399 Loaded shared library C:\Users\ACER\.openjfx\cache\21+31\amd64\vcruntime140_1.dll
Event: 0.407 Loaded shared library C:\Users\ACER\.openjfx\cache\21+31\amd64\msvcp140.dll
Event: 0.409 Loaded shared library C:\Users\ACER\.openjfx\cache\21+31\amd64\msvcp140_1.dll
Event: 0.413 Loaded shared library C:\Users\ACER\.openjfx\cache\21+31\amd64\msvcp140_2.dll
Event: 0.444 Loaded shared library C:\Users\ACER\.openjfx\cache\21+31\amd64\prism_d3d.dll
Event: 0.485 Loaded shared library C:\Users\ACER\.openjfx\cache\21+31\amd64\glass.dll
Event: 0.584 Loaded shared library C:\Users\ACER\.jdks\corretto-21.0.4\bin\jimage.dll
Event: 0.725 Loaded shared library C:\Users\ACER\.jdks\corretto-21.0.4\bin\sunmscapi.dll
Event: 1.184 Loaded shared library C:\Users\ACER\.openjfx\cache\21+31\amd64\javafx_font.dll
Event: 15.239 Loaded shared library C:\Users\ACER\.openjfx\cache\21+31\amd64\javafx_iio.dll

Deoptimization events (20 events):
Event: 497.939 Thread 0x000002c1004e7c60 DEOPT PACKING pc=0x000002c173a7e7d0 sp=0x000000fe494f6810
Event: 497.939 Thread 0x000002c1004e7c60 DEOPT UNPACKING pc=0x000002c1730a7da2 sp=0x000000fe494f67c0 mode 2
Event: 498.484 Thread 0x000002c14719d120 DEOPT PACKING pc=0x000002c16c1d383c sp=0x000000fe4adfeb40
Event: 498.484 Thread 0x000002c14719d120 DEOPT UNPACKING pc=0x000002c1730a88e2 sp=0x000000fe4adfe098 mode 0
Event: 598.318 Thread 0x000002c1004e7c60 Uncommon trap: trap_request=0xffffffd6 fr.pc=0x000002c1739c0028 relative=0x0000000000000188
Event: 598.318 Thread 0x000002c1004e7c60 Uncommon trap: reason=array_check action=maybe_recompile pc=0x000002c1739c0028 method=com.sun.javafx.event.EventDispatchChainImpl.insertFirst(Ljavafx/event/EventDispatcher;)V @ 9 c2
Event: 598.318 Thread 0x000002c1004e7c60 DEOPT PACKING pc=0x000002c1739c0028 sp=0x000000fe494f5ee0
Event: 598.318 Thread 0x000002c1004e7c60 DEOPT UNPACKING pc=0x000002c1730a7da2 sp=0x000000fe494f5e80 mode 2
Event: 598.326 Thread 0x000002c1004e7c60 Uncommon trap: trap_request=0xffffffd6 fr.pc=0x000002c1739c0028 relative=0x0000000000000188
Event: 598.326 Thread 0x000002c1004e7c60 Uncommon trap: reason=array_check action=maybe_recompile pc=0x000002c1739c0028 method=com.sun.javafx.event.EventDispatchChainImpl.insertFirst(Ljavafx/event/EventDispatcher;)V @ 9 c2
Event: 598.326 Thread 0x000002c1004e7c60 DEOPT PACKING pc=0x000002c1739c0028 sp=0x000000fe494f5ee0
Event: 598.326 Thread 0x000002c1004e7c60 DEOPT UNPACKING pc=0x000002c1730a7da2 sp=0x000000fe494f5e80 mode 2
Event: 598.334 Thread 0x000002c1004e7c60 Uncommon trap: trap_request=0xffffffd6 fr.pc=0x000002c1739c0028 relative=0x0000000000000188
Event: 598.334 Thread 0x000002c1004e7c60 Uncommon trap: reason=array_check action=maybe_recompile pc=0x000002c1739c0028 method=com.sun.javafx.event.EventDispatchChainImpl.insertFirst(Ljavafx/event/EventDispatcher;)V @ 9 c2
Event: 598.334 Thread 0x000002c1004e7c60 DEOPT PACKING pc=0x000002c1739c0028 sp=0x000000fe494f5ee0
Event: 598.334 Thread 0x000002c1004e7c60 DEOPT UNPACKING pc=0x000002c1730a7da2 sp=0x000000fe494f5e80 mode 2
Event: 598.341 Thread 0x000002c1004e7c60 Uncommon trap: trap_request=0xffffffd6 fr.pc=0x000002c1739c0028 relative=0x0000000000000188
Event: 598.341 Thread 0x000002c1004e7c60 Uncommon trap: reason=array_check action=maybe_recompile pc=0x000002c1739c0028 method=com.sun.javafx.event.EventDispatchChainImpl.insertFirst(Ljavafx/event/EventDispatcher;)V @ 9 c2
Event: 598.341 Thread 0x000002c1004e7c60 DEOPT PACKING pc=0x000002c1739c0028 sp=0x000000fe494f5ee0
Event: 598.341 Thread 0x000002c1004e7c60 DEOPT UNPACKING pc=0x000002c1730a7da2 sp=0x000000fe494f5e80 mode 2

Classes loaded (20 events):
Event: 218.510 Loading class sun/nio/fs/WindowsFileCopy
Event: 218.510 Loading class sun/nio/fs/WindowsFileCopy done
Event: 497.977 Loading class sun/security/ssl/PreSharedKeyExtension$PskIdentity
Event: 497.977 Loading class sun/security/ssl/PreSharedKeyExtension$PskIdentity done
Event: 497.978 Loading class sun/security/ssl/PreSharedKeyExtension$CHPreSharedKeySpec
Event: 497.978 Loading class sun/security/ssl/PreSharedKeyExtension$CHPreSharedKeySpec done
Event: 497.978 Loading class sun/security/ssl/PreSharedKeyExtension$PartialClientHelloMessage
Event: 497.978 Loading class sun/security/ssl/PreSharedKeyExtension$PartialClientHelloMessage done
Event: 497.978 Loading class sun/security/ssl/SSLEngineOutputRecord
Event: 497.979 Loading class sun/security/ssl/SSLEngineOutputRecord done
Event: 497.980 Loading class sun/security/ssl/SSLEngineOutputRecord$HandshakeFragment
Event: 497.980 Loading class sun/security/ssl/SSLEngineOutputRecord$HandshakeFragment done
Event: 497.980 Loading class sun/security/ssl/SSLEngineOutputRecord$HandshakeMemo
Event: 497.980 Loading class sun/security/ssl/SSLEngineOutputRecord$RecordMemo
Event: 497.980 Loading class sun/security/ssl/SSLEngineOutputRecord$RecordMemo done
Event: 497.980 Loading class sun/security/ssl/SSLEngineOutputRecord$HandshakeMemo done
Event: 498.016 Loading class sun/security/ssl/PreSharedKeyExtension$SHPreSharedKeySpec
Event: 498.016 Loading class sun/security/ssl/PreSharedKeyExtension$SHPreSharedKeySpec done
Event: 604.296 Loading class jdk/internal/misc/Signal$1
Event: 604.297 Loading class jdk/internal/misc/Signal$1 done

Classes unloaded (0 events):
No events

Classes redefined (0 events):
No events

Internal exceptions (20 events):
Event: 145.959 Thread 0x000002c1004e7c60 Exception <a 'java/io/IOException'{0x000000008982cde8}> (0x000000008982cde8) 
thrown [s\src\hotspot\share\prims\jni.cpp, line 520]
Event: 146.737 Thread 0x000002c1004e7c60 Exception <a 'java/io/IOException'{0x00000000897f82c0}> (0x00000000897f82c0) 
thrown [s\src\hotspot\share\prims\jni.cpp, line 520]
Event: 146.767 Thread 0x000002c1004e7c60 Exception <a 'java/io/FileNotFoundException'{0x0000000089699520}> (0x0000000089699520) 
thrown [s\src\hotspot\share\prims\jni.cpp, line 520]
Event: 147.855 Thread 0x000002c1004e7c60 Exception <a 'java/io/IOException'{0x0000000089b3a438}> (0x0000000089b3a438) 
thrown [s\src\hotspot\share\prims\jni.cpp, line 520]
Event: 149.815 Thread 0x000002c1004e7c60 Exception <a 'java/io/FileNotFoundException'{0x000000008b30f708}> (0x000000008b30f708) 
thrown [s\src\hotspot\share\prims\jni.cpp, line 520]
Event: 151.445 Thread 0x000002c1004e7c60 Exception <a 'java/io/FileNotFoundException'{0x0000000089845508}> (0x0000000089845508) 
thrown [s\src\hotspot\share\prims\jni.cpp, line 520]
Event: 152.469 Thread 0x000002c1004e7c60 Exception <a 'java/io/IOException'{0x00000000872cf198}> (0x00000000872cf198) 
thrown [s\src\hotspot\share\prims\jni.cpp, line 520]
Event: 152.470 Thread 0x000002c1004e7c60 Exception <a 'java/io/IOException'{0x00000000872d2ed0}> (0x00000000872d2ed0) 
thrown [s\src\hotspot\share\prims\jni.cpp, line 520]
Event: 205.023 Thread 0x000002c1004e7c60 Exception <a 'java/io/IOException'{0x0000000086d647a8}> (0x0000000086d647a8) 
thrown [s\src\hotspot\share\prims\jni.cpp, line 520]
Event: 205.051 Thread 0x000002c1004e7c60 Exception <a 'java/io/FileNotFoundException'{0x0000000089a83160}> (0x0000000089a83160) 
thrown [s\src\hotspot\share\prims\jni.cpp, line 520]
Event: 206.419 Thread 0x000002c1004e7c60 Exception <a 'java/io/IOException'{0x00000000898ecf18}> (0x00000000898ecf18) 
thrown [s\src\hotspot\share\prims\jni.cpp, line 520]
Event: 206.420 Thread 0x000002c1004e7c60 Exception <a 'java/net/SocketException'{0x00000000898f0c28}: Connection reset by peer: shutdown> (0x00000000898f0c28) 
thrown [s\src\hotspot\share\prims\jni.cpp, line 539]
Event: 207.375 Thread 0x000002c1004e7c60 Exception <a 'java/io/IOException'{0x00000000896ede18}> (0x00000000896ede18) 
thrown [s\src\hotspot\share\prims\jni.cpp, line 520]
Event: 207.392 Thread 0x000002c1004e7c60 Exception <a 'java/io/FileNotFoundException'{0x000000008956a7e8}> (0x000000008956a7e8) 
thrown [s\src\hotspot\share\prims\jni.cpp, line 520]
Event: 217.043 Thread 0x000002c1004e7c60 Exception <a 'java/lang/NoSuchMethodError'{0x0000000086f7d868}: 'java.lang.Object java.lang.invoke.DirectMethodHandle$Holder.invokeSpecial(java.lang.Object, java.lang.Object, long, java.lang.Object)'> (0x0000000086f7d868) 
thrown [s\src\hotspot\share\interpreter\linkResolver.cpp, line 773]
Event: 218.511 Thread 0x000002c1004e7c60 Exception <a 'sun/nio/fs/WindowsException'{0x0000000086e7e768}> (0x0000000086e7e768) 
thrown [s\src\hotspot\share\prims\jni.cpp, line 520]
Event: 219.851 Thread 0x000002c1004e7c60 Exception <a 'java/io/FileNotFoundException'{0x0000000085f601d0}> (0x0000000085f601d0) 
thrown [s\src\hotspot\share\prims\jni.cpp, line 520]
Event: 488.578 Thread 0x000002c1004e68b0 Implicit null exception at 0x000002c173a6e9de to 0x000002c173a6ea50
Event: 489.664 Thread 0x000002c1004e7c60 Exception <a 'java/io/FileNotFoundException'{0x00000000fff23650}> (0x00000000fff23650) 
thrown [s\src\hotspot\share\prims\jni.cpp, line 520]
Event: 497.925 Thread 0x000002c1004e7c60 Exception <a 'java/io/FileNotFoundException'{0x000000008975aab0}> (0x000000008975aab0) 
thrown [s\src\hotspot\share\prims\jni.cpp, line 520]

ZGC Phase Switch (0 events):
No events

VM Operations (20 events):
Event: 489.675 Executing VM operation: G1PauseRemark done
Event: 489.679 Executing VM operation: G1PauseCleanup
Event: 489.679 Executing VM operation: G1PauseCleanup done
Event: 491.679 Executing VM operation: Cleanup
Event: 491.679 Executing VM operation: Cleanup done
Event: 497.681 Executing VM operation: Cleanup
Event: 497.681 Executing VM operation: Cleanup done
Event: 497.980 Executing VM operation: HandshakeAllThreads (Deoptimize)
Event: 497.980 Executing VM operation: HandshakeAllThreads (Deoptimize) done
Event: 498.979 Executing VM operation: Cleanup
Event: 498.979 Executing VM operation: Cleanup done
Event: 500.980 Executing VM operation: Cleanup
Event: 500.980 Executing VM operation: Cleanup done
Event: 508.981 Executing VM operation: Cleanup
Event: 508.981 Executing VM operation: Cleanup done
Event: 510.982 Executing VM operation: Cleanup
Event: 510.982 Executing VM operation: Cleanup done
Event: 514.982 Executing VM operation: Cleanup
Event: 514.982 Executing VM operation: Cleanup done
Event: 604.301 Executing VM operation: Exit

Memory protections (0 events):
No events

Nmethod flushes (20 events):
Event: 489.674 Thread 0x000002c1004b89d0 flushing  nmethod 0x000002c16bfcf210
Event: 489.674 Thread 0x000002c1004b89d0 flushing  nmethod 0x000002c16bfe4310
Event: 489.674 Thread 0x000002c1004b89d0 flushing  nmethod 0x000002c16bfe4a10
Event: 489.674 Thread 0x000002c1004b89d0 flushing  nmethod 0x000002c16bfe4f10
Event: 489.674 Thread 0x000002c1004b89d0 flushing  nmethod 0x000002c16bffeb90
Event: 489.674 Thread 0x000002c1004b89d0 flushing  nmethod 0x000002c16c02ee10
Event: 489.674 Thread 0x000002c1004b89d0 flushing  nmethod 0x000002c16c06a190
Event: 489.674 Thread 0x000002c1004b89d0 flushing  nmethod 0x000002c16c0aae90
Event: 489.674 Thread 0x000002c1004b89d0 flushing  nmethod 0x000002c16c0abc10
Event: 489.674 Thread 0x000002c1004b89d0 flushing  nmethod 0x000002c16c234a10
Event: 489.674 Thread 0x000002c1004b89d0 flushing  nmethod 0x000002c16c2d5110
Event: 489.674 Thread 0x000002c1004b89d0 flushing  nmethod 0x000002c16c2d6190
Event: 489.674 Thread 0x000002c1004b89d0 flushing  nmethod 0x000002c16c2d6610
Event: 489.674 Thread 0x000002c1004b89d0 flushing  nmethod 0x000002c16c2eec90
Event: 489.674 Thread 0x000002c1004b89d0 flushing  nmethod 0x000002c16c440890
Event: 489.674 Thread 0x000002c1004b89d0 flushing  nmethod 0x000002c16c603d10
Event: 489.674 Thread 0x000002c1004b89d0 flushing  nmethod 0x000002c16c671c10
Event: 489.674 Thread 0x000002c1004b89d0 flushing  nmethod 0x000002c16c812d10
Event: 489.674 Thread 0x000002c1004b89d0 flushing  nmethod 0x000002c16c815890
Event: 489.674 Thread 0x000002c1004b89d0 flushing  nmethod 0x000002c16c815d90

Events (20 events):
Event: 207.403 Thread 0x000002c1004f0c10 Thread added: 0x000002c1501f70a0
Event: 207.921 Thread 0x000002c1501f70a0 Thread exited: 0x000002c1501f70a0
Event: 489.681 Thread 0x000002c1004f0c10 Thread added: 0x000002c1468b8c50
Event: 489.690 Thread 0x000002c1004f0c10 Thread added: 0x000002c1475a6240
Event: 490.657 Thread 0x000002c1475a6240 Thread exited: 0x000002c1475a6240
Event: 490.704 Thread 0x000002c1468b8c50 Thread exited: 0x000002c1468b8c50
Event: 497.924 Thread 0x000002c1004e7c60 Thread added: 0x000002c14719d120
Event: 497.926 Thread 0x000002c1004edba0 Thread added: 0x000002c1505d1a80
Event: 498.017 Thread 0x000002c14719d120 Thread added: 0x000002c14719d7b0
Event: 498.018 Thread 0x000002c14719d7b0 Thread exited: 0x000002c14719d7b0
Event: 498.434 Thread 0x000002c1505d1a80 Thread exited: 0x000002c1505d1a80
Event: 498.489 Thread 0x000002c14719d120 Thread added: 0x000002c14719b6e0
Event: 508.494 Thread 0x000002c14719b6e0 Thread exited: 0x000002c14719b6e0
Event: 604.297 Thread 0x000002c1004dc510 Thread added: 0x000002c14719d7b0
Event: 604.299 Thread 0x000002c14719d7b0 Thread added: 0x000002c14719b050
Event: 604.299 Thread 0x000002c14719d7b0 Thread added: 0x000002c14719de40
Event: 604.299 Thread 0x000002c14719b050 Thread exited: 0x000002c14719b050
Event: 604.300 Thread 0x000002c14719de40 Thread exited: 0x000002c14719de40
Event: 604.300 Thread 0x000002c14719d7b0 Before exit entered
Event: 604.301 Thread 0x000002c1004dc510 Thread exited: 0x000002c1004dc510


Dynamic libraries:
0x00007ff77fbb0000 - 0x00007ff77fbbe000 	C:\Users\ACER\.jdks\corretto-21.0.4\bin\java.exe
0x00007ff95d470000 - 0x00007ff95d668000 	C:\Windows\SYSTEM32\ntdll.dll
0x00007ff95c940000 - 0x00007ff95ca02000 	C:\Windows\System32\KERNEL32.DLL
0x00007ff95ab10000 - 0x00007ff95ae0e000 	C:\Windows\System32\KERNELBASE.dll
0x00007ff95b120000 - 0x00007ff95b220000 	C:\Windows\System32\ucrtbase.dll
0x00007ff953e80000 - 0x00007ff953e98000 	C:\Users\ACER\.jdks\corretto-21.0.4\bin\jli.dll
0x00007ff953e30000 - 0x00007ff953e4b000 	C:\Users\ACER\.jdks\corretto-21.0.4\bin\VCRUNTIME140.dll
0x00007ff95d180000 - 0x00007ff95d31d000 	C:\Windows\System32\USER32.dll
0x00007ff95aef0000 - 0x00007ff95af12000 	C:\Windows\System32\win32u.dll
0x00007ff940aa0000 - 0x00007ff940d3a000 	C:\Windows\WinSxS\amd64_microsoft.windows.common-controls_6595b64144ccf1df_6.0.19041.4355_none_60b8b9eb71f62e16\COMCTL32.dll
0x00007ff95cbf0000 - 0x00007ff95cc1b000 	C:\Windows\System32\GDI32.dll
0x00007ff95b550000 - 0x00007ff95b5ee000 	C:\Windows\System32\msvcrt.dll
0x00007ff95b290000 - 0x00007ff95b3a7000 	C:\Windows\System32\gdi32full.dll
0x00007ff95af20000 - 0x00007ff95afbd000 	C:\Windows\System32\msvcp_win.dll
0x00007ff95bff0000 - 0x00007ff95c01f000 	C:\Windows\System32\IMM32.DLL
0x00007ff955490000 - 0x00007ff95549c000 	C:\Users\ACER\.jdks\corretto-21.0.4\bin\vcruntime140_1.dll
0x00007ff953920000 - 0x00007ff9539ad000 	C:\Users\ACER\.jdks\corretto-21.0.4\bin\msvcp140.dll
0x00007ff907ec0000 - 0x00007ff908c56000 	C:\Users\ACER\.jdks\corretto-21.0.4\bin\server\jvm.dll
0x00007ff95ba60000 - 0x00007ff95bb12000 	C:\Windows\System32\ADVAPI32.dll
0x00007ff95cb50000 - 0x00007ff95cbf0000 	C:\Windows\System32\sechost.dll
0x00007ff95ca20000 - 0x00007ff95cb43000 	C:\Windows\System32\RPCRT4.dll
0x00007ff95b3b0000 - 0x00007ff95b3d7000 	C:\Windows\System32\bcrypt.dll
0x00007ff95d110000 - 0x00007ff95d17b000 	C:\Windows\System32\WS2_32.dll
0x00007ff95a050000 - 0x00007ff95a09b000 	C:\Windows\SYSTEM32\POWRPROF.dll
0x00007ff9531d0000 - 0x00007ff9531da000 	C:\Windows\SYSTEM32\VERSION.dll
0x00007ff94c4e0000 - 0x00007ff94c507000 	C:\Windows\SYSTEM32\WINMM.dll
0x00007ff959f10000 - 0x00007ff959f22000 	C:\Windows\SYSTEM32\UMPDC.dll
0x00007ff959360000 - 0x00007ff959372000 	C:\Windows\SYSTEM32\kernel.appcore.dll
0x00007ff954180000 - 0x00007ff95418a000 	C:\Users\ACER\.jdks\corretto-21.0.4\bin\jimage.dll
0x00007ff9588a0000 - 0x00007ff958a84000 	C:\Windows\SYSTEM32\DBGHELP.DLL
0x00007ff93aeb0000 - 0x00007ff93aee4000 	C:\Windows\SYSTEM32\dbgcore.DLL
0x00007ff95ae60000 - 0x00007ff95aee2000 	C:\Windows\System32\bcryptPrimitives.dll
0x00007ff953e70000 - 0x00007ff953e7e000 	C:\Users\ACER\.jdks\corretto-21.0.4\bin\instrument.dll
0x00007ff953e10000 - 0x00007ff953e2f000 	C:\Users\ACER\.jdks\corretto-21.0.4\bin\java.dll
0x00007ff95c170000 - 0x00007ff95c8df000 	C:\Windows\System32\SHELL32.dll
0x00007ff958a90000 - 0x00007ff959234000 	C:\Windows\SYSTEM32\windows.storage.dll
0x00007ff95bb20000 - 0x00007ff95be73000 	C:\Windows\System32\combase.dll
0x00007ff95a540000 - 0x00007ff95a56e000 	C:\Windows\SYSTEM32\Wldp.dll
0x00007ff95cc20000 - 0x00007ff95cced000 	C:\Windows\System32\OLEAUT32.dll
0x00007ff95d380000 - 0x00007ff95d42d000 	C:\Windows\System32\SHCORE.dll
0x00007ff95c8e0000 - 0x00007ff95c935000 	C:\Windows\System32\shlwapi.dll
0x00007ff95aa40000 - 0x00007ff95aa64000 	C:\Windows\SYSTEM32\profapi.dll
0x00007ff947990000 - 0x00007ff947a67000 	C:\Users\ACER\.jdks\corretto-21.0.4\bin\jsvml.dll
0x00007ff953dd0000 - 0x00007ff953de0000 	C:\Users\ACER\.jdks\corretto-21.0.4\bin\net.dll
0x00007ff94fbf0000 - 0x00007ff94fcfd000 	C:\Windows\SYSTEM32\WINHTTP.dll
0x00007ff95a2a0000 - 0x00007ff95a30a000 	C:\Windows\system32\mswsock.dll
0x00007ff953c90000 - 0x00007ff953ca6000 	C:\Users\ACER\.jdks\corretto-21.0.4\bin\nio.dll
0x00007ff9533b0000 - 0x00007ff9533c8000 	C:\Users\ACER\.jdks\corretto-21.0.4\bin\zip.dll
0x00007ff947910000 - 0x00007ff94792a000 	C:\Program Files\JetBrains\IntelliJ IDEA 2024.2.3\bin\breakgen64.dll
0x000002c100a40000 - 0x000002c100a43000 	C:\Users\ACER\.openjfx\cache\21+31\amd64\api-ms-win-core-console-l1-1-0.dll
0x000002c100a50000 - 0x000002c100a53000 	C:\Users\ACER\.openjfx\cache\21+31\amd64\api-ms-win-core-console-l1-2-0.dll
0x000002c100a60000 - 0x000002c100a63000 	C:\Users\ACER\.openjfx\cache\21+31\amd64\api-ms-win-core-datetime-l1-1-0.dll
0x000002c100a70000 - 0x000002c100a73000 	C:\Users\ACER\.openjfx\cache\21+31\amd64\api-ms-win-core-debug-l1-1-0.dll
0x000002c100a80000 - 0x000002c100a83000 	C:\Users\ACER\.openjfx\cache\21+31\amd64\api-ms-win-core-errorhandling-l1-1-0.dll
0x000002c100a90000 - 0x000002c100a94000 	C:\Users\ACER\.openjfx\cache\21+31\amd64\api-ms-win-core-file-l1-1-0.dll
0x000002c100aa0000 - 0x000002c100aa3000 	C:\Users\ACER\.openjfx\cache\21+31\amd64\api-ms-win-core-file-l1-2-0.dll
0x000002c100ab0000 - 0x000002c100ab3000 	C:\Users\ACER\.openjfx\cache\21+31\amd64\api-ms-win-core-file-l2-1-0.dll
0x000002c100ac0000 - 0x000002c100ac3000 	C:\Users\ACER\.openjfx\cache\21+31\amd64\api-ms-win-core-handle-l1-1-0.dll
0x000002c100ad0000 - 0x000002c100ad3000 	C:\Users\ACER\.openjfx\cache\21+31\amd64\api-ms-win-core-heap-l1-1-0.dll
0x000002c100ae0000 - 0x000002c100ae3000 	C:\Users\ACER\.openjfx\cache\21+31\amd64\api-ms-win-core-interlocked-l1-1-0.dll
0x000002c100af0000 - 0x000002c100af3000 	C:\Users\ACER\.openjfx\cache\21+31\amd64\api-ms-win-core-libraryloader-l1-1-0.dll
0x000002c100b00000 - 0x000002c100b03000 	C:\Users\ACER\.openjfx\cache\21+31\amd64\api-ms-win-core-localization-l1-2-0.dll
0x000002c100b10000 - 0x000002c100b13000 	C:\Users\ACER\.openjfx\cache\21+31\amd64\api-ms-win-core-memory-l1-1-0.dll
0x000002c100b20000 - 0x000002c100b23000 	C:\Users\ACER\.openjfx\cache\21+31\amd64\api-ms-win-core-namedpipe-l1-1-0.dll
0x000002c100b30000 - 0x000002c100b33000 	C:\Users\ACER\.openjfx\cache\21+31\amd64\api-ms-win-core-processenvironment-l1-1-0.dll
0x000002c100b40000 - 0x000002c100b43000 	C:\Users\ACER\.openjfx\cache\21+31\amd64\api-ms-win-core-processthreads-l1-1-0.dll
0x000002c100b50000 - 0x000002c100b53000 	C:\Users\ACER\.openjfx\cache\21+31\amd64\api-ms-win-core-processthreads-l1-1-1.dll
0x000002c100b60000 - 0x000002c100b63000 	C:\Users\ACER\.openjfx\cache\21+31\amd64\api-ms-win-core-profile-l1-1-0.dll
0x000002c100b70000 - 0x000002c100b73000 	C:\Users\ACER\.openjfx\cache\21+31\amd64\api-ms-win-core-rtlsupport-l1-1-0.dll
0x000002c100b80000 - 0x000002c100b83000 	C:\Users\ACER\.openjfx\cache\21+31\amd64\api-ms-win-core-string-l1-1-0.dll
0x000002c100b90000 - 0x000002c100b93000 	C:\Users\ACER\.openjfx\cache\21+31\amd64\api-ms-win-core-synch-l1-1-0.dll
0x000002c100ba0000 - 0x000002c100ba3000 	C:\Users\ACER\.openjfx\cache\21+31\amd64\api-ms-win-core-synch-l1-2-0.dll
0x000002c100bb0000 - 0x000002c100bb3000 	C:\Users\ACER\.openjfx\cache\21+31\amd64\api-ms-win-core-sysinfo-l1-1-0.dll
0x000002c100bc0000 - 0x000002c100bc3000 	C:\Users\ACER\.openjfx\cache\21+31\amd64\api-ms-win-core-timezone-l1-1-0.dll
0x000002c100bd0000 - 0x000002c100bd3000 	C:\Users\ACER\.openjfx\cache\21+31\amd64\api-ms-win-core-util-l1-1-0.dll
0x000002c100be0000 - 0x000002c100be3000 	C:\Users\ACER\.openjfx\cache\21+31\amd64\api-ms-win-crt-conio-l1-1-0.dll
0x000002c100bf0000 - 0x000002c100bf4000 	C:\Users\ACER\.openjfx\cache\21+31\amd64\api-ms-win-crt-convert-l1-1-0.dll
0x000002c100c00000 - 0x000002c100c03000 	C:\Users\ACER\.openjfx\cache\21+31\amd64\api-ms-win-crt-environment-l1-1-0.dll
0x000002c100c10000 - 0x000002c100c13000 	C:\Users\ACER\.openjfx\cache\21+31\amd64\api-ms-win-crt-filesystem-l1-1-0.dll
0x000002c100c20000 - 0x000002c100c23000 	C:\Users\ACER\.openjfx\cache\21+31\amd64\api-ms-win-crt-heap-l1-1-0.dll
0x000002c100c30000 - 0x000002c100c33000 	C:\Users\ACER\.openjfx\cache\21+31\amd64\api-ms-win-crt-locale-l1-1-0.dll
0x000002c100c40000 - 0x000002c100c45000 	C:\Users\ACER\.openjfx\cache\21+31\amd64\api-ms-win-crt-math-l1-1-0.dll
0x000002c100c50000 - 0x000002c100c55000 	C:\Users\ACER\.openjfx\cache\21+31\amd64\api-ms-win-crt-multibyte-l1-1-0.dll
0x000002c100c60000 - 0x000002c100c70000 	C:\Users\ACER\.openjfx\cache\21+31\amd64\api-ms-win-crt-private-l1-1-0.dll
0x000002c100c70000 - 0x000002c100c73000 	C:\Users\ACER\.openjfx\cache\21+31\amd64\api-ms-win-crt-process-l1-1-0.dll
0x000002c100c80000 - 0x000002c100c84000 	C:\Users\ACER\.openjfx\cache\21+31\amd64\api-ms-win-crt-runtime-l1-1-0.dll
0x000002c100c90000 - 0x000002c100c94000 	C:\Users\ACER\.openjfx\cache\21+31\amd64\api-ms-win-crt-stdio-l1-1-0.dll
0x000002c100ca0000 - 0x000002c100ca4000 	C:\Users\ACER\.openjfx\cache\21+31\amd64\api-ms-win-crt-string-l1-1-0.dll
0x000002c100cb0000 - 0x000002c100cb3000 	C:\Users\ACER\.openjfx\cache\21+31\amd64\api-ms-win-crt-time-l1-1-0.dll
0x000002c100cc0000 - 0x000002c100cc3000 	C:\Users\ACER\.openjfx\cache\21+31\amd64\api-ms-win-crt-utility-l1-1-0.dll
0x00007ff932b40000 - 0x00007ff932c3c000 	C:\Users\ACER\.openjfx\cache\21+31\amd64\ucrtbase.dll
0x00007ff941630000 - 0x00007ff94164b000 	C:\Users\ACER\.openjfx\cache\21+31\amd64\vcruntime140.dll
0x00007ff9470d0000 - 0x00007ff9470dc000 	C:\Users\ACER\.openjfx\cache\21+31\amd64\vcruntime140_1.dll
0x00007ff9415a0000 - 0x00007ff94162e000 	C:\Users\ACER\.openjfx\cache\21+31\amd64\msvcp140.dll
0x00007ff95c020000 - 0x00007ff95c14b000 	C:\Windows\System32\ole32.dll
0x00007ff942f20000 - 0x00007ff942f29000 	C:\Users\ACER\.openjfx\cache\21+31\amd64\msvcp140_1.dll
0x00007ff941570000 - 0x00007ff94159f000 	C:\Users\ACER\.openjfx\cache\21+31\amd64\msvcp140_2.dll
0x00007ff93f900000 - 0x00007ff93f92f000 	C:\Users\ACER\.openjfx\cache\21+31\amd64\prism_d3d.dll
0x00007ff8f5e60000 - 0x00007ff8f6031000 	C:\Windows\system32\d3d9.dll
0x00007ff9580f0000 - 0x00007ff95811f000 	C:\Windows\SYSTEM32\dwmapi.dll
0x00007ff955740000 - 0x00007ff9557de000 	C:\Windows\system32\uxtheme.dll
0x00007ff90a650000 - 0x00007ff90a7b5000 	C:\Windows\System32\DriverStore\FileRepository\iigd_dch.inf_amd64_e31d62740aef2af9\igdumdim64.dll
0x00007ff8fef40000 - 0x00007ff902b96000 	C:\Windows\System32\DriverStore\FileRepository\iigd_dch.inf_amd64_e31d62740aef2af9\igd9dxva64.dll
0x00007ff95b5f0000 - 0x00007ff95ba5e000 	C:\Windows\System32\SETUPAPI.dll
0x00007ff95ae10000 - 0x00007ff95ae5e000 	C:\Windows\System32\cfgmgr32.dll
0x00007ff9480a0000 - 0x00007ff948461000 	C:\Windows\System32\DriverStore\FileRepository\iigd_dch.inf_amd64_e31d62740aef2af9\igdgmm64.dll
0x00007ff91cdc0000 - 0x00007ff91ce02000 	C:\Users\ACER\.openjfx\cache\21+31\amd64\glass.dll
0x00007ff95be90000 - 0x00007ff95bf6a000 	C:\Windows\System32\COMDLG32.dll
0x00007ff95cff0000 - 0x00007ff95d105000 	C:\Windows\System32\MSCTF.dll
0x00007ff93f580000 - 0x00007ff93f5a7000 	C:\Windows\System32\DriverStore\FileRepository\iigd_dch.inf_amd64_e31d62740aef2af9\igdinfo64.dll
0x00007ff9439c0000 - 0x00007ff946bc6000 	C:\Windows\System32\DriverStore\FileRepository\iigd_dch.inf_amd64_e31d62740aef2af9\igc64.dll
0x00007ff94a6f0000 - 0x00007ff94a72b000 	C:\Windows\SYSTEM32\dxcore.dll
0x00007ff959f80000 - 0x00007ff95a04a000 	C:\Windows\SYSTEM32\DNSAPI.dll
0x00007ff959f30000 - 0x00007ff959f6b000 	C:\Windows\SYSTEM32\IPHLPAPI.DLL
0x00007ff95be80000 - 0x00007ff95be88000 	C:\Windows\System32\NSI.dll
0x00007ff950c50000 - 0x00007ff950c5a000 	C:\Windows\System32\rasadhlp.dll
0x00007ff94e350000 - 0x00007ff94e3d0000 	C:\Windows\System32\fwpuclnt.dll
0x00007ff948910000 - 0x00007ff94891e000 	C:\Users\ACER\.jdks\corretto-21.0.4\bin\sunmscapi.dll
0x00007ff95afc0000 - 0x00007ff95b11c000 	C:\Windows\System32\CRYPT32.dll
0x00007ff95a5b0000 - 0x00007ff95a5d7000 	C:\Windows\SYSTEM32\ncrypt.dll
0x00007ff95a570000 - 0x00007ff95a5ab000 	C:\Windows\SYSTEM32\NTASN1.dll
0x00007ff95a490000 - 0x00007ff95a4a8000 	C:\Windows\SYSTEM32\CRYPTSP.dll
0x00007ff959b50000 - 0x00007ff959b84000 	C:\Windows\system32\rsaenh.dll
0x00007ff95a9c0000 - 0x00007ff95a9ee000 	C:\Windows\SYSTEM32\USERENV.dll
0x00007ff95a4b0000 - 0x00007ff95a4bc000 	C:\Windows\SYSTEM32\CRYPTBASE.dll
0x00007ff932220000 - 0x00007ff932234000 	C:\Users\ACER\.openjfx\cache\21+31\amd64\javafx_font.dll
0x00007ff941df0000 - 0x00007ff94206f000 	C:\Windows\SYSTEM32\dwrite.dll
0x00007ff95b4a0000 - 0x00007ff95b549000 	C:\Windows\System32\clbcatq.dll

dbghelp: loaded successfully - version: 4.0.5 - missing functions: none
symbol engine: initialized successfully - sym options: 0x614 - pdb path: .;C:\Users\ACER\.jdks\corretto-21.0.4\bin;C:\Windows\SYSTEM32;C:\Windows\WinSxS\amd64_microsoft.windows.common-controls_6595b64144ccf1df_6.0.19041.4355_none_60b8b9eb71f62e16;C:\Users\ACER\.jdks\corretto-21.0.4\bin\server;C:\Program Files\JetBrains\IntelliJ IDEA 2024.2.3\bin;C:\Users\ACER\.openjfx\cache\21+31\amd64;C:\Windows\System32\DriverStore\FileRepository\iigd_dch.inf_amd64_e31d62740aef2af9;C:\Windows\System32\DriverStore\FileRepository\nvacsig.inf_amd64_7fbaec8834d1b098;C:\Program Files\Common Files\Microsoft Shared\Ink;C:\Program Files\Norton Security\Engine\22.24.7.8;C:\Windows\WinSxS\amd64_microsoft.windows.gdiplus_6595b64144ccf1df_1.1.19041.4597_none_91a78020cc854124;C:\Program Files\Microsoft OneDrive\24.196.0929.0005;C:\Program Files\Google\Drive File Stream\99.0.0.0;C:\Program Files (x86)\Google\Drive;C:\Windows\WinSxS\amd64_microsoft.vc90.crt_1fc8b3b9a1e18e3b_9.0.30729.9625_none_08e1c10da83fbc83

VM Arguments:
jvm_args: -javaagent:C:\Program Files\JetBrains\IntelliJ IDEA 2024.2.3\lib\idea_rt.jar=60818:C:\Program Files\JetBrains\IntelliJ IDEA 2024.2.3\bin -Dfile.encoding=UTF-8 -Dsun.stdout.encoding=UTF-8 -Dsun.stderr.encoding=UTF-8 --module-path=C:\Users\ACER\.m2\repository\org\openjfx\javafx-controls\21\javafx-controls-21-win.jar;C:\Users\ACER\.m2\repository\org\openjfx\javafx-graphics\21\javafx-graphics-21-win.jar;C:\Users\ACER\.m2\repository\org\kordamp\bootstrapfx\bootstrapfx-core\0.4.0\bootstrapfx-core-0.4.0.jar;C:\Users\ACER\.m2\repository\org\json\json\20240303\json-20240303.jar;C:\Users\ACER\.m2\repository\org\controlsfx\controlsfx\11.1.2\controlsfx-11.1.2.jar;C:\Users\ACER\.m2\repository\com\dlsc\formsfx\formsfx-core\11.6.0\formsfx-core-11.6.0.jar;C:\Users\ACER\.m2\repository\org\openjfx\javafx-fxml\21\javafx-fxml-21-win.jar;C:\Users\ACER\.m2\repository\net\synedra\validatorfx\0.4.0\validatorfx-0.4.0.jar;C:\Users\ACER\.m2\repository\org\kordamp\ikonli\ikonli-javafx\12.3.1\ikonli-javafx-12.3.1.jar;C:\Users\ACER\.m2\repository\com\mysql\mysql-connector-j\8.3.0\mysql-connector-j-8.3.0.jar;C:\Users\ACER\OneDrive - vnu.edu.vn\Documents\Librio\target\classes;C:\Users\ACER\.m2\repository\org\kordamp\ikonli\ikonli-core\12.3.1\ikonli-core-12.3.1.jar;C:\Users\ACER\.m2\repository\org\openjfx\javafx-base\21\javafx-base-21-win.jar -Djdk.module.main=librio 
java_command: librio/librio.HelloApplication
java_class_path (initial): C:\Users\ACER\.m2\repository\org\openjfx\javafx-controls\21\javafx-controls-21.jar;C:\Users\ACER\.m2\repository\org\openjfx\javafx-graphics\21\javafx-graphics-21.jar;C:\Users\ACER\.m2\repository\org\openjfx\javafx-base\21\javafx-base-21.jar;C:\Users\ACER\.m2\repository\org\openjfx\javafx-fxml\21\javafx-fxml-21.jar;C:\Users\ACER\.m2\repository\com\google\protobuf\protobuf-java\3.25.1\protobuf-java-3.25.1.jar
Launcher Type: SUN_STANDARD

[Global flags]
     intx CICompilerCount                          = 4                                         {product} {ergonomic}
     uint ConcGCThreads                            = 3                                         {product} {ergonomic}
     uint G1ConcRefinementThreads                  = 10                                        {product} {ergonomic}
   size_t G1HeapRegionSize                         = 1048576                                   {product} {ergonomic}
    uintx GCDrainStackTargetSize                   = 64                                        {product} {ergonomic}
   size_t InitialHeapSize                          = 132120576                                 {product} {ergonomic}
   size_t MarkStackSize                            = 4194304                                   {product} {ergonomic}
   size_t MaxHeapSize                              = 2090860544                                {product} {ergonomic}
   size_t MaxNewSize                               = 1254096896                                {product} {ergonomic}
   size_t MinHeapDeltaBytes                        = 1048576                                   {product} {ergonomic}
   size_t MinHeapSize                              = 8388608                                   {product} {ergonomic}
    uintx NonNMethodCodeHeapSize                   = 5839372                                {pd product} {ergonomic}
    uintx NonProfiledCodeHeapSize                  = 122909434                              {pd product} {ergonomic}
    uintx ProfiledCodeHeapSize                     = 122909434                              {pd product} {ergonomic}
    uintx ReservedCodeCacheSize                    = 251658240                              {pd product} {ergonomic}
     bool SegmentedCodeCache                       = true                                      {product} {ergonomic}
   size_t SoftMaxHeapSize                          = 2090860544                             {manageable} {ergonomic}
     bool UseCompressedOops                        = true                           {product lp64_product} {ergonomic}
     bool UseG1GC                                  = true                                      {product} {ergonomic}
     bool UseLargePagesIndividualAllocation        = false                                  {pd product} {ergonomic}

Logging:
Log output configuration:
 #0: stdout all=off uptime,level,tags foldmultilines=false
 #1: stderr all=off uptime,level,tags foldmultilines=false

Environment Variables:
JAVA_HOME=C:\Program Files\Java\jdk-22
PATH=C:\Program Files\Common Files\Oracle\Java\javapath;C:\Program Files (x86)\VMware\VMware Workstation\bin\;C:\Windows\system32;C:\Windows;C:\Windows\System32\Wbem;C:\Windows\System32\WindowsPowerShell\v1.0\;C:\Windows\System32\OpenSSH\;C:\Program Files (x86)\NVIDIA Corporation\PhysX\Common;C:\TDM-GCC-64\bin;C:\Program Files\Git\cmd;C:\ProgramData\chocolatey\bin;C:\Program Files (x86)\Windows Kits\10\Windows Performance Toolkit\;C:\Program Files\Cloudflare\Cloudflare WARP;C:\Program Files\Java\jdk-22\bin;C:\Users\ACER\AppData\Local\Programs\Python\Python310\Scripts\;C:\Users\ACER\AppData\Local\Programs\Python\Python310\;C:\Users\ACER\AppData\Local\Microsoft\WindowsApps;C:\Users\ACER\Downloads\bin;C:\Program Files (x86)\Dev-Cpp\MinGW64\bin;C:\MinGW;C:\Users\ACER\AppData\Local\Programs\Microsoft VS Code\bin;;C:\Program Files\JetBrains\IntelliJ IDEA 2024.2.3\bin;
USERNAME=ACER
OS=Windows_NT
PROCESSOR_IDENTIFIER=Intel64 Family 6 Model 141 Stepping 1, GenuineIntel
TMP=C:\Users\ACER\AppData\Local\Temp
TEMP=C:\Users\ACER\AppData\Local\Temp




Periodic native trim disabled

---------------  S Y S T E M  ---------------

OS:
 Windows 10 , 64 bit Build 19041 (10.0.19041.4957)
OS uptime: 6 days 15:19 hours

CPU: total 12 (initial active 12) (6 cores per cpu, 2 threads per core) family 6 model 141 stepping 1 microcode 0x3c, cx8, cmov, fxsr, ht, mmx, 3dnowpref, sse, sse2, sse3, ssse3, sse4.1, sse4.2, popcnt, lzcnt, tsc, tscinvbit, avx, avx2, aes, erms, clmul, bmi1, bmi2, adx, avx512f, avx512dq, avx512cd, avx512bw, avx512vl, sha, fma, vzeroupper, avx512_vpopcntdq, avx512_vpclmulqdq, avx512_vaes, avx512_vnni, clflush, clflushopt, clwb, avx512_vbmi2, avx512_vbmi, rdtscp, rdpid, fsrm, gfni, avx512_bitalg, f16c, pku, cet_ibt, cet_ss, avx512_ifma
Processor Information for all 12 processors :
  Max Mhz: 2688, Current Mhz: 2688, Mhz Limit: 2688

Memory: 4k page, system-wide physical 7971M (636M free)
TotalPageFile size 19656M (AvailPageFile size 5795M)
current process WorkingSet (physical memory assigned to process): 317M, peak: 420M
current process commit charge ("private bytes"): 385M, peak: 429M

vm_info: OpenJDK 64-Bit Server VM (21.0.4+7-LTS) for windows-amd64 JRE (21.0.4+7-LTS), built on 2024-07-10T17:34:29Z by "Administrator" with MS VC++ 16.10 / 16.11 (VS2019)

END.
