#
# A fatal error has been detected by the Java Runtime Environment:
#
#  EXCEPTION_ACCESS_VIOLATION (0xc0000005) at pc=0x00007ffb0e456587, pid=22008, tid=20952
#
# JRE version: OpenJDK Runtime Environment Corretto-21.0.4.7.1 (21.0.4+7) (build 21.0.4+7-LTS)
# Java VM: OpenJDK 64-Bit Server VM Corretto-21.0.4.7.1 (21.0.4+7-LTS, mixed mode, sharing, tiered, compressed oops, compressed class ptrs, g1 gc, windows-amd64)
# Problematic frame:
# C  [glass.dll+0x26587]
#
# No core dump will be written. Minidumps are not enabled by default on client versions of Windows
#
# If you would like to submit a bug report, please visit:
#   https://github.com/corretto/corretto-21/issues/
#

---------------  S U M M A R Y ------------

Command Line: -javaagent:C:\Program Files\JetBrains\IntelliJ IDEA 2024.2.3\lib\idea_rt.jar=59864:C:\Program Files\JetBrains\IntelliJ IDEA 2024.2.3\bin -Dfile.encoding=UTF-8 -Dsun.stdout.encoding=UTF-8 -Dsun.stderr.encoding=UTF-8 --module-path=C:\Users\ACER\OneDrive - vnu.edu.vn\Documents\Librio\target\classes;C:\Users\ACER\.m2\repository\net\synedra\validatorfx\0.4.0\validatorfx-0.4.0.jar;C:\Users\ACER\.m2\repository\org\kordamp\bootstrapfx\bootstrapfx-core\0.4.0\bootstrapfx-core-0.4.0.jar;C:\Users\ACER\.m2\repository\org\json\json\20240303\json-20240303.jar;C:\Users\ACER\.m2\repository\org\openjfx\javafx-base\21\javafx-base-21-win.jar;C:\Users\ACER\.m2\repository\org\kordamp\ikonli\ikonli-core\12.3.1\ikonli-core-12.3.1.jar;C:\Users\ACER\.m2\repository\org\openjfx\javafx-controls\21\javafx-controls-21-win.jar;C:\Users\ACER\.m2\repository\org\openjfx\javafx-graphics\21\javafx-graphics-21-win.jar;C:\Users\ACER\.m2\repository\com\mysql\mysql-connector-j\8.3.0\mysql-connector-j-8.3.0.jar;C:\Users\ACER\.m2\repository\org\controlsfx\controlsfx\11.1.2\controlsfx-11.1.2.jar;C:\Users\ACER\.m2\repository\com\dlsc\formsfx\formsfx-core\11.6.0\formsfx-core-11.6.0.jar;C:\Users\ACER\.m2\repository\org\kordamp\ikonli\ikonli-javafx\12.3.1\ikonli-javafx-12.3.1.jar;C:\Users\ACER\.m2\repository\org\openjfx\javafx-fxml\21\javafx-fxml-21-win.jar -Djdk.module.main=librio librio/librio.HelloApplication

Host: 11th Gen Intel(R) Core(TM) i5-11400H @ 2.70GHz, 12 cores, 7G,  Windows 10 , 64 bit Build 19041 (10.0.19041.4957)
Time: Tue Nov 12 00:54:38 2024 SE Asia Standard Time elapsed time: 181.171624 seconds (0d 0h 3m 1s)

---------------  T H R E A D  ---------------

Current thread (0x000001b9b1692130):  VMThread "VM Thread"          [id=20952, stack(0x00000068be700000,0x00000068be800000) (1024K)]

Stack: [0x00000068be700000,0x00000068be800000],  sp=0x00000068be7ff060,  free space=1020k
Native frames: (J=compiled Java code, j=interpreted, Vv=VM code, C=native code)
C  [glass.dll+0x26587]


siginfo: EXCEPTION_ACCESS_VIOLATION (0xc0000005), reading address 0x0000000000000000


Registers:
RAX=0x0000000000000000, RBX=0x000001b9b169be9a, RCX=0x000001b9b1692130, RDX=0x00000068be7ff060
RSP=0x00000068be7ff060, RBP=0x000001b9f767d6b8, RSI=0x000001b9f767d690, RDI=0x00000e9b1f62ac97
R8 =0x0000000000010002, R9 =0x00000e9b1f62ac97, R10=0x0000000000008000, R11=0x00000068be7feff0
R12=0x00007ffb0e453ed0, R13=0x00007ffaec0ae1c0, R14=0x00000068be7ff158, R15=0x000001b9f767d690
RIP=0x00007ffb0e456587, EFLAGS=0x0000000000010202


Register to memory mapping:

RAX=0x0 is null
RBX=0x000001b9b169be9a is a global jni handle
RCX=0x000001b9b1692130 points into unknown readable memory: 0x00007ffaebead8a0 | a0 d8 ea eb fa 7f 00 00
RDX=0x00000068be7ff060 points into unknown readable memory: 0x0000000000000000 | 00 00 00 00 00 00 00 00
RSP=0x00000068be7ff060 points into unknown readable memory: 0x0000000000000000 | 00 00 00 00 00 00 00 00
RBP=0x000001b9f767d6b8 points into unknown readable memory: 0x00000e9b1f62ac97 | 97 ac 62 1f 9b 0e 00 00
RSI=0x000001b9f767d690 points into unknown readable memory: 0xfd872c07eb62aca8 | a8 ac 62 eb 07 2c 87 fd
RDI=0x00000e9b1f62ac97 is an unknown value
R8 =0x0000000000010002 is an unknown value
R9 =0x00000e9b1f62ac97 is an unknown value
R10=0x0000000000008000 is an unknown value
R11=0x00000068be7feff0 points into unknown readable memory: 0x000001b9f767d690 | 90 d6 67 f7 b9 01 00 00
R12=0x00007ffb0e453ed0 glass.dll
R13=0x00007ffaec0ae1c0 jvm.dll
R14=0x00000068be7ff158 points into unknown readable memory: 0x00000068be7ff140 | 40 f1 7f be 68 00 00 00
R15=0x000001b9f767d690 points into unknown readable memory: 0xfd872c07eb62aca8 | a8 ac 62 eb 07 2c 87 fd

Top of Stack: (sp=0x00000068be7ff060)
0x00000068be7ff060:   0000000000000000 000001b9f767d690
0x00000068be7ff070:   00007ffaec0ae1c0 00007ffb0e453ed0
0x00000068be7ff080:   000001b9f767d698 00007ffb523442d6
0x00000068be7ff090:   00000e9b1f62ac97 000001b900000000
0x00000068be7ff0a0:   000001b9f767d6b8 000001b9f767d690
0x00000068be7ff0b0:   fffffffffffffffe 0000000000000000
0x00000068be7ff0c0:   0000000000000001 00007ffb0e430000
0x00000068be7ff0d0:   00000068be7ff148 00007ffb523441fb
0x00000068be7ff0e0:   0000000000000000 00000068be7ff158
0x00000068be7ff0f0:   00000068be7ff430 00007ffb52420e40
0x00000068be7ff100:   0000000000000001 00007ffb523441b4
0x00000068be7ff110:   0000000000000000 0000000000000001
0x00000068be7ff120:   00007ffa00000001 00000068be7ff148
0x00000068be7ff130:   0000000000000000 00007ffb0e453d5d
0x00000068be7ff140:   00007ffb0e46a008 00007ffa00000002
0x00000068be7ff150:   0000000000000002 00000068be7ff140
0x00000068be7ff160:   0000000000000000 00007ffb54c09993
0x00000068be7ff170:   0000000000000000 00007ffb0e453e82
0x00000068be7ff180:   0000000000000001 00000068be7ff400
0x00000068be7ff190:   0000000000000060 0000000000000001
0x00000068be7ff1a0:   00007ffb3972ddd0 0000000000000000
0x00000068be7ff1b0:   0000000000000001 00007ffb3972e260
0x00000068be7ff1c0:   00007ffb0e430000 000000007ffe0384
0x00000068be7ff1d0:   0000000000000000 00007ffb54c09a1d
0x00000068be7ff1e0:   00007ffb0e430000 0000000000000000
0x00000068be7ff1f0:   0000000000000001 000000007ffe0385
0x00000068be7ff200:   0000000000000000 00007ffb54c4f331
0x00000068be7ff210:   0000de5ed123f400 0000000000000014
0x00000068be7ff220:   00007ffb0e453ed0 0000000000000000
0x00000068be7ff230:   0000000000000000 00000068bdac0000
0x00000068be7ff240:   000001b9f7497810 00007ffb54c4f1ca
0x00000068be7ff250:   000001b9f74976c0 00007ffb0e430000 

Instructions: (pc=0x00007ffb0e456587)
0x00007ffb0e456487:   8b 4d 58 e8 8d cf ff ff 48 8b 4d 60 e8 84 cf ff
0x00007ffb0e456497:   ff 48 8b 95 80 00 00 00 48 8b 8d 18 01 00 00 e8
0x00007ffb0e4564a7:   76 c4 ff ff 33 d2 33 c9 e8 cc e1 ff ff 90 48 89
0x00007ffb0e4564b7:   54 24 10 55 48 83 ec 20 48 8b ea 48 b8 00 00 00
0x00007ffb0e4564c7:   00 00 00 00 00 48 83 c4 20 5d c3 cc 40 55 48 8b
0x00007ffb0e4564d7:   ea 48 8b 01 33 c9 81 38 05 00 00 c0 0f 94 c1 8b
0x00007ffb0e4564e7:   c1 5d c3 cc 40 55 48 83 ec 20 48 8b ea 8a 4d 40
0x00007ffb0e4564f7:   48 83 c4 20 5d e9 73 d3 ff ff cc 40 55 48 83 ec
0x00007ffb0e456507:   20 48 8b ea 8a 4d 20 e8 61 d3 ff ff 90 48 83 c4
0x00007ffb0e456517:   20 5d c3 cc 40 55 48 83 ec 20 48 8b ea 48 83 c4
0x00007ffb0e456527:   20 5d e9 c2 d1 ff ff cc 40 55 48 83 ec 30 48 8b
0x00007ffb0e456537:   ea 48 8b 01 8b 10 48 89 4c 24 28 89 54 24 20 4c
0x00007ffb0e456547:   8d 0d 63 d6 ff ff 4c 8b 45 70 8b 55 68 48 8b 4d
0x00007ffb0e456557:   60 e8 03 d1 ff ff 90 48 83 c4 30 5d c3 cc cc cc
0x00007ffb0e456567:   cc cc cc cc cc cc cc cc cc 40 53 48 83 ec 20 48
0x00007ffb0e456577:   8b 1d 8b 34 01 00 48 85 db 74 16 e8 89 8f ff ff
0x00007ffb0e456587:   4c 8b 00 48 8b d3 48 8b c8 41 ff 90 b0 00 00 00
0x00007ffb0e456597:   90 48 83 c4 20 5b c3 cc cc 40 53 48 83 ec 20 48
0x00007ffb0e4565a7:   8b 1d fb 35 01 00 48 85 db 74 57 b8 ff ff ff ff
0x00007ffb0e4565b7:   f0 0f c1 43 10 83 f8 01 75 3d 48 85 db 74 38 48
0x00007ffb0e4565c7:   8b 0b 48 85 c9 74 0d ff 15 d4 0c 00 00 48 c7 03
0x00007ffb0e4565d7:   00 00 00 00 48 8b 4b 08 48 85 c9 74 0d e8 33 ce
0x00007ffb0e4565e7:   ff ff 48 c7 43 08 00 00 00 00 ba 18 00 00 00 48
0x00007ffb0e4565f7:   8b cb e8 1e ce ff ff 48 c7 05 9f 35 01 00 00 00
0x00007ffb0e456607:   00 00 48 83 c4 20 5b c3 cc 40 53 48 83 ec 20 48
0x00007ffb0e456617:   8b 1d 6b 35 01 00 48 85 db 74 57 b8 ff ff ff ff
0x00007ffb0e456627:   f0 0f c1 43 10 83 f8 01 75 3d 48 85 db 74 38 48
0x00007ffb0e456637:   8b 0b 48 85 c9 74 0d ff 15 64 0c 00 00 48 c7 03
0x00007ffb0e456647:   00 00 00 00 48 8b 4b 08 48 85 c9 74 0d e8 c3 cd
0x00007ffb0e456657:   ff ff 48 c7 43 08 00 00 00 00 ba 18 00 00 00 48
0x00007ffb0e456667:   8b cb e8 ae cd ff ff 48 c7 05 0f 35 01 00 00 00
0x00007ffb0e456677:   00 00 48 83 c4 20 5b c3 cc 40 53 48 83 ec 20 48 


Stack slot to memory mapping:

stack at sp + 0 slots: 0x0 is null
stack at sp + 1 slots: 0x000001b9f767d690 points into unknown readable memory: 0xfd872c07eb62aca8 | a8 ac 62 eb 07 2c 87 fd
stack at sp + 2 slots: 0x00007ffaec0ae1c0 jvm.dll
stack at sp + 3 slots: 0x00007ffb0e453ed0 glass.dll
stack at sp + 4 slots: 0x000001b9f767d698 points into unknown readable memory: 0x00000e9b1f62ac97 | 97 ac 62 1f 9b 0e 00 00
stack at sp + 5 slots: 0x00007ffb523442d6 ucrtbase.dll
stack at sp + 6 slots: 0x00000e9b1f62ac97 is an unknown value
stack at sp + 7 slots: 0x000001b900000000 is an unknown value

VM_Operation (0x00000068bddff1c0): Exit, mode: safepoint, requested by thread 0x000001b9f7a214f0


---------------  P R O C E S S  ---------------

Threads class SMR info:
_java_thread_list=0x000001b9f795d1a0, length=20, elements={
0x000001b994710300, 0x000001b9b16b1550, 0x000001b9b16b2470, 0x000001b9b16b7bf0,
0x000001b9b16bc660, 0x000001b9b16c27a0, 0x000001b9b16c9080, 0x000001b9b16cdb70,
0x000001b9b16c2110, 0x000001b9b16c13f0, 0x000001b9b16c2e30, 0x000001b9b16c06d0,
0x000001b9b16c0040, 0x000001b9b16c0d60, 0x000001b9b16c1a80, 0x000001b9b16bf9b0,
0x000001b9f7a1ed90, 0x000001b9f7a22210, 0x000001b9f7a1fab0, 0x000001b9f7a214f0
}

Java Threads: ( => current thread )
  0x000001b994710300 JavaThread "main"                              [_thread_blocked, id=3016, stack(0x00000068be000000,0x00000068be100000) (1024K)]
  0x000001b9b16b1550 JavaThread "Reference Handler"          daemon [_thread_blocked, id=9724, stack(0x00000068be800000,0x00000068be900000) (1024K)]
  0x000001b9b16b2470 JavaThread "Finalizer"                  daemon [_thread_blocked, id=19764, stack(0x00000068be900000,0x00000068bea00000) (1024K)]
  0x000001b9b16b7bf0 JavaThread "Attach Listener"            daemon [_thread_blocked, id=7804, stack(0x00000068beb00000,0x00000068bec00000) (1024K)]
  0x000001b9b16bc660 JavaThread "Service Thread"             daemon [_thread_blocked, id=9644, stack(0x00000068bec00000,0x00000068bed00000) (1024K)]
  0x000001b9b16c27a0 JavaThread "Monitor Deflation Thread"   daemon [_thread_blocked, id=14452, stack(0x00000068bed00000,0x00000068bee00000) (1024K)]
  0x000001b9b16c9080 JavaThread "C2 CompilerThread0"         daemon [_thread_blocked, id=19600, stack(0x00000068bee00000,0x00000068bef00000) (1024K)]
  0x000001b9b16cdb70 JavaThread "C1 CompilerThread0"         daemon [_thread_blocked, id=960, stack(0x00000068bef00000,0x00000068bf000000) (1024K)]
  0x000001b9b16c2110 JavaThread "Common-Cleaner"             daemon [_thread_blocked, id=9872, stack(0x00000068bf000000,0x00000068bf100000) (1024K)]
  0x000001b9b16c13f0 JavaThread "Monitor Ctrl-Break"         daemon [_thread_in_native, id=14420, stack(0x00000068bf300000,0x00000068bf400000) (1024K)]
  0x000001b9b16c2e30 JavaThread "Notification Thread"        daemon [_thread_blocked, id=17888, stack(0x00000068bf400000,0x00000068bf500000) (1024K)]
  0x000001b9b16c06d0 JavaThread "QuantumRenderer-0"          daemon [_thread_blocked, id=5312, stack(0x00000068bf500000,0x00000068bf600000) (1024K)]
  0x000001b9b16c0040 JavaThread "InvokeLaterDispatcher"      daemon [_thread_blocked, id=19564, stack(0x00000068bf700000,0x00000068bf800000) (1024K)]
  0x000001b9b16c0d60 JavaThread "JavaFX Application Thread"         [_thread_in_native, id=22256, stack(0x00000068bf800000,0x00000068bf900000) (1024K)]
  0x000001b9b16c1a80 JavaThread "JavaFX-Launcher"                   [_thread_blocked, id=11848, stack(0x00000068c0100000,0x00000068c0200000) (1024K)]
  0x000001b9b16bf9b0 JavaThread "Thread-2"                   daemon [_thread_in_native, id=10740, stack(0x00000068c0000000,0x00000068c0100000) (1024K)]
  0x000001b9f7a1ed90 JavaThread "mysql-cj-abandoned-connection-cleanup" daemon [_thread_blocked, id=1220, stack(0x00000068c0200000,0x00000068c0300000) (1024K)]
  0x000001b9f7a22210 JavaThread "Prism Font Disposer"        daemon [_thread_blocked, id=3452, stack(0x00000068c0700000,0x00000068c0800000) (1024K)]
  0x000001b9f7a1fab0 JavaThread "Cleaner-0"                  daemon [_thread_blocked, id=15204, stack(0x00000068c0d00000,0x00000068c0e00000) (1024K)]
  0x000001b9f7a214f0 JavaThread "SIGINT handler"             daemon [_thread_blocked, id=13080, stack(0x00000068bdd00000,0x00000068bde00000) (1024K)]
Total: 20

Other Threads:
=>0x000001b9b1692130 VMThread "VM Thread"                           [id=20952, stack(0x00000068be700000,0x00000068be800000) (1024K)]
  0x000001b994766b70 WorkerThread "GC Thread#0"                     [id=17212, stack(0x00000068be100000,0x00000068be200000) (1024K)]
  0x000001b9b1691d90 WorkerThread "GC Thread#1"                     [id=15304, stack(0x00000068bfb00000,0x00000068bfc00000) (1024K)]
  0x000001b9b1692870 WorkerThread "GC Thread#2"                     [id=19400, stack(0x00000068bfc00000,0x00000068bfd00000) (1024K)]
  0x000001b9b1692c10 WorkerThread "GC Thread#3"                     [id=20564, stack(0x00000068bfd00000,0x00000068bfe00000) (1024K)]
  0x000001b9b1692fb0 WorkerThread "GC Thread#4"                     [id=5156, stack(0x00000068bfe00000,0x00000068bff00000) (1024K)]
  0x000001b9b1691650 WorkerThread "GC Thread#5"                     [id=1740, stack(0x00000068bff00000,0x00000068c0000000) (1024K)]
  0x000001b9f793a640 WorkerThread "GC Thread#6"                     [id=2264, stack(0x00000068c0300000,0x00000068c0400000) (1024K)]
  0x000001b9f793a2a0 WorkerThread "GC Thread#7"                     [id=12760, stack(0x00000068c0400000,0x00000068c0500000) (1024K)]
  0x000001b9f793ad80 WorkerThread "GC Thread#8"                     [id=10140, stack(0x00000068c0500000,0x00000068c0600000) (1024K)]
  0x000001b9f793b120 WorkerThread "GC Thread#9"                     [id=5496, stack(0x00000068c0600000,0x00000068c0700000) (1024K)]
  0x000001b994779570 ConcurrentGCThread "G1 Main Marker"            terminated
  0x000001b99477a720 WorkerThread "G1 Conc#0"                       [id=22064, stack(0x00000068be300000,0x00000068be400000) (1024K)]
  0x000001b9fe152ce0 WorkerThread "G1 Conc#1"                       [id=11408, stack(0x00000068c0b00000,0x00000068c0c00000) (1024K)]
  0x000001b9fe1554c0 WorkerThread "G1 Conc#2"                       [id=15712, stack(0x00000068c0c00000,0x00000068c0d00000) (1024K)]
  0x000001b9b154d130 ConcurrentGCThread "G1 Refine#0"               terminated
  0x000001b9b154dbb0 ConcurrentGCThread "G1 Service"                terminated
Total: 17

Threads with active compile tasks:
Total: 0

VM state: at safepoint (shutting down)

VM Mutex/Monitor currently owned by a thread:  ([mutex/lock_event])
[0x00007ffaec0862a8] Threads_lock - owner thread: 0x000001b9b1692130
[0x00007ffaec0863a8] Heap_lock - owner thread: 0x000001b9f7a214f0

Heap address: 0x0000000083600000, size: 1994 MB, Compressed Oops mode: 32-bit

CDS archive(s) mapped at: [0x000001b9b2000000-0x000001b9b2c90000-0x000001b9b2c90000), size 13172736, SharedBaseAddress: 0x000001b9b2000000, ArchiveRelocationMode: 1.
Compressed class space mapped at: 0x000001b9b3000000-0x000001b9f3000000, reserved size: 1073741824
Narrow klass base: 0x000001b9b2000000, Narrow klass shift: 0, Narrow klass range: 0x100000000

GC Precious Log:
 CardTable entry size: 512
 Card Set container configuration: InlinePtr #cards 5 size 8 Array Of Cards #cards 12 size 40 Howl #buckets 4 coarsen threshold 1843 Howl Bitmap #cards 512 size 80 coarsen threshold 460 Card regions per heap region 1 cards per card region 2048
 CPUs: 12 total, 12 available
 Memory: 7971M
 Large Page Support: Disabled
 NUMA Support: Disabled
 Compressed Oops: Enabled (32-bit)
 Heap Region Size: 1M
 Heap Min Capacity: 8M
 Heap Initial Capacity: 126M
 Heap Max Capacity: 1994M
 Pre-touch: Disabled
 Parallel Workers: 10
 Concurrent Workers: 3
 Concurrent Refinement Workers: 10
 Periodic GC: Disabled

Heap:
 garbage-first heap   total 153600K, used 119099K [0x0000000083600000, 0x0000000100000000)
  region size 1024K, 3 young (3072K), 2 survivors (2048K)
 Metaspace       used 28401K, committed 28736K, reserved 1114112K
  class space    used 3883K, committed 4032K, reserved 1048576K

Heap Regions: E=young(eden), S=young(survivor), O=old, HS=humongous(starts), HC=humongous(continues), CS=collection set, F=free, TAMS=top-at-mark-start, PB=parsable bottom
|   0|0x0000000083600000, 0x0000000083700000, 0x0000000083700000|100%| O|  |TAMS 0x0000000083600000| PB 0x0000000083600000| Untracked 
|   1|0x0000000083700000, 0x0000000083800000, 0x0000000083800000|100%| O|  |TAMS 0x0000000083700000| PB 0x0000000083700000| Untracked 
|   2|0x0000000083800000, 0x0000000083900000, 0x0000000083900000|100%| O|  |TAMS 0x0000000083800000| PB 0x0000000083800000| Untracked 
|   3|0x0000000083900000, 0x0000000083a00000, 0x0000000083a00000|100%|HS|  |TAMS 0x0000000083900000| PB 0x0000000083900000| Complete 
|   4|0x0000000083a00000, 0x0000000083b00000, 0x0000000083b00000|100%|HC|  |TAMS 0x0000000083a00000| PB 0x0000000083a00000| Complete 
|   5|0x0000000083b00000, 0x0000000083c00000, 0x0000000083c00000|100%|HS|  |TAMS 0x0000000083b00000| PB 0x0000000083b00000| Complete 
|   6|0x0000000083c00000, 0x0000000083d00000, 0x0000000083d00000|100%|HC|  |TAMS 0x0000000083c00000| PB 0x0000000083c00000| Complete 
|   7|0x0000000083d00000, 0x0000000083e00000, 0x0000000083e00000|100%|HS|  |TAMS 0x0000000083d00000| PB 0x0000000083d00000| Complete 
|   8|0x0000000083e00000, 0x0000000083f00000, 0x0000000083f00000|100%|HC|  |TAMS 0x0000000083e00000| PB 0x0000000083e00000| Complete 
|   9|0x0000000083f00000, 0x0000000084000000, 0x0000000084000000|100%|HS|  |TAMS 0x0000000083f00000| PB 0x0000000083f00000| Complete 
|  10|0x0000000084000000, 0x0000000084100000, 0x0000000084100000|100%|HC|  |TAMS 0x0000000084000000| PB 0x0000000084000000| Complete 
|  11|0x0000000084100000, 0x0000000084200000, 0x0000000084200000|100%|HS|  |TAMS 0x0000000084100000| PB 0x0000000084100000| Complete 
|  12|0x0000000084200000, 0x0000000084300000, 0x0000000084300000|100%|HC|  |TAMS 0x0000000084200000| PB 0x0000000084200000| Complete 
|  13|0x0000000084300000, 0x0000000084400000, 0x0000000084400000|100%|HS|  |TAMS 0x0000000084300000| PB 0x0000000084300000| Complete 
|  14|0x0000000084400000, 0x0000000084500000, 0x0000000084500000|100%|HC|  |TAMS 0x0000000084400000| PB 0x0000000084400000| Complete 
|  15|0x0000000084500000, 0x0000000084600000, 0x0000000084600000|100%|HS|  |TAMS 0x0000000084500000| PB 0x0000000084500000| Complete 
|  16|0x0000000084600000, 0x0000000084700000, 0x0000000084700000|100%|HC|  |TAMS 0x0000000084600000| PB 0x0000000084600000| Complete 
|  17|0x0000000084700000, 0x0000000084800000, 0x0000000084800000|100%|HS|  |TAMS 0x0000000084700000| PB 0x0000000084700000| Complete 
|  18|0x0000000084800000, 0x0000000084900000, 0x0000000084900000|100%|HS|  |TAMS 0x0000000084800000| PB 0x0000000084800000| Complete 
|  19|0x0000000084900000, 0x0000000084a00000, 0x0000000084a00000|100%|HS|  |TAMS 0x0000000084900000| PB 0x0000000084900000| Complete 
|  20|0x0000000084a00000, 0x0000000084b00000, 0x0000000084b00000|100%|HC|  |TAMS 0x0000000084a00000| PB 0x0000000084a00000| Complete 
|  21|0x0000000084b00000, 0x0000000084c00000, 0x0000000084c00000|100%|HS|  |TAMS 0x0000000084b00000| PB 0x0000000084b00000| Complete 
|  22|0x0000000084c00000, 0x0000000084d00000, 0x0000000084d00000|100%|HC|  |TAMS 0x0000000084c00000| PB 0x0000000084c00000| Complete 
|  23|0x0000000084d00000, 0x0000000084e00000, 0x0000000084e00000|100%|HS|  |TAMS 0x0000000084d00000| PB 0x0000000084d00000| Complete 
|  24|0x0000000084e00000, 0x0000000084f00000, 0x0000000084f00000|100%|HC|  |TAMS 0x0000000084e00000| PB 0x0000000084e00000| Complete 
|  25|0x0000000084f00000, 0x0000000085000000, 0x0000000085000000|100%|HS|  |TAMS 0x0000000084f00000| PB 0x0000000084f00000| Complete 
|  26|0x0000000085000000, 0x0000000085100000, 0x0000000085100000|100%|HC|  |TAMS 0x0000000085000000| PB 0x0000000085000000| Complete 
|  27|0x0000000085100000, 0x0000000085200000, 0x0000000085200000|100%|HS|  |TAMS 0x0000000085100000| PB 0x0000000085100000| Complete 
|  28|0x0000000085200000, 0x0000000085300000, 0x0000000085300000|100%|HC|  |TAMS 0x0000000085200000| PB 0x0000000085200000| Complete 
|  29|0x0000000085300000, 0x0000000085400000, 0x0000000085400000|100%|HS|  |TAMS 0x0000000085300000| PB 0x0000000085300000| Complete 
|  30|0x0000000085400000, 0x0000000085500000, 0x0000000085500000|100%|HC|  |TAMS 0x0000000085400000| PB 0x0000000085400000| Complete 
|  31|0x0000000085500000, 0x0000000085600000, 0x0000000085600000|100%|HS|  |TAMS 0x0000000085500000| PB 0x0000000085500000| Complete 
|  32|0x0000000085600000, 0x0000000085700000, 0x0000000085700000|100%|HC|  |TAMS 0x0000000085600000| PB 0x0000000085600000| Complete 
|  33|0x0000000085700000, 0x0000000085800000, 0x0000000085800000|100%|HS|  |TAMS 0x0000000085700000| PB 0x0000000085700000| Complete 
|  34|0x0000000085800000, 0x0000000085900000, 0x0000000085900000|100%|HC|  |TAMS 0x0000000085800000| PB 0x0000000085800000| Complete 
|  35|0x0000000085900000, 0x0000000085a00000, 0x0000000085a00000|100%|HS|  |TAMS 0x0000000085900000| PB 0x0000000085900000| Complete 
|  36|0x0000000085a00000, 0x0000000085b00000, 0x0000000085b00000|100%|HC|  |TAMS 0x0000000085a00000| PB 0x0000000085a00000| Complete 
|  37|0x0000000085b00000, 0x0000000085c00000, 0x0000000085c00000|100%|HS|  |TAMS 0x0000000085b00000| PB 0x0000000085b00000| Complete 
|  38|0x0000000085c00000, 0x0000000085d00000, 0x0000000085d00000|100%|HC|  |TAMS 0x0000000085c00000| PB 0x0000000085c00000| Complete 
|  39|0x0000000085d00000, 0x0000000085e00000, 0x0000000085e00000|100%|HS|  |TAMS 0x0000000085d00000| PB 0x0000000085d00000| Complete 
|  40|0x0000000085e00000, 0x0000000085f00000, 0x0000000085f00000|100%|HC|  |TAMS 0x0000000085e00000| PB 0x0000000085e00000| Complete 
|  41|0x0000000085f00000, 0x0000000086000000, 0x0000000086000000|100%|HS|  |TAMS 0x0000000085f00000| PB 0x0000000085f00000| Complete 
|  42|0x0000000086000000, 0x0000000086100000, 0x0000000086100000|100%|HC|  |TAMS 0x0000000086000000| PB 0x0000000086000000| Complete 
|  43|0x0000000086100000, 0x0000000086200000, 0x0000000086200000|100%|HS|  |TAMS 0x0000000086100000| PB 0x0000000086100000| Complete 
|  44|0x0000000086200000, 0x0000000086300000, 0x0000000086300000|100%|HC|  |TAMS 0x0000000086200000| PB 0x0000000086200000| Complete 
|  45|0x0000000086300000, 0x0000000086400000, 0x0000000086400000|100%|HS|  |TAMS 0x0000000086300000| PB 0x0000000086300000| Complete 
|  46|0x0000000086400000, 0x0000000086500000, 0x0000000086500000|100%|HC|  |TAMS 0x0000000086400000| PB 0x0000000086400000| Complete 
|  47|0x0000000086500000, 0x0000000086600000, 0x0000000086600000|100%|HS|  |TAMS 0x0000000086500000| PB 0x0000000086500000| Complete 
|  48|0x0000000086600000, 0x0000000086700000, 0x0000000086700000|100%|HC|  |TAMS 0x0000000086600000| PB 0x0000000086600000| Complete 
|  49|0x0000000086700000, 0x0000000086800000, 0x0000000086800000|100%|HS|  |TAMS 0x0000000086700000| PB 0x0000000086700000| Complete 
|  50|0x0000000086800000, 0x0000000086900000, 0x0000000086900000|100%|HC|  |TAMS 0x0000000086800000| PB 0x0000000086800000| Complete 
|  51|0x0000000086900000, 0x0000000086a00000, 0x0000000086a00000|100%|HC|  |TAMS 0x0000000086900000| PB 0x0000000086900000| Complete 
|  52|0x0000000086a00000, 0x0000000086b00000, 0x0000000086b00000|100%|HC|  |TAMS 0x0000000086a00000| PB 0x0000000086a00000| Complete 
|  53|0x0000000086b00000, 0x0000000086c00000, 0x0000000086c00000|100%|HC|  |TAMS 0x0000000086b00000| PB 0x0000000086b00000| Complete 
|  54|0x0000000086c00000, 0x0000000086d00000, 0x0000000086d00000|100%|HC|  |TAMS 0x0000000086c00000| PB 0x0000000086c00000| Complete 
|  55|0x0000000086d00000, 0x0000000086e00000, 0x0000000086e00000|100%|HC|  |TAMS 0x0000000086d00000| PB 0x0000000086d00000| Complete 
|  56|0x0000000086e00000, 0x0000000086f00000, 0x0000000086f00000|100%|HC|  |TAMS 0x0000000086e00000| PB 0x0000000086e00000| Complete 
|  57|0x0000000086f00000, 0x0000000087000000, 0x0000000087000000|100%| O|  |TAMS 0x0000000086f00000| PB 0x0000000086f00000| Untracked 
|  58|0x0000000087000000, 0x0000000087100000, 0x0000000087100000|100%| O|  |TAMS 0x0000000087000000| PB 0x0000000087000000| Untracked 
|  59|0x0000000087100000, 0x0000000087200000, 0x0000000087200000|100%| O|  |TAMS 0x0000000087100000| PB 0x0000000087100000| Untracked 
|  60|0x0000000087200000, 0x0000000087300000, 0x0000000087300000|100%| O|  |TAMS 0x0000000087200000| PB 0x0000000087200000| Untracked 
|  61|0x0000000087300000, 0x000000008734ef40, 0x0000000087400000| 30%| O|  |TAMS 0x0000000087300000| PB 0x0000000087300000| Untracked 
|  62|0x0000000087400000, 0x0000000087500000, 0x0000000087500000|100%|HS|  |TAMS 0x0000000087400000| PB 0x0000000087400000| Complete 
|  63|0x0000000087500000, 0x0000000087600000, 0x0000000087600000|100%|HC|  |TAMS 0x0000000087500000| PB 0x0000000087500000| Complete 
|  64|0x0000000087600000, 0x0000000087700000, 0x0000000087700000|100%|HS|  |TAMS 0x0000000087600000| PB 0x0000000087600000| Complete 
|  65|0x0000000087700000, 0x0000000087800000, 0x0000000087800000|100%|HC|  |TAMS 0x0000000087700000| PB 0x0000000087700000| Complete 
|  66|0x0000000087800000, 0x0000000087900000, 0x0000000087900000|100%|HS|  |TAMS 0x0000000087800000| PB 0x0000000087800000| Complete 
|  67|0x0000000087900000, 0x0000000087a00000, 0x0000000087a00000|100%|HC|  |TAMS 0x0000000087900000| PB 0x0000000087900000| Complete 
|  68|0x0000000087a00000, 0x0000000087b00000, 0x0000000087b00000|100%|HS|  |TAMS 0x0000000087a00000| PB 0x0000000087a00000| Complete 
|  69|0x0000000087b00000, 0x0000000087c00000, 0x0000000087c00000|100%|HC|  |TAMS 0x0000000087b00000| PB 0x0000000087b00000| Complete 
|  70|0x0000000087c00000, 0x0000000087d00000, 0x0000000087d00000|100%|HS|  |TAMS 0x0000000087c00000| PB 0x0000000087c00000| Complete 
|  71|0x0000000087d00000, 0x0000000087d00000, 0x0000000087e00000|  0%| F|  |TAMS 0x0000000087d00000| PB 0x0000000087d00000| Untracked 
|  72|0x0000000087e00000, 0x0000000087e00000, 0x0000000087f00000|  0%| F|  |TAMS 0x0000000087e00000| PB 0x0000000087e00000| Untracked 
|  73|0x0000000087f00000, 0x0000000087f00000, 0x0000000088000000|  0%| F|  |TAMS 0x0000000087f00000| PB 0x0000000087f00000| Untracked 
|  74|0x0000000088000000, 0x0000000088000000, 0x0000000088100000|  0%| F|  |TAMS 0x0000000088000000| PB 0x0000000088000000| Untracked 
|  75|0x0000000088100000, 0x0000000088100000, 0x0000000088200000|  0%| F|  |TAMS 0x0000000088100000| PB 0x0000000088100000| Untracked 
|  76|0x0000000088200000, 0x0000000088200000, 0x0000000088300000|  0%| F|  |TAMS 0x0000000088200000| PB 0x0000000088200000| Untracked 
|  77|0x0000000088300000, 0x0000000088300000, 0x0000000088400000|  0%| F|  |TAMS 0x0000000088300000| PB 0x0000000088300000| Untracked 
|  78|0x0000000088400000, 0x0000000088400000, 0x0000000088500000|  0%| F|  |TAMS 0x0000000088400000| PB 0x0000000088400000| Untracked 
|  79|0x0000000088500000, 0x0000000088500000, 0x0000000088600000|  0%| F|  |TAMS 0x0000000088500000| PB 0x0000000088500000| Untracked 
|  80|0x0000000088600000, 0x0000000088600000, 0x0000000088700000|  0%| F|  |TAMS 0x0000000088600000| PB 0x0000000088600000| Untracked 
|  81|0x0000000088700000, 0x0000000088800000, 0x0000000088800000|100%|HS|  |TAMS 0x0000000088700000| PB 0x0000000088700000| Complete 
|  82|0x0000000088800000, 0x0000000088900000, 0x0000000088900000|100%|HC|  |TAMS 0x0000000088800000| PB 0x0000000088800000| Complete 
|  83|0x0000000088900000, 0x0000000088a00000, 0x0000000088a00000|100%|HC|  |TAMS 0x0000000088900000| PB 0x0000000088900000| Complete 
|  84|0x0000000088a00000, 0x0000000088b00000, 0x0000000088b00000|100%|HC|  |TAMS 0x0000000088a00000| PB 0x0000000088a00000| Complete 
|  85|0x0000000088b00000, 0x0000000088c00000, 0x0000000088c00000|100%|HC|  |TAMS 0x0000000088b00000| PB 0x0000000088b00000| Complete 
|  86|0x0000000088c00000, 0x0000000088d00000, 0x0000000088d00000|100%|HC|  |TAMS 0x0000000088c00000| PB 0x0000000088c00000| Complete 
|  87|0x0000000088d00000, 0x0000000088e00000, 0x0000000088e00000|100%|HC|  |TAMS 0x0000000088d00000| PB 0x0000000088d00000| Complete 
|  88|0x0000000088e00000, 0x0000000088f00000, 0x0000000088f00000|100%|HC|  |TAMS 0x0000000088e00000| PB 0x0000000088e00000| Complete 
|  89|0x0000000088f00000, 0x0000000089000000, 0x0000000089000000|100%|HC|  |TAMS 0x0000000088f00000| PB 0x0000000088f00000| Complete 
|  90|0x0000000089000000, 0x0000000089100000, 0x0000000089100000|100%|HC|  |TAMS 0x0000000089000000| PB 0x0000000089000000| Complete 
|  91|0x0000000089100000, 0x0000000089200000, 0x0000000089200000|100%|HC|  |TAMS 0x0000000089100000| PB 0x0000000089100000| Complete 
|  92|0x0000000089200000, 0x0000000089300000, 0x0000000089300000|100%|HS|  |TAMS 0x0000000089200000| PB 0x0000000089200000| Complete 
|  93|0x0000000089300000, 0x0000000089400000, 0x0000000089400000|100%|HS|  |TAMS 0x0000000089300000| PB 0x0000000089300000| Complete 
|  94|0x0000000089400000, 0x0000000089500000, 0x0000000089500000|100%|HC|  |TAMS 0x0000000089400000| PB 0x0000000089400000| Complete 
|  95|0x0000000089500000, 0x0000000089600000, 0x0000000089600000|100%|HC|  |TAMS 0x0000000089500000| PB 0x0000000089500000| Complete 
|  96|0x0000000089600000, 0x0000000089700000, 0x0000000089700000|100%|HC|  |TAMS 0x0000000089600000| PB 0x0000000089600000| Complete 
|  97|0x0000000089700000, 0x0000000089800000, 0x0000000089800000|100%|HC|  |TAMS 0x0000000089700000| PB 0x0000000089700000| Complete 
|  98|0x0000000089800000, 0x0000000089900000, 0x0000000089900000|100%|HC|  |TAMS 0x0000000089800000| PB 0x0000000089800000| Complete 
|  99|0x0000000089900000, 0x0000000089a00000, 0x0000000089a00000|100%|HC|  |TAMS 0x0000000089900000| PB 0x0000000089900000| Complete 
| 100|0x0000000089a00000, 0x0000000089b00000, 0x0000000089b00000|100%|HC|  |TAMS 0x0000000089a00000| PB 0x0000000089a00000| Complete 
| 101|0x0000000089b00000, 0x0000000089b00000, 0x0000000089c00000|  0%| F|  |TAMS 0x0000000089b00000| PB 0x0000000089b00000| Untracked 
| 102|0x0000000089c00000, 0x0000000089c00000, 0x0000000089d00000|  0%| F|  |TAMS 0x0000000089c00000| PB 0x0000000089c00000| Untracked 
| 103|0x0000000089d00000, 0x0000000089d00000, 0x0000000089e00000|  0%| F|  |TAMS 0x0000000089d00000| PB 0x0000000089d00000| Untracked 
| 104|0x0000000089e00000, 0x0000000089e00000, 0x0000000089f00000|  0%| F|  |TAMS 0x0000000089e00000| PB 0x0000000089e00000| Untracked 
| 105|0x0000000089f00000, 0x0000000089f00000, 0x000000008a000000|  0%| F|  |TAMS 0x0000000089f00000| PB 0x0000000089f00000| Untracked 
| 106|0x000000008a000000, 0x000000008a000000, 0x000000008a100000|  0%| F|  |TAMS 0x000000008a000000| PB 0x000000008a000000| Untracked 
| 107|0x000000008a100000, 0x000000008a100000, 0x000000008a200000|  0%| F|  |TAMS 0x000000008a100000| PB 0x000000008a100000| Untracked 
| 108|0x000000008a200000, 0x000000008a200000, 0x000000008a300000|  0%| F|  |TAMS 0x000000008a200000| PB 0x000000008a200000| Untracked 
| 109|0x000000008a300000, 0x000000008a300000, 0x000000008a400000|  0%| F|  |TAMS 0x000000008a300000| PB 0x000000008a300000| Untracked 
| 110|0x000000008a400000, 0x000000008a400000, 0x000000008a500000|  0%| F|  |TAMS 0x000000008a400000| PB 0x000000008a400000| Untracked 
| 111|0x000000008a500000, 0x000000008a500000, 0x000000008a600000|  0%| F|  |TAMS 0x000000008a500000| PB 0x000000008a500000| Untracked 
| 112|0x000000008a600000, 0x000000008a600000, 0x000000008a700000|  0%| F|  |TAMS 0x000000008a600000| PB 0x000000008a600000| Untracked 
| 113|0x000000008a700000, 0x000000008a700000, 0x000000008a800000|  0%| F|  |TAMS 0x000000008a700000| PB 0x000000008a700000| Untracked 
| 114|0x000000008a800000, 0x000000008a800000, 0x000000008a900000|  0%| F|  |TAMS 0x000000008a800000| PB 0x000000008a800000| Untracked 
| 115|0x000000008a900000, 0x000000008a900000, 0x000000008aa00000|  0%| F|  |TAMS 0x000000008a900000| PB 0x000000008a900000| Untracked 
| 116|0x000000008aa00000, 0x000000008aa00000, 0x000000008ab00000|  0%| F|  |TAMS 0x000000008aa00000| PB 0x000000008aa00000| Untracked 
| 117|0x000000008ab00000, 0x000000008ab00000, 0x000000008ac00000|  0%| F|  |TAMS 0x000000008ab00000| PB 0x000000008ab00000| Untracked 
| 118|0x000000008ac00000, 0x000000008ac00000, 0x000000008ad00000|  0%| F|  |TAMS 0x000000008ac00000| PB 0x000000008ac00000| Untracked 
| 119|0x000000008ad00000, 0x000000008ad00000, 0x000000008ae00000|  0%| F|  |TAMS 0x000000008ad00000| PB 0x000000008ad00000| Untracked 
| 120|0x000000008ae00000, 0x000000008ae00000, 0x000000008af00000|  0%| F|  |TAMS 0x000000008ae00000| PB 0x000000008ae00000| Untracked 
| 121|0x000000008af00000, 0x000000008af00000, 0x000000008b000000|  0%| F|  |TAMS 0x000000008af00000| PB 0x000000008af00000| Untracked 
| 122|0x000000008b000000, 0x000000008b000000, 0x000000008b100000|  0%| F|  |TAMS 0x000000008b000000| PB 0x000000008b000000| Untracked 
| 123|0x000000008b100000, 0x000000008b200000, 0x000000008b200000|100%| S|CS|TAMS 0x000000008b100000| PB 0x000000008b100000| Complete 
| 124|0x000000008b200000, 0x000000008b2fff70, 0x000000008b300000| 99%| S|CS|TAMS 0x000000008b200000| PB 0x000000008b200000| Complete 
| 125|0x000000008b300000, 0x000000008b3fa1c8, 0x000000008b400000| 97%| E|  |TAMS 0x000000008b300000| PB 0x000000008b300000| Complete 
| 126|0x000000008b400000, 0x000000008b500000, 0x000000008b500000|100%|HS|  |TAMS 0x000000008b400000| PB 0x000000008b400000| Complete 
| 127|0x000000008b500000, 0x000000008b600000, 0x000000008b600000|100%|HC|  |TAMS 0x000000008b500000| PB 0x000000008b500000| Complete 
| 128|0x000000008b600000, 0x000000008b700000, 0x000000008b700000|100%|HC|  |TAMS 0x000000008b600000| PB 0x000000008b600000| Complete 
| 129|0x000000008b700000, 0x000000008b800000, 0x000000008b800000|100%|HC|  |TAMS 0x000000008b700000| PB 0x000000008b700000| Complete 
| 130|0x000000008b800000, 0x000000008b900000, 0x000000008b900000|100%|HC|  |TAMS 0x000000008b800000| PB 0x000000008b800000| Complete 
| 131|0x000000008b900000, 0x000000008ba00000, 0x000000008ba00000|100%|HC|  |TAMS 0x000000008b900000| PB 0x000000008b900000| Complete 
| 132|0x000000008ba00000, 0x000000008bb00000, 0x000000008bb00000|100%|HC|  |TAMS 0x000000008ba00000| PB 0x000000008ba00000| Complete 
| 133|0x000000008bb00000, 0x000000008bc00000, 0x000000008bc00000|100%|HC|  |TAMS 0x000000008bb00000| PB 0x000000008bb00000| Complete 
| 134|0x000000008bc00000, 0x000000008bd00000, 0x000000008bd00000|100%|HC|  |TAMS 0x000000008bc00000| PB 0x000000008bc00000| Complete 
| 135|0x000000008bd00000, 0x000000008be00000, 0x000000008be00000|100%|HC|  |TAMS 0x000000008bd00000| PB 0x000000008bd00000| Complete 
| 136|0x000000008be00000, 0x000000008bf00000, 0x000000008bf00000|100%|HC|  |TAMS 0x000000008be00000| PB 0x000000008be00000| Complete 
|1981|0x00000000ff300000, 0x00000000ff400000, 0x00000000ff400000|100%| O|Cm|TAMS 0x00000000ff300000| PB 0x00000000ff300000| Complete 
|1982|0x00000000ff400000, 0x00000000ff500000, 0x00000000ff500000|100%| O|  |TAMS 0x00000000ff400000| PB 0x00000000ff400000| Untracked 
|1983|0x00000000ff500000, 0x00000000ff600000, 0x00000000ff600000|100%| O|  |TAMS 0x00000000ff500000| PB 0x00000000ff500000| Untracked 
|1984|0x00000000ff600000, 0x00000000ff700000, 0x00000000ff700000|100%| O|  |TAMS 0x00000000ff600000| PB 0x00000000ff600000| Untracked 
|1985|0x00000000ff700000, 0x00000000ff800000, 0x00000000ff800000|100%| O|  |TAMS 0x00000000ff700000| PB 0x00000000ff700000| Untracked 
|1986|0x00000000ff800000, 0x00000000ff900000, 0x00000000ff900000|100%| O|  |TAMS 0x00000000ff800000| PB 0x00000000ff800000| Untracked 
|1987|0x00000000ff900000, 0x00000000ffa00000, 0x00000000ffa00000|100%| O|  |TAMS 0x00000000ff900000| PB 0x00000000ff900000| Untracked 
|1988|0x00000000ffa00000, 0x00000000ffb00000, 0x00000000ffb00000|100%| O|  |TAMS 0x00000000ffa00000| PB 0x00000000ffa00000| Untracked 
|1989|0x00000000ffb00000, 0x00000000ffc00000, 0x00000000ffc00000|100%| O|  |TAMS 0x00000000ffb00000| PB 0x00000000ffb00000| Untracked 
|1990|0x00000000ffc00000, 0x00000000ffd00000, 0x00000000ffd00000|100%| O|  |TAMS 0x00000000ffc00000| PB 0x00000000ffc00000| Untracked 
|1991|0x00000000ffd00000, 0x00000000ffe00000, 0x00000000ffe00000|100%| O|  |TAMS 0x00000000ffd00000| PB 0x00000000ffd00000| Untracked 
|1992|0x00000000ffe00000, 0x00000000fff00000, 0x00000000fff00000|100%| O|  |TAMS 0x00000000ffe00000| PB 0x00000000ffe00000| Untracked 
|1993|0x00000000fff00000, 0x0000000100000000, 0x0000000100000000|100%| O|  |TAMS 0x00000000fff00000| PB 0x00000000fff00000| Untracked 

Card table byte_map: [0x000001b9ac740000,0x000001b9acb30000] _byte_map_base: 0x000001b9ac325000

Marking Bits: (CMBitMap*) 0x000001b994767180
 Bits: [0x000001b9acb30000, 0x000001b9aea58000)

Polling page: 0x000001b992450000

Metaspace:

Usage:
  Non-class:     23.94 MB used.
      Class:      3.79 MB used.
       Both:     27.74 MB used.

Virtual space:
  Non-class space:       64.00 MB reserved,      24.12 MB ( 38%) committed,  1 nodes.
      Class space:        1.00 GB reserved,       3.94 MB ( <1%) committed,  1 nodes.
             Both:        1.06 GB reserved,      28.06 MB (  3%) committed. 

Chunk freelists:
   Non-Class:  7.77 MB
       Class:  12.01 MB
        Both:  19.77 MB

MaxMetaspaceSize: unlimited
CompressedClassSpaceSize: 1.00 GB
Initial GC threshold: 21.00 MB
Current GC threshold: 45.56 MB
CDS: on
 - commit_granule_bytes: 65536.
 - commit_granule_words: 8192.
 - virtual_space_node_default_size: 8388608.
 - enlarge_chunks_in_place: 1.
 - use_allocation_guard: 0.


Internal statistics:

num_allocs_failed_limit: 3.
num_arena_births: 412.
num_arena_deaths: 0.
num_vsnodes_births: 2.
num_vsnodes_deaths: 0.
num_space_committed: 449.
num_space_uncommitted: 0.
num_chunks_returned_to_freelist: 3.
num_chunks_taken_from_freelist: 1215.
num_chunk_merges: 3.
num_chunk_splits: 848.
num_chunks_enlarged: 659.
num_inconsistent_stats: 0.

CodeHeap 'non-profiled nmethods': size=120000Kb used=2531Kb max_used=2531Kb free=117468Kb
 bounds [0x000001b9a48d0000, 0x000001b9a4b50000, 0x000001b9abe00000]
CodeHeap 'profiled nmethods': size=120000Kb used=10529Kb max_used=10529Kb free=109470Kb
 bounds [0x000001b99ce00000, 0x000001b99d850000, 0x000001b9a4330000]
CodeHeap 'non-nmethods': size=5760Kb used=2214Kb max_used=2260Kb free=3546Kb
 bounds [0x000001b9a4330000, 0x000001b9a45a0000, 0x000001b9a48d0000]
 total_blobs=6099 nmethods=5176 adapters=827
 compilation: enabled
              stopped_count=0, restarted_count=0
 full_count=0

Compilation events (20 events):
Event: 130.570 Thread 0x000001b9b16cdb70 5566       3       java.util.EnumMap::values (25 bytes)
Event: 130.571 Thread 0x000001b9b16cdb70 nmethod 5566 0x000001b99d844910 code [0x000001b99d844ac0, 0x000001b99d844e38]
Event: 130.571 Thread 0x000001b9b16cdb70 5567       3       java.util.EnumMap$Values::iterator (12 bytes)
Event: 130.571 Thread 0x000001b9b16cdb70 nmethod 5567 0x000001b99d844f90 code [0x000001b99d845140, 0x000001b99d845488]
Event: 130.571 Thread 0x000001b9b16cdb70 5568       3       java.util.EnumMap$ValueIterator::<init> (11 bytes)
Event: 130.571 Thread 0x000001b9b16cdb70 nmethod 5568 0x000001b99d845590 code [0x000001b99d845740, 0x000001b99d8459d0]
Event: 130.571 Thread 0x000001b9b16cdb70 5569       3       java.util.EnumMap$EnumMapIterator::<init> (20 bytes)
Event: 130.571 Thread 0x000001b9b16cdb70 nmethod 5569 0x000001b99d845a90 code [0x000001b99d845c20, 0x000001b99d845df8]
Event: 130.902 Thread 0x000001b9b16cdb70 5570       3       java.util.ArrayDeque::remove (5 bytes)
Event: 130.902 Thread 0x000001b9b16cdb70 nmethod 5570 0x000001b99d845e90 code [0x000001b99d846060, 0x000001b99d846320]
Event: 132.278 Thread 0x000001b9b16cdb70 5571       3       javafx.scene.Node$15::invalidated (46 bytes)
Event: 132.278 Thread 0x000001b9b16cdb70 nmethod 5571 0x000001b99d846490 code [0x000001b99d846720, 0x000001b99d847308]
Event: 142.450 Thread 0x000001b9b16cdb70 5572       3       javafx.scene.Scene$DnDGesture::processDragDetection (116 bytes)
Event: 142.450 Thread 0x000001b9b16cdb70 nmethod 5572 0x000001b99d847690 code [0x000001b99d8478a0, 0x000001b99d8480e0]
Event: 151.984 Thread 0x000001b9b16c9080 5573       4       jdk.internal.misc.Unsafe::putReferenceOpaque (9 bytes)
Event: 151.985 Thread 0x000001b9b16c9080 nmethod 5573 0x000001b9a4b48610 code [0x000001b9a4b48780, 0x000001b9a4b488d8]
Event: 166.892 Thread 0x000001b9b16cdb70 5574   !   3       javafx.scene.Scene$DnDGesture::process (124 bytes)
Event: 166.893 Thread 0x000001b9b16cdb70 nmethod 5574 0x000001b99d848310 code [0x000001b99d848560, 0x000001b99d848fc0]
Event: 180.830 Thread 0x000001b9b16cdb70 5575       1       java.util.logging.LogManager$LoggerContext::getOwner (5 bytes)
Event: 180.830 Thread 0x000001b9b16cdb70 nmethod 5575 0x000001b9a4b48990 code [0x000001b9a4b48b20, 0x000001b9a4b48be8]

GC Heap History (14 events):
Event: 0.499 GC heap before
{Heap before GC invocations=0 (full 0):
 garbage-first heap   total 129024K, used 22528K [0x0000000083600000, 0x0000000100000000)
  region size 1024K, 23 young (23552K), 0 survivors (0K)
 Metaspace       used 4352K, committed 4608K, reserved 1114112K
  class space    used 453K, committed 576K, reserved 1048576K
}
Event: 0.502 GC heap after
{Heap after GC invocations=1 (full 0):
 garbage-first heap   total 129024K, used 2768K [0x0000000083600000, 0x0000000100000000)
  region size 1024K, 3 young (3072K), 3 survivors (3072K)
 Metaspace       used 4352K, committed 4608K, reserved 1114112K
  class space    used 453K, committed 576K, reserved 1048576K
}
Event: 1.056 GC heap before
{Heap before GC invocations=1 (full 0):
 garbage-first heap   total 129024K, used 36560K [0x0000000083600000, 0x0000000100000000)
  region size 1024K, 37 young (37888K), 3 survivors (3072K)
 Metaspace       used 17375K, committed 17600K, reserved 1114112K
  class space    used 2077K, committed 2176K, reserved 1048576K
}
Event: 1.062 GC heap after
{Heap after GC invocations=2 (full 0):
 garbage-first heap   total 129024K, used 7764K [0x0000000083600000, 0x0000000100000000)
  region size 1024K, 5 young (5120K), 5 survivors (5120K)
 Metaspace       used 17375K, committed 17600K, reserved 1114112K
  class space    used 2077K, committed 2176K, reserved 1048576K
}
Event: 1.341 GC heap before
{Heap before GC invocations=2 (full 0):
 garbage-first heap   total 129024K, used 41556K [0x0000000083600000, 0x0000000100000000)
  region size 1024K, 28 young (28672K), 5 survivors (5120K)
 Metaspace       used 21133K, committed 21504K, reserved 1114112K
  class space    used 2727K, committed 2880K, reserved 1048576K
}
Event: 1.346 GC heap after
{Heap after GC invocations=3 (full 0):
 garbage-first heap   total 129024K, used 22100K [0x0000000083600000, 0x0000000100000000)
  region size 1024K, 7 young (7168K), 7 survivors (7168K)
 Metaspace       used 21133K, committed 21504K, reserved 1114112K
  class space    used 2727K, committed 2880K, reserved 1048576K
}
Event: 11.109 GC heap before
{Heap before GC invocations=4 (full 0):
 garbage-first heap   total 79872K, used 79444K [0x0000000083600000, 0x0000000100000000)
  region size 1024K, 41 young (41984K), 7 survivors (7168K)
 Metaspace       used 26639K, committed 27072K, reserved 1114112K
  class space    used 3768K, committed 3968K, reserved 1048576K
}
Event: 11.116 GC heap after
{Heap after GC invocations=5 (full 0):
 garbage-first heap   total 93184K, used 49794K [0x0000000083600000, 0x0000000100000000)
  region size 1024K, 8 young (8192K), 8 survivors (8192K)
 Metaspace       used 26639K, committed 27072K, reserved 1114112K
  class space    used 3768K, committed 3968K, reserved 1048576K
}
Event: 11.960 GC heap before
{Heap before GC invocations=5 (full 0):
 garbage-first heap   total 93184K, used 90754K [0x0000000083600000, 0x0000000100000000)
  region size 1024K, 25 young (25600K), 8 survivors (8192K)
 Metaspace       used 27570K, committed 27968K, reserved 1114112K
  class space    used 3865K, committed 4032K, reserved 1048576K
}
Event: 11.967 GC heap after
{Heap after GC invocations=6 (full 0):
 garbage-first heap   total 106496K, used 79735K [0x0000000083600000, 0x0000000100000000)
  region size 1024K, 5 young (5120K), 5 survivors (5120K)
 Metaspace       used 27570K, committed 27968K, reserved 1114112K
  class space    used 3865K, committed 4032K, reserved 1048576K
}
Event: 11.982 GC heap before
{Heap before GC invocations=6 (full 0):
 garbage-first heap   total 106496K, used 80759K [0x0000000083600000, 0x0000000100000000)
  region size 1024K, 7 young (7168K), 5 survivors (5120K)
 Metaspace       used 27579K, committed 27968K, reserved 1114112K
  class space    used 3865K, committed 4032K, reserved 1048576K
}
Event: 11.984 GC heap after
{Heap after GC invocations=7 (full 0):
 garbage-first heap   total 106496K, used 80638K [0x0000000083600000, 0x0000000100000000)
  region size 1024K, 1 young (1024K), 1 survivors (1024K)
 Metaspace       used 27579K, committed 27968K, reserved 1114112K
  class space    used 3865K, committed 4032K, reserved 1048576K
}
Event: 71.968 GC heap before
{Heap before GC invocations=8 (full 0):
 garbage-first heap   total 151552K, used 150270K [0x0000000083600000, 0x0000000100000000)
  region size 1024K, 13 young (13312K), 1 survivors (1024K)
 Metaspace       used 28376K, committed 28736K, reserved 1114112K
  class space    used 3881K, committed 4032K, reserved 1048576K
}
Event: 71.970 GC heap after
{Heap after GC invocations=9 (full 0):
 garbage-first heap   total 153600K, used 119099K [0x0000000083600000, 0x0000000100000000)
  region size 1024K, 2 young (2048K), 2 survivors (2048K)
 Metaspace       used 28376K, committed 28736K, reserved 1114112K
  class space    used 3881K, committed 4032K, reserved 1048576K
}

Dll operation events (20 events):
Event: 0.324 Loaded shared library C:\Users\ACER\.openjfx\cache\21+31\amd64\api-ms-win-crt-multibyte-l1-1-0.dll
Event: 0.326 Loaded shared library C:\Users\ACER\.openjfx\cache\21+31\amd64\api-ms-win-crt-private-l1-1-0.dll
Event: 0.328 Loaded shared library C:\Users\ACER\.openjfx\cache\21+31\amd64\api-ms-win-crt-process-l1-1-0.dll
Event: 0.330 Loaded shared library C:\Users\ACER\.openjfx\cache\21+31\amd64\api-ms-win-crt-runtime-l1-1-0.dll
Event: 0.332 Loaded shared library C:\Users\ACER\.openjfx\cache\21+31\amd64\api-ms-win-crt-stdio-l1-1-0.dll
Event: 0.334 Loaded shared library C:\Users\ACER\.openjfx\cache\21+31\amd64\api-ms-win-crt-string-l1-1-0.dll
Event: 0.335 Loaded shared library C:\Users\ACER\.openjfx\cache\21+31\amd64\api-ms-win-crt-time-l1-1-0.dll
Event: 0.337 Loaded shared library C:\Users\ACER\.openjfx\cache\21+31\amd64\api-ms-win-crt-utility-l1-1-0.dll
Event: 0.348 Loaded shared library C:\Users\ACER\.openjfx\cache\21+31\amd64\ucrtbase.dll
Event: 0.352 Loaded shared library C:\Users\ACER\.openjfx\cache\21+31\amd64\vcruntime140.dll
Event: 0.355 Loaded shared library C:\Users\ACER\.openjfx\cache\21+31\amd64\vcruntime140_1.dll
Event: 0.363 Loaded shared library C:\Users\ACER\.openjfx\cache\21+31\amd64\msvcp140.dll
Event: 0.367 Loaded shared library C:\Users\ACER\.openjfx\cache\21+31\amd64\msvcp140_1.dll
Event: 0.374 Loaded shared library C:\Users\ACER\.openjfx\cache\21+31\amd64\msvcp140_2.dll
Event: 0.406 Loaded shared library C:\Users\ACER\.openjfx\cache\21+31\amd64\prism_d3d.dll
Event: 0.444 Loaded shared library C:\Users\ACER\.openjfx\cache\21+31\amd64\glass.dll
Event: 0.532 Loaded shared library C:\Users\ACER\.jdks\corretto-21.0.4\bin\jimage.dll
Event: 0.672 Loaded shared library C:\Users\ACER\.jdks\corretto-21.0.4\bin\sunmscapi.dll
Event: 1.046 Loaded shared library C:\Users\ACER\.openjfx\cache\21+31\amd64\javafx_font.dll
Event: 11.066 Loaded shared library C:\Users\ACER\.openjfx\cache\21+31\amd64\javafx_iio.dll

Deoptimization events (20 events):
Event: 14.097 Thread 0x000001b9b16c0d60 Uncommon trap: trap_request=0xffffff45 fr.pc=0x000001b9a4965c80 relative=0x0000000000000520
Event: 14.097 Thread 0x000001b9b16c0d60 Uncommon trap: reason=unstable_if action=reinterpret pc=0x000001b9a4965c80 method=java.lang.String.getBytes([BIB)V @ 5 c2
Event: 14.097 Thread 0x000001b9b16c0d60 DEOPT PACKING pc=0x000001b9a4965c80 sp=0x00000068bf8fa9f0
Event: 14.097 Thread 0x000001b9b16c0d60 DEOPT UNPACKING pc=0x000001b9a4387da2 sp=0x00000068bf8fa880 mode 2
Event: 14.097 Thread 0x000001b9b16c0d60 Uncommon trap: trap_request=0xffffff45 fr.pc=0x000001b9a4963900 relative=0x0000000000000520
Event: 14.097 Thread 0x000001b9b16c0d60 Uncommon trap: reason=unstable_if action=reinterpret pc=0x000001b9a4963900 method=java.lang.String.getBytes([BIB)V @ 5 c2
Event: 14.097 Thread 0x000001b9b16c0d60 DEOPT PACKING pc=0x000001b9a4963900 sp=0x00000068bf8fa990
Event: 14.097 Thread 0x000001b9b16c0d60 DEOPT UNPACKING pc=0x000001b9a4387da2 sp=0x00000068bf8fa888 mode 2
Event: 14.107 Thread 0x000001b9b16c0d60 Uncommon trap: trap_request=0xffffff45 fr.pc=0x000001b9a4a9b154 relative=0x0000000000000ab4
Event: 14.107 Thread 0x000001b9b16c0d60 Uncommon trap: reason=unstable_if action=reinterpret pc=0x000001b9a4a9b154 method=javafx.scene.CssStyleHelper.getStyle(Ljavafx/css/Styleable;Ljava/lang/String;Lcom/sun/javafx/css/StyleMap;Ljava/util/Set;)Lcom/sun/javafx/css/CascadingStyle; @ 8 c2
Event: 14.107 Thread 0x000001b9b16c0d60 DEOPT PACKING pc=0x000001b9a4a9b154 sp=0x00000068bf8f9e70
Event: 14.107 Thread 0x000001b9b16c0d60 DEOPT UNPACKING pc=0x000001b9a4387da2 sp=0x00000068bf8f9de0 mode 2
Event: 14.138 Thread 0x000001b9b16c06d0 Uncommon trap: trap_request=0xffffffd6 fr.pc=0x000001b9a4ae9e74 relative=0x0000000000000b54
Event: 14.138 Thread 0x000001b9b16c06d0 Uncommon trap: reason=array_check action=maybe_recompile pc=0x000001b9a4ae9e74 method=com.sun.javafx.font.CompositeStrike.getStrikeSlot(I)Lcom/sun/javafx/font/FontStrike; @ 155 c2
Event: 14.138 Thread 0x000001b9b16c06d0 DEOPT PACKING pc=0x000001b9a4ae9e74 sp=0x00000068bf5fd570
Event: 14.138 Thread 0x000001b9b16c06d0 DEOPT UNPACKING pc=0x000001b9a4387da2 sp=0x00000068bf5fd528 mode 2
Event: 60.289 Thread 0x000001b9b16c0d60 Uncommon trap: trap_request=0xffffff6e fr.pc=0x000001b9a4b42d64 relative=0x0000000000000964
Event: 60.289 Thread 0x000001b9b16c0d60 Uncommon trap: reason=loop_limit_check action=maybe_recompile pc=0x000001b9a4b42d64 method=javafx.scene.Parent.pickChildrenNode(Lcom/sun/javafx/geom/PickRay;Lcom/sun/javafx/scene/input/PickResultChooser;)Z @ 17 c2
Event: 60.289 Thread 0x000001b9b16c0d60 DEOPT PACKING pc=0x000001b9a4b42d64 sp=0x00000068bf8f9220
Event: 60.289 Thread 0x000001b9b16c0d60 DEOPT UNPACKING pc=0x000001b9a4387da2 sp=0x00000068bf8f8fd0 mode 2

Classes loaded (20 events):
Event: 9.378 Loading class java/io/ObjectOutput
Event: 9.378 Loading class java/io/ObjectOutput done
Event: 9.380 Loading class sun/nio/cs/UTF_16LE$Decoder
Event: 9.381 Loading class sun/nio/cs/UTF_16LE$Decoder done
Event: 11.016 Loading class java/lang/Short$ShortCache
Event: 11.016 Loading class java/lang/Short$ShortCache done
Event: 11.475 Loading class java/lang/FdLibm$Atan2
Event: 11.475 Loading class java/lang/FdLibm$Atan2 done
Event: 11.486 Loading class java/lang/FdLibm$Acos
Event: 11.486 Loading class java/lang/FdLibm$Acos done
Event: 12.079 Loading class java/text/ParsePosition
Event: 12.079 Loading class java/text/ParsePosition done
Event: 12.079 Loading class java/time/format/DateTimeParseContext
Event: 12.080 Loading class java/time/format/DateTimeParseContext done
Event: 12.080 Loading class java/time/format/Parsed
Event: 12.080 Loading class java/time/format/Parsed done
Event: 12.184 Loading class java/lang/foreign/MemorySegment
Event: 12.184 Loading class java/lang/foreign/MemorySegment done
Event: 180.829 Loading class jdk/internal/misc/Signal$1
Event: 180.830 Loading class jdk/internal/misc/Signal$1 done

Classes unloaded (0 events):
No events

Classes redefined (0 events):
No events

Internal exceptions (20 events):
Event: 11.020 Thread 0x000001b9b16c0d60 Exception <a 'java/lang/NoSuchMethodError'{0x0000000085b98b18}: 'void java.lang.invoke.DirectMethodHandle$Holder.invokeStatic(java.lang.Object, java.lang.Object, int, java.lang.Object)'> (0x0000000085b98b18) 
thrown [s\src\hotspot\share\interpreter\linkResolver.cpp, line 773]
Event: 11.020 Thread 0x000001b9b16c0d60 Exception <a 'java/lang/NoSuchMethodError'{0x0000000085b9f8f8}: 'void java.lang.invoke.DelegatingMethodHandle$Holder.delegate(java.lang.Object, java.lang.Object, int, java.lang.Object)'> (0x0000000085b9f8f8) 
thrown [s\src\hotspot\share\interpreter\linkResolver.cpp, line 773]
Event: 11.022 Thread 0x000001b9b16c0d60 Exception <a 'java/io/FileNotFoundException'{0x0000000085baf628}> (0x0000000085baf628) 
thrown [s\src\hotspot\share\prims\jni.cpp, line 520]
Event: 11.023 Thread 0x000001b9b16c0d60 Exception <a 'java/io/FileNotFoundException'{0x0000000085bb8838}> (0x0000000085bb8838) 
thrown [s\src\hotspot\share\prims\jni.cpp, line 520]
Event: 11.024 Thread 0x000001b9b16c0d60 Exception <a 'java/io/FileNotFoundException'{0x0000000085bc1a28}> (0x0000000085bc1a28) 
thrown [s\src\hotspot\share\prims\jni.cpp, line 520]
Event: 11.169 Thread 0x000001b9b16c0d60 Exception <a 'java/io/FileNotFoundException'{0x0000000089772628}> (0x0000000089772628) 
thrown [s\src\hotspot\share\prims\jni.cpp, line 520]
Event: 11.197 Thread 0x000001b9b16c0d60 Implicit null exception at 0x000001b9a4a36bdb to 0x000001b9a4a37318
Event: 11.197 Thread 0x000001b9b16c0d60 Implicit null exception at 0x000001b9a4a36bdb to 0x000001b9a4a37318
Event: 11.199 Thread 0x000001b9b16c0d60 Implicit null exception at 0x000001b9a4a36bdb to 0x000001b9a4a37318
Event: 11.199 Thread 0x000001b9b16c0d60 Implicit null exception at 0x000001b9a4a36bdb to 0x000001b9a4a37318
Event: 11.332 Thread 0x000001b9b16c06d0 Exception <a 'java/lang/NoSuchMethodError'{0x000000008729e3b8}: 'java.lang.Object java.lang.invoke.DirectMethodHandle$Holder.invokeStaticInit(java.lang.Object, int)'> (0x000000008729e3b8) 
thrown [s\src\hotspot\share\interpreter\linkResolver.cpp, line 773]
Event: 12.051 Thread 0x000001b9b16c0d60 Exception <a 'java/io/FileNotFoundException'{0x000000008b3bc8d8}> (0x000000008b3bc8d8) 
thrown [s\src\hotspot\share\prims\jni.cpp, line 520]
Event: 12.059 Thread 0x000001b9b16c0d60 Exception <a 'sun/nio/fs/WindowsException'{0x000000008b3dff50}> (0x000000008b3dff50) 
thrown [s\src\hotspot\share\prims\jni.cpp, line 520]
Event: 12.095 Thread 0x000001b9b16c0d60 Exception <a 'java/io/IOException'{0x000000008b0fbb68}> (0x000000008b0fbb68) 
thrown [s\src\hotspot\share\prims\jni.cpp, line 520]
Event: 12.111 Thread 0x000001b9b16c0d60 Exception <a 'java/net/SocketException'{0x000000008af7ed18}: Connection reset by peer: shutdown> (0x000000008af7ed18) 
thrown [s\src\hotspot\share\prims\jni.cpp, line 539]
Event: 12.124 Thread 0x000001b9b16c0d60 Exception <a 'java/io/IOException'{0x000000008affef58}> (0x000000008affef58) 
thrown [s\src\hotspot\share\prims\jni.cpp, line 520]
Event: 12.136 Thread 0x000001b9b16c0d60 Exception <a 'java/net/SocketException'{0x000000008ae80938}: Connection reset by peer: shutdown> (0x000000008ae80938) 
thrown [s\src\hotspot\share\prims\jni.cpp, line 539]
Event: 12.189 Thread 0x000001b9b16c0d60 Exception <a 'java/io/IOException'{0x000000008aeec378}> (0x000000008aeec378) 
thrown [s\src\hotspot\share\prims\jni.cpp, line 520]
Event: 12.202 Thread 0x000001b9b16c0d60 Exception <a 'java/io/IOException'{0x000000008ad6dab0}> (0x000000008ad6dab0) 
thrown [s\src\hotspot\share\prims\jni.cpp, line 520]
Event: 12.216 Thread 0x000001b9b16c0d60 Exception <a 'java/io/IOException'{0x000000008adeef00}> (0x000000008adeef00) 
thrown [s\src\hotspot\share\prims\jni.cpp, line 520]

ZGC Phase Switch (0 events):
No events

VM Operations (20 events):
Event: 16.358 Executing VM operation: Cleanup done
Event: 33.363 Executing VM operation: Cleanup
Event: 33.363 Executing VM operation: Cleanup done
Event: 41.367 Executing VM operation: Cleanup
Event: 41.367 Executing VM operation: Cleanup done
Event: 60.141 Executing VM operation: HandshakeAllThreads (HandshakeForDeflation)
Event: 60.141 Executing VM operation: HandshakeAllThreads (HandshakeForDeflation) done
Event: 60.141 Executing VM operation: RendezvousGCThreads
Event: 60.141 Executing VM operation: RendezvousGCThreads done
Event: 61.141 Executing VM operation: Cleanup
Event: 61.141 Executing VM operation: Cleanup done
Event: 71.968 Executing VM operation: G1CollectForAllocation (G1 Evacuation Pause)
Event: 71.970 Executing VM operation: G1CollectForAllocation (G1 Evacuation Pause) done
Event: 112.981 Executing VM operation: Cleanup
Event: 112.981 Executing VM operation: Cleanup done
Event: 130.987 Executing VM operation: Cleanup
Event: 130.987 Executing VM operation: Cleanup done
Event: 132.988 Executing VM operation: Cleanup
Event: 132.988 Executing VM operation: Cleanup done
Event: 180.832 Executing VM operation: Exit

Memory protections (0 events):
No events

Nmethod flushes (20 events):
Event: 11.993 Thread 0x000001b9b1692130 flushing  nmethod 0x000001b99d0b3290
Event: 11.993 Thread 0x000001b9b1692130 flushing  nmethod 0x000001b99d0b3d90
Event: 11.993 Thread 0x000001b9b1692130 flushing  nmethod 0x000001b99d0b4690
Event: 11.993 Thread 0x000001b9b1692130 flushing  nmethod 0x000001b99d0b5910
Event: 11.993 Thread 0x000001b9b1692130 flushing  nmethod 0x000001b99d0b6590
Event: 11.993 Thread 0x000001b9b1692130 flushing  nmethod 0x000001b99d0b6a90
Event: 11.993 Thread 0x000001b9b1692130 flushing  nmethod 0x000001b99d0b6f90
Event: 11.993 Thread 0x000001b9b1692130 flushing  nmethod 0x000001b99d0b7610
Event: 11.993 Thread 0x000001b9b1692130 flushing  nmethod 0x000001b99d0b8590
Event: 11.993 Thread 0x000001b9b1692130 flushing  nmethod 0x000001b99d0da290
Event: 11.993 Thread 0x000001b9b1692130 flushing  nmethod 0x000001b99d0da590
Event: 11.993 Thread 0x000001b9b1692130 flushing  nmethod 0x000001b99d0db390
Event: 11.993 Thread 0x000001b9b1692130 flushing  nmethod 0x000001b99d0dd790
Event: 11.993 Thread 0x000001b9b1692130 flushing  nmethod 0x000001b99d0ddb10
Event: 11.993 Thread 0x000001b9b1692130 flushing  nmethod 0x000001b99d0de290
Event: 11.993 Thread 0x000001b9b1692130 flushing  nmethod 0x000001b99d0deb90
Event: 11.993 Thread 0x000001b9b1692130 flushing  nmethod 0x000001b99d18cb90
Event: 11.993 Thread 0x000001b9b1692130 flushing  nmethod 0x000001b99d191f10
Event: 11.993 Thread 0x000001b9b1692130 flushing  nmethod 0x000001b99d197d90
Event: 11.993 Thread 0x000001b9b1692130 flushing  nmethod 0x000001b99d27c390

Events (20 events):
Event: 1.654 Thread 0x000001b9b16c06d0 Thread added: 0x000001b9f7a1fab0
Event: 1.879 Thread 0x000001b9b1904040 Thread exited: 0x000001b9b1904040
Event: 1.879 Thread 0x000001b9b1c0e4c0 Thread exited: 0x000001b9b1c0e4c0
Event: 10.980 Thread 0x000001b9b16cdb70 Thread added: 0x000001b9812aec20
Event: 10.980 Thread 0x000001b9b16cdb70 Thread added: 0x000001b9812af2f0
Event: 11.654 Thread 0x000001b9812af2f0 Thread exited: 0x000001b9812af2f0
Event: 11.898 Thread 0x000001b9812aec20 Thread exited: 0x000001b9812aec20
Event: 11.968 Thread 0x000001b9b16cdb70 Thread added: 0x000001b9812af2f0
Event: 11.969 Thread 0x000001b9b16cdb70 Thread added: 0x000001b9812aec20
Event: 13.722 Thread 0x000001b9812aec20 Thread exited: 0x000001b9812aec20
Event: 13.722 Thread 0x000001b9812af2f0 Thread exited: 0x000001b9812af2f0
Event: 14.135 Thread 0x000001b9b16cdb70 Thread added: 0x000001b9812aec20
Event: 14.410 Thread 0x000001b9812aec20 Thread exited: 0x000001b9812aec20
Event: 180.830 Thread 0x000001b9b16b5180 Thread added: 0x000001b9f7a214f0
Event: 180.831 Thread 0x000001b9f7a214f0 Thread added: 0x000001b9f7a23c50
Event: 180.831 Thread 0x000001b9f7a214f0 Thread added: 0x000001b9f7a22f30
Event: 180.831 Thread 0x000001b9f7a23c50 Thread exited: 0x000001b9f7a23c50
Event: 180.832 Thread 0x000001b9f7a22f30 Thread exited: 0x000001b9f7a22f30
Event: 180.832 Thread 0x000001b9f7a214f0 Before exit entered
Event: 180.832 Thread 0x000001b9b16b5180 Thread exited: 0x000001b9b16b5180


Dynamic libraries:
0x00007ff764100000 - 0x00007ff76410e000 	C:\Users\ACER\.jdks\corretto-21.0.4\bin\java.exe
0x00007ffb54bf0000 - 0x00007ffb54de8000 	C:\Windows\SYSTEM32\ntdll.dll
0x00007ffb53480000 - 0x00007ffb53542000 	C:\Windows\System32\KERNEL32.DLL
0x00007ffb52560000 - 0x00007ffb5285e000 	C:\Windows\System32\KERNELBASE.dll
0x00007ffb52330000 - 0x00007ffb52430000 	C:\Windows\System32\ucrtbase.dll
0x00007ffb3ec60000 - 0x00007ffb3ec78000 	C:\Users\ACER\.jdks\corretto-21.0.4\bin\jli.dll
0x00007ffb45bc0000 - 0x00007ffb45bdb000 	C:\Users\ACER\.jdks\corretto-21.0.4\bin\VCRUNTIME140.dll
0x00007ffb53750000 - 0x00007ffb538ed000 	C:\Windows\System32\USER32.dll
0x00007ffb52300000 - 0x00007ffb52322000 	C:\Windows\System32\win32u.dll
0x00007ffb3f1a0000 - 0x00007ffb3f43a000 	C:\Windows\WinSxS\amd64_microsoft.windows.common-controls_6595b64144ccf1df_6.0.19041.4355_none_60b8b9eb71f62e16\COMCTL32.dll
0x00007ffb54710000 - 0x00007ffb5473b000 	C:\Windows\System32\GDI32.dll
0x00007ffb52990000 - 0x00007ffb52aa7000 	C:\Windows\System32\gdi32full.dll
0x00007ffb531a0000 - 0x00007ffb5323e000 	C:\Windows\System32\msvcrt.dll
0x00007ffb524c0000 - 0x00007ffb5255d000 	C:\Windows\System32\msvcp_win.dll
0x00007ffb546e0000 - 0x00007ffb5470f000 	C:\Windows\System32\IMM32.DLL
0x00007ffb4cc70000 - 0x00007ffb4cc7c000 	C:\Users\ACER\.jdks\corretto-21.0.4\bin\vcruntime140_1.dll
0x00007ffb17d60000 - 0x00007ffb17ded000 	C:\Users\ACER\.jdks\corretto-21.0.4\bin\msvcp140.dll
0x00007ffaeb3d0000 - 0x00007ffaec166000 	C:\Users\ACER\.jdks\corretto-21.0.4\bin\server\jvm.dll
0x00007ffb53240000 - 0x00007ffb532f2000 	C:\Windows\System32\ADVAPI32.dll
0x00007ffb544f0000 - 0x00007ffb54590000 	C:\Windows\System32\sechost.dll
0x00007ffb52c10000 - 0x00007ffb52d33000 	C:\Windows\System32\RPCRT4.dll
0x00007ffb528b0000 - 0x00007ffb528d7000 	C:\Windows\System32\bcrypt.dll
0x00007ffb536e0000 - 0x00007ffb5374b000 	C:\Windows\System32\WS2_32.dll
0x00007ffb51820000 - 0x00007ffb5186b000 	C:\Windows\SYSTEM32\POWRPROF.dll
0x00007ffb49020000 - 0x00007ffb4902a000 	C:\Windows\SYSTEM32\VERSION.dll
0x00007ffb43c80000 - 0x00007ffb43ca7000 	C:\Windows\SYSTEM32\WINMM.dll
0x00007ffb51690000 - 0x00007ffb516a2000 	C:\Windows\SYSTEM32\UMPDC.dll
0x00007ffb50ab0000 - 0x00007ffb50ac2000 	C:\Windows\SYSTEM32\kernel.appcore.dll
0x00007ffb4bc60000 - 0x00007ffb4bc6a000 	C:\Users\ACER\.jdks\corretto-21.0.4\bin\jimage.dll
0x00007ffb50020000 - 0x00007ffb50204000 	C:\Windows\SYSTEM32\DBGHELP.DLL
0x00007ffb38230000 - 0x00007ffb38264000 	C:\Windows\SYSTEM32\dbgcore.DLL
0x00007ffb52430000 - 0x00007ffb524b2000 	C:\Windows\System32\bcryptPrimitives.dll
0x00007ffb3ec30000 - 0x00007ffb3ec3e000 	C:\Users\ACER\.jdks\corretto-21.0.4\bin\instrument.dll
0x00007ffb3ec40000 - 0x00007ffb3ec5f000 	C:\Users\ACER\.jdks\corretto-21.0.4\bin\java.dll
0x00007ffb53d80000 - 0x00007ffb544ef000 	C:\Windows\System32\SHELL32.dll
0x00007ffb502f0000 - 0x00007ffb50a94000 	C:\Windows\SYSTEM32\windows.storage.dll
0x00007ffb538f0000 - 0x00007ffb53c43000 	C:\Windows\System32\combase.dll
0x00007ffb51cc0000 - 0x00007ffb51cee000 	C:\Windows\SYSTEM32\Wldp.dll
0x00007ffb52d40000 - 0x00007ffb52e0d000 	C:\Windows\System32\OLEAUT32.dll
0x00007ffb53620000 - 0x00007ffb536cd000 	C:\Windows\System32\SHCORE.dll
0x00007ffb53140000 - 0x00007ffb53195000 	C:\Windows\System32\shlwapi.dll
0x00007ffb521c0000 - 0x00007ffb521e4000 	C:\Windows\SYSTEM32\profapi.dll
0x00007ffb17c80000 - 0x00007ffb17d57000 	C:\Users\ACER\.jdks\corretto-21.0.4\bin\jsvml.dll
0x00007ffb3ec20000 - 0x00007ffb3ec30000 	C:\Users\ACER\.jdks\corretto-21.0.4\bin\net.dll
0x00007ffb45ee0000 - 0x00007ffb45fed000 	C:\Windows\SYSTEM32\WINHTTP.dll
0x00007ffb51a20000 - 0x00007ffb51a8a000 	C:\Windows\system32\mswsock.dll
0x00007ffb383c0000 - 0x00007ffb383d6000 	C:\Users\ACER\.jdks\corretto-21.0.4\bin\nio.dll
0x00007ffb383a0000 - 0x00007ffb383b8000 	C:\Users\ACER\.jdks\corretto-21.0.4\bin\zip.dll
0x00007ffb38380000 - 0x00007ffb3839a000 	C:\Program Files\JetBrains\IntelliJ IDEA 2024.2.3\bin\breakgen64.dll
0x000001b9946c0000 - 0x000001b9946c3000 	C:\Users\ACER\.openjfx\cache\21+31\amd64\api-ms-win-core-console-l1-1-0.dll
0x000001b9946d0000 - 0x000001b9946d3000 	C:\Users\ACER\.openjfx\cache\21+31\amd64\api-ms-win-core-console-l1-2-0.dll
0x000001b9b1c10000 - 0x000001b9b1c13000 	C:\Users\ACER\.openjfx\cache\21+31\amd64\api-ms-win-core-datetime-l1-1-0.dll
0x000001b9b1c20000 - 0x000001b9b1c23000 	C:\Users\ACER\.openjfx\cache\21+31\amd64\api-ms-win-core-debug-l1-1-0.dll
0x000001b9b1c30000 - 0x000001b9b1c33000 	C:\Users\ACER\.openjfx\cache\21+31\amd64\api-ms-win-core-errorhandling-l1-1-0.dll
0x000001b9b1c40000 - 0x000001b9b1c44000 	C:\Users\ACER\.openjfx\cache\21+31\amd64\api-ms-win-core-file-l1-1-0.dll
0x000001b9b1c50000 - 0x000001b9b1c53000 	C:\Users\ACER\.openjfx\cache\21+31\amd64\api-ms-win-core-file-l1-2-0.dll
0x000001b9b1c60000 - 0x000001b9b1c63000 	C:\Users\ACER\.openjfx\cache\21+31\amd64\api-ms-win-core-file-l2-1-0.dll
0x000001b9b1c70000 - 0x000001b9b1c73000 	C:\Users\ACER\.openjfx\cache\21+31\amd64\api-ms-win-core-handle-l1-1-0.dll
0x000001b9b1c80000 - 0x000001b9b1c83000 	C:\Users\ACER\.openjfx\cache\21+31\amd64\api-ms-win-core-heap-l1-1-0.dll
0x000001b9b1c90000 - 0x000001b9b1c93000 	C:\Users\ACER\.openjfx\cache\21+31\amd64\api-ms-win-core-interlocked-l1-1-0.dll
0x000001b9b1ca0000 - 0x000001b9b1ca3000 	C:\Users\ACER\.openjfx\cache\21+31\amd64\api-ms-win-core-libraryloader-l1-1-0.dll
0x000001b9b1cb0000 - 0x000001b9b1cb3000 	C:\Users\ACER\.openjfx\cache\21+31\amd64\api-ms-win-core-localization-l1-2-0.dll
0x000001b9b1cc0000 - 0x000001b9b1cc3000 	C:\Users\ACER\.openjfx\cache\21+31\amd64\api-ms-win-core-memory-l1-1-0.dll
0x000001b9b1cd0000 - 0x000001b9b1cd3000 	C:\Users\ACER\.openjfx\cache\21+31\amd64\api-ms-win-core-namedpipe-l1-1-0.dll
0x000001b9b1ce0000 - 0x000001b9b1ce3000 	C:\Users\ACER\.openjfx\cache\21+31\amd64\api-ms-win-core-processenvironment-l1-1-0.dll
0x000001b9b1cf0000 - 0x000001b9b1cf3000 	C:\Users\ACER\.openjfx\cache\21+31\amd64\api-ms-win-core-processthreads-l1-1-0.dll
0x000001b9b1d00000 - 0x000001b9b1d03000 	C:\Users\ACER\.openjfx\cache\21+31\amd64\api-ms-win-core-processthreads-l1-1-1.dll
0x000001b9b1d10000 - 0x000001b9b1d13000 	C:\Users\ACER\.openjfx\cache\21+31\amd64\api-ms-win-core-profile-l1-1-0.dll
0x000001b9b1d20000 - 0x000001b9b1d23000 	C:\Users\ACER\.openjfx\cache\21+31\amd64\api-ms-win-core-rtlsupport-l1-1-0.dll
0x000001b9b1d30000 - 0x000001b9b1d33000 	C:\Users\ACER\.openjfx\cache\21+31\amd64\api-ms-win-core-string-l1-1-0.dll
0x000001b9b1d40000 - 0x000001b9b1d43000 	C:\Users\ACER\.openjfx\cache\21+31\amd64\api-ms-win-core-synch-l1-1-0.dll
0x000001b9b1d50000 - 0x000001b9b1d53000 	C:\Users\ACER\.openjfx\cache\21+31\amd64\api-ms-win-core-synch-l1-2-0.dll
0x000001b9b1d60000 - 0x000001b9b1d63000 	C:\Users\ACER\.openjfx\cache\21+31\amd64\api-ms-win-core-sysinfo-l1-1-0.dll
0x000001b9b1d70000 - 0x000001b9b1d73000 	C:\Users\ACER\.openjfx\cache\21+31\amd64\api-ms-win-core-timezone-l1-1-0.dll
0x000001b9b1d80000 - 0x000001b9b1d83000 	C:\Users\ACER\.openjfx\cache\21+31\amd64\api-ms-win-core-util-l1-1-0.dll
0x000001b9b1d90000 - 0x000001b9b1d93000 	C:\Users\ACER\.openjfx\cache\21+31\amd64\api-ms-win-crt-conio-l1-1-0.dll
0x000001b9b1da0000 - 0x000001b9b1da4000 	C:\Users\ACER\.openjfx\cache\21+31\amd64\api-ms-win-crt-convert-l1-1-0.dll
0x000001b9b1db0000 - 0x000001b9b1db3000 	C:\Users\ACER\.openjfx\cache\21+31\amd64\api-ms-win-crt-environment-l1-1-0.dll
0x000001b9b1dc0000 - 0x000001b9b1dc3000 	C:\Users\ACER\.openjfx\cache\21+31\amd64\api-ms-win-crt-filesystem-l1-1-0.dll
0x000001b9b1dd0000 - 0x000001b9b1dd3000 	C:\Users\ACER\.openjfx\cache\21+31\amd64\api-ms-win-crt-heap-l1-1-0.dll
0x000001b9b1de0000 - 0x000001b9b1de3000 	C:\Users\ACER\.openjfx\cache\21+31\amd64\api-ms-win-crt-locale-l1-1-0.dll
0x000001b9b1df0000 - 0x000001b9b1df5000 	C:\Users\ACER\.openjfx\cache\21+31\amd64\api-ms-win-crt-math-l1-1-0.dll
0x000001b9b1e00000 - 0x000001b9b1e05000 	C:\Users\ACER\.openjfx\cache\21+31\amd64\api-ms-win-crt-multibyte-l1-1-0.dll
0x000001b9b1e10000 - 0x000001b9b1e20000 	C:\Users\ACER\.openjfx\cache\21+31\amd64\api-ms-win-crt-private-l1-1-0.dll
0x000001b9b1e20000 - 0x000001b9b1e23000 	C:\Users\ACER\.openjfx\cache\21+31\amd64\api-ms-win-crt-process-l1-1-0.dll
0x000001b9b1e30000 - 0x000001b9b1e34000 	C:\Users\ACER\.openjfx\cache\21+31\amd64\api-ms-win-crt-runtime-l1-1-0.dll
0x000001b9b1e40000 - 0x000001b9b1e44000 	C:\Users\ACER\.openjfx\cache\21+31\amd64\api-ms-win-crt-stdio-l1-1-0.dll
0x000001b9b1e50000 - 0x000001b9b1e54000 	C:\Users\ACER\.openjfx\cache\21+31\amd64\api-ms-win-crt-string-l1-1-0.dll
0x000001b9b1e60000 - 0x000001b9b1e63000 	C:\Users\ACER\.openjfx\cache\21+31\amd64\api-ms-win-crt-time-l1-1-0.dll
0x000001b9b1e70000 - 0x000001b9b1e73000 	C:\Users\ACER\.openjfx\cache\21+31\amd64\api-ms-win-crt-utility-l1-1-0.dll
0x00007ffb0e480000 - 0x00007ffb0e57c000 	C:\Users\ACER\.openjfx\cache\21+31\amd64\ucrtbase.dll
0x00007ffb1a440000 - 0x00007ffb1a45b000 	C:\Users\ACER\.openjfx\cache\21+31\amd64\vcruntime140.dll
0x00007ffb344c0000 - 0x00007ffb344cc000 	C:\Users\ACER\.openjfx\cache\21+31\amd64\vcruntime140_1.dll
0x00007ffb17bf0000 - 0x00007ffb17c7e000 	C:\Users\ACER\.openjfx\cache\21+31\amd64\msvcp140.dll
0x00007ffb53c50000 - 0x00007ffb53d7b000 	C:\Windows\System32\ole32.dll
0x00007ffb34440000 - 0x00007ffb34449000 	C:\Users\ACER\.openjfx\cache\21+31\amd64\msvcp140_1.dll
0x00007ffb1a410000 - 0x00007ffb1a43f000 	C:\Users\ACER\.openjfx\cache\21+31\amd64\msvcp140_2.dll
0x00007ffb1a3e0000 - 0x00007ffb1a40f000 	C:\Users\ACER\.openjfx\cache\21+31\amd64\prism_d3d.dll
0x00007ffaf32f0000 - 0x00007ffaf34c1000 	C:\Windows\system32\d3d9.dll
0x00007ffb4d2b0000 - 0x00007ffb4d2df000 	C:\Windows\SYSTEM32\dwmapi.dll
0x00007ffb4cf60000 - 0x00007ffb4cffe000 	C:\Windows\system32\uxtheme.dll
0x00007ffaed2f0000 - 0x00007ffaed455000 	C:\Windows\System32\DriverStore\FileRepository\iigd_dch.inf_amd64_e31d62740aef2af9\igdumdim64.dll
0x00007ffae0040000 - 0x00007ffae3c96000 	C:\Windows\System32\DriverStore\FileRepository\iigd_dch.inf_amd64_e31d62740aef2af9\igd9dxva64.dll
0x00007ffb54740000 - 0x00007ffb54bae000 	C:\Windows\System32\SETUPAPI.dll
0x00007ffb52860000 - 0x00007ffb528ae000 	C:\Windows\System32\cfgmgr32.dll
0x00007ffb3fad0000 - 0x00007ffb3fe91000 	C:\Windows\System32\DriverStore\FileRepository\iigd_dch.inf_amd64_e31d62740aef2af9\igdgmm64.dll
0x00007ffb0e430000 - 0x00007ffb0e472000 	C:\Users\ACER\.openjfx\cache\21+31\amd64\glass.dll
0x00007ffb53300000 - 0x00007ffb533da000 	C:\Windows\System32\COMDLG32.dll
0x00007ffb52e10000 - 0x00007ffb52f25000 	C:\Windows\System32\MSCTF.dll
0x00007ffaed2c0000 - 0x00007ffaed2e7000 	C:\Windows\System32\DriverStore\FileRepository\iigd_dch.inf_amd64_e31d62740aef2af9\igdinfo64.dll
0x00007ffb38520000 - 0x00007ffb3b726000 	C:\Windows\System32\DriverStore\FileRepository\iigd_dch.inf_amd64_e31d62740aef2af9\igc64.dll
0x00007ffb45e00000 - 0x00007ffb45e3b000 	C:\Windows\SYSTEM32\dxcore.dll
0x00007ffb51700000 - 0x00007ffb517ca000 	C:\Windows\SYSTEM32\DNSAPI.dll
0x00007ffb516b0000 - 0x00007ffb516eb000 	C:\Windows\SYSTEM32\IPHLPAPI.DLL
0x00007ffb536d0000 - 0x00007ffb536d8000 	C:\Windows\System32\NSI.dll
0x00007ffb48890000 - 0x00007ffb4889a000 	C:\Windows\System32\rasadhlp.dll
0x00007ffb44de0000 - 0x00007ffb44e60000 	C:\Windows\System32\fwpuclnt.dll
0x00007ffb3c0d0000 - 0x00007ffb3c0de000 	C:\Users\ACER\.jdks\corretto-21.0.4\bin\sunmscapi.dll
0x00007ffb52ab0000 - 0x00007ffb52c0c000 	C:\Windows\System32\CRYPT32.dll
0x00007ffb51d30000 - 0x00007ffb51d57000 	C:\Windows\SYSTEM32\ncrypt.dll
0x00007ffb51cf0000 - 0x00007ffb51d2b000 	C:\Windows\SYSTEM32\NTASN1.dll
0x00007ffb51c10000 - 0x00007ffb51c28000 	C:\Windows\SYSTEM32\CRYPTSP.dll
0x00007ffb512d0000 - 0x00007ffb51304000 	C:\Windows\system32\rsaenh.dll
0x00007ffb52180000 - 0x00007ffb521ae000 	C:\Windows\SYSTEM32\USERENV.dll
0x00007ffb51c30000 - 0x00007ffb51c3c000 	C:\Windows\SYSTEM32\CRYPTBASE.dll
0x00007ffb185f0000 - 0x00007ffb18604000 	C:\Users\ACER\.openjfx\cache\21+31\amd64\javafx_font.dll
0x00007ffb1ca70000 - 0x00007ffb1ccef000 	C:\Windows\SYSTEM32\dwrite.dll
0x00007ffb53560000 - 0x00007ffb53609000 	C:\Windows\System32\clbcatq.dll

dbghelp: loaded successfully - version: 4.0.5 - missing functions: none
symbol engine: initialized successfully - sym options: 0x614 - pdb path: .;C:\Users\ACER\.jdks\corretto-21.0.4\bin;C:\Windows\SYSTEM32;C:\Windows\WinSxS\amd64_microsoft.windows.common-controls_6595b64144ccf1df_6.0.19041.4355_none_60b8b9eb71f62e16;C:\Users\ACER\.jdks\corretto-21.0.4\bin\server;C:\Program Files\JetBrains\IntelliJ IDEA 2024.2.3\bin;C:\Users\ACER\.openjfx\cache\21+31\amd64;C:\Windows\System32\DriverStore\FileRepository\iigd_dch.inf_amd64_e31d62740aef2af9;C:\Windows\System32\DriverStore\FileRepository\nvacsig.inf_amd64_7fbaec8834d1b098;C:\Program Files\Common Files\Microsoft Shared\Ink

VM Arguments:
jvm_args: -javaagent:C:\Program Files\JetBrains\IntelliJ IDEA 2024.2.3\lib\idea_rt.jar=59864:C:\Program Files\JetBrains\IntelliJ IDEA 2024.2.3\bin -Dfile.encoding=UTF-8 -Dsun.stdout.encoding=UTF-8 -Dsun.stderr.encoding=UTF-8 --module-path=C:\Users\ACER\OneDrive - vnu.edu.vn\Documents\Librio\target\classes;C:\Users\ACER\.m2\repository\net\synedra\validatorfx\0.4.0\validatorfx-0.4.0.jar;C:\Users\ACER\.m2\repository\org\kordamp\bootstrapfx\bootstrapfx-core\0.4.0\bootstrapfx-core-0.4.0.jar;C:\Users\ACER\.m2\repository\org\json\json\20240303\json-20240303.jar;C:\Users\ACER\.m2\repository\org\openjfx\javafx-base\21\javafx-base-21-win.jar;C:\Users\ACER\.m2\repository\org\kordamp\ikonli\ikonli-core\12.3.1\ikonli-core-12.3.1.jar;C:\Users\ACER\.m2\repository\org\openjfx\javafx-controls\21\javafx-controls-21-win.jar;C:\Users\ACER\.m2\repository\org\openjfx\javafx-graphics\21\javafx-graphics-21-win.jar;C:\Users\ACER\.m2\repository\com\mysql\mysql-connector-j\8.3.0\mysql-connector-j-8.3.0.jar;C:\Users\ACER\.m2\repository\org\controlsfx\controlsfx\11.1.2\controlsfx-11.1.2.jar;C:\Users\ACER\.m2\repository\com\dlsc\formsfx\formsfx-core\11.6.0\formsfx-core-11.6.0.jar;C:\Users\ACER\.m2\repository\org\kordamp\ikonli\ikonli-javafx\12.3.1\ikonli-javafx-12.3.1.jar;C:\Users\ACER\.m2\repository\org\openjfx\javafx-fxml\21\javafx-fxml-21-win.jar -Djdk.module.main=librio 
java_command: librio/librio.HelloApplication
java_class_path (initial): C:\Users\ACER\.m2\repository\org\openjfx\javafx-controls\21\javafx-controls-21.jar;C:\Users\ACER\.m2\repository\org\openjfx\javafx-graphics\21\javafx-graphics-21.jar;C:\Users\ACER\.m2\repository\org\openjfx\javafx-base\21\javafx-base-21.jar;C:\Users\ACER\.m2\repository\org\openjfx\javafx-fxml\21\javafx-fxml-21.jar;C:\Users\ACER\.m2\repository\com\google\protobuf\protobuf-java\3.25.1\protobuf-java-3.25.1.jar
Launcher Type: SUN_STANDARD

[Global flags]
     intx CICompilerCount                          = 4                                         {product} {ergonomic}
     uint ConcGCThreads                            = 3                                         {product} {ergonomic}
     uint G1ConcRefinementThreads                  = 10                                        {product} {ergonomic}
   size_t G1HeapRegionSize                         = 1048576                                   {product} {ergonomic}
    uintx GCDrainStackTargetSize                   = 64                                        {product} {ergonomic}
   size_t InitialHeapSize                          = 132120576                                 {product} {ergonomic}
   size_t MarkStackSize                            = 4194304                                   {product} {ergonomic}
   size_t MaxHeapSize                              = 2090860544                                {product} {ergonomic}
   size_t MaxNewSize                               = 1254096896                                {product} {ergonomic}
   size_t MinHeapDeltaBytes                        = 1048576                                   {product} {ergonomic}
   size_t MinHeapSize                              = 8388608                                   {product} {ergonomic}
    uintx NonNMethodCodeHeapSize                   = 5839372                                {pd product} {ergonomic}
    uintx NonProfiledCodeHeapSize                  = 122909434                              {pd product} {ergonomic}
    uintx ProfiledCodeHeapSize                     = 122909434                              {pd product} {ergonomic}
    uintx ReservedCodeCacheSize                    = 251658240                              {pd product} {ergonomic}
     bool SegmentedCodeCache                       = true                                      {product} {ergonomic}
   size_t SoftMaxHeapSize                          = 2090860544                             {manageable} {ergonomic}
     bool UseCompressedOops                        = true                           {product lp64_product} {ergonomic}
     bool UseG1GC                                  = true                                      {product} {ergonomic}
     bool UseLargePagesIndividualAllocation        = false                                  {pd product} {ergonomic}

Logging:
Log output configuration:
 #0: stdout all=off uptime,level,tags foldmultilines=false
 #1: stderr all=off uptime,level,tags foldmultilines=false

Environment Variables:
JAVA_HOME=C:\Program Files\Java\jdk-22
PATH=C:\Program Files\Common Files\Oracle\Java\javapath;C:\Program Files (x86)\VMware\VMware Workstation\bin\;C:\Windows\system32;C:\Windows;C:\Windows\System32\Wbem;C:\Windows\System32\WindowsPowerShell\v1.0\;C:\Windows\System32\OpenSSH\;C:\Program Files (x86)\NVIDIA Corporation\PhysX\Common;C:\TDM-GCC-64\bin;C:\Program Files\Git\cmd;C:\ProgramData\chocolatey\bin;C:\Program Files (x86)\Windows Kits\10\Windows Performance Toolkit\;C:\Program Files\Cloudflare\Cloudflare WARP;C:\Program Files\Java\jdk-22\bin;C:\Users\ACER\AppData\Local\Programs\Python\Python310\Scripts\;C:\Users\ACER\AppData\Local\Programs\Python\Python310\;C:\Users\ACER\AppData\Local\Microsoft\WindowsApps;C:\Users\ACER\Downloads\bin;C:\Program Files (x86)\Dev-Cpp\MinGW64\bin;C:\MinGW;C:\Users\ACER\AppData\Local\Programs\Microsoft VS Code\bin;;C:\Program Files\JetBrains\IntelliJ IDEA 2024.2.3\bin;
USERNAME=ACER
OS=Windows_NT
PROCESSOR_IDENTIFIER=Intel64 Family 6 Model 141 Stepping 1, GenuineIntel
TMP=C:\Users\ACER\AppData\Local\Temp
TEMP=C:\Users\ACER\AppData\Local\Temp




Periodic native trim disabled

---------------  S Y S T E M  ---------------

OS:
 Windows 10 , 64 bit Build 19041 (10.0.19041.4957)
OS uptime: 5 days 9:44 hours

CPU: total 12 (initial active 12) (6 cores per cpu, 2 threads per core) family 6 model 141 stepping 1 microcode 0x3c, cx8, cmov, fxsr, ht, mmx, 3dnowpref, sse, sse2, sse3, ssse3, sse4.1, sse4.2, popcnt, lzcnt, tsc, tscinvbit, avx, avx2, aes, erms, clmul, bmi1, bmi2, adx, avx512f, avx512dq, avx512cd, avx512bw, avx512vl, sha, fma, vzeroupper, avx512_vpopcntdq, avx512_vpclmulqdq, avx512_vaes, avx512_vnni, clflush, clflushopt, clwb, avx512_vbmi2, avx512_vbmi, rdtscp, rdpid, fsrm, gfni, avx512_bitalg, f16c, pku, cet_ibt, cet_ss, avx512_ifma
Processor Information for all 12 processors :
  Max Mhz: 2688, Current Mhz: 2688, Mhz Limit: 2688

Memory: 4k page, system-wide physical 7971M (588M free)
TotalPageFile size 20690M (AvailPageFile size 5211M)
current process WorkingSet (physical memory assigned to process): 463M, peak: 497M
current process commit charge ("private bytes"): 508M, peak: 544M

vm_info: OpenJDK 64-Bit Server VM (21.0.4+7-LTS) for windows-amd64 JRE (21.0.4+7-LTS), built on 2024-07-10T17:34:29Z by "Administrator" with MS VC++ 16.10 / 16.11 (VS2019)

END.
