#
# A fatal error has been detected by the Java Runtime Environment:
#
#  EXCEPTION_ACCESS_VIOLATION (0xc0000005) at pc=0x00007ffb0e456587, pid=20260, tid=9552
#
# JRE version: OpenJDK Runtime Environment Corretto-21.0.4.7.1 (21.0.4+7) (build 21.0.4+7-LTS)
# Java VM: OpenJDK 64-Bit Server VM Corretto-21.0.4.7.1 (21.0.4+7-LTS, mixed mode, sharing, tiered, compressed oops, compressed class ptrs, g1 gc, windows-amd64)
# Problematic frame:
# C  [glass.dll+0x26587]
#
# No core dump will be written. Minidumps are not enabled by default on client versions of Windows
#
# If you would like to submit a bug report, please visit:
#   https://github.com/corretto/corretto-21/issues/
#

---------------  S U M M A R Y ------------

Command Line: -javaagent:C:\Program Files\JetBrains\IntelliJ IDEA 2024.2.3\lib\idea_rt.jar=59747:C:\Program Files\JetBrains\IntelliJ IDEA 2024.2.3\bin -Dfile.encoding=UTF-8 -Dsun.stdout.encoding=UTF-8 -Dsun.stderr.encoding=UTF-8 --module-path=C:\Users\ACER\OneDrive - vnu.edu.vn\Documents\Librio\target\classes;C:\Users\ACER\.m2\repository\net\synedra\validatorfx\0.4.0\validatorfx-0.4.0.jar;C:\Users\ACER\.m2\repository\org\kordamp\bootstrapfx\bootstrapfx-core\0.4.0\bootstrapfx-core-0.4.0.jar;C:\Users\ACER\.m2\repository\org\json\json\20240303\json-20240303.jar;C:\Users\ACER\.m2\repository\org\openjfx\javafx-base\21\javafx-base-21-win.jar;C:\Users\ACER\.m2\repository\org\kordamp\ikonli\ikonli-core\12.3.1\ikonli-core-12.3.1.jar;C:\Users\ACER\.m2\repository\org\openjfx\javafx-controls\21\javafx-controls-21-win.jar;C:\Users\ACER\.m2\repository\org\openjfx\javafx-graphics\21\javafx-graphics-21-win.jar;C:\Users\ACER\.m2\repository\com\mysql\mysql-connector-j\8.3.0\mysql-connector-j-8.3.0.jar;C:\Users\ACER\.m2\repository\org\controlsfx\controlsfx\11.1.2\controlsfx-11.1.2.jar;C:\Users\ACER\.m2\repository\com\dlsc\formsfx\formsfx-core\11.6.0\formsfx-core-11.6.0.jar;C:\Users\ACER\.m2\repository\org\kordamp\ikonli\ikonli-javafx\12.3.1\ikonli-javafx-12.3.1.jar;C:\Users\ACER\.m2\repository\org\openjfx\javafx-fxml\21\javafx-fxml-21-win.jar -Djdk.module.main=librio librio/librio.HelloApplication

Host: 11th Gen Intel(R) Core(TM) i5-11400H @ 2.70GHz, 12 cores, 7G,  Windows 10 , 64 bit Build 19041 (10.0.19041.4957)
Time: Tue Nov 12 00:45:35 2024 SE Asia Standard Time elapsed time: 284.156881 seconds (0d 0h 4m 44s)

---------------  T H R E A D  ---------------

Current thread (0x000001e2a7459b80):  VMThread "VM Thread"          [id=9552, stack(0x0000009d5c900000,0x0000009d5ca00000) (1024K)]

Stack: [0x0000009d5c900000,0x0000009d5ca00000],  sp=0x0000009d5c9febf0,  free space=1018k
Native frames: (J=compiled Java code, j=interpreted, Vv=VM code, C=native code)
C  [glass.dll+0x26587]


siginfo: EXCEPTION_ACCESS_VIOLATION (0xc0000005), reading address 0x0000000000000000


Registers:
RAX=0x0000000000000000, RBX=0x000001e2a7462132, RCX=0x000001e2a7459b80, RDX=0x0000009d5c9febf0
RSP=0x0000009d5c9febf0, RBP=0x000001e2ed7810d8, RSI=0x000001e2ed7810b0, RDI=0x0000929d45d9ce75
R8 =0x0000000000010002, R9 =0x0000929d45d9ce75, R10=0x0000000000008000, R11=0x0000009d5c9feb80
R12=0x00007ffb0e453ed0, R13=0x00007ffaec0ae1c0, R14=0x0000009d5c9fece8, R15=0x000001e2ed7810b0
RIP=0x00007ffb0e456587, EFLAGS=0x0000000000010206


Register to memory mapping:

RAX=0x0 is null
RBX=0x000001e2a7462132 is a global jni handle
RCX=0x000001e2a7459b80 points into unknown readable memory: 0x00007ffaebead8a0 | a0 d8 ea eb fa 7f 00 00
RDX=0x0000009d5c9febf0 points into unknown readable memory: 0x0000000000000000 | 00 00 00 00 00 00 00 00
RSP=0x0000009d5c9febf0 points into unknown readable memory: 0x0000000000000000 | 00 00 00 00 00 00 00 00
RBP=0x000001e2ed7810d8 points into unknown readable memory: 0x0000929d45d9ce75 | 75 ce d9 45 9d 92 00 00
RSI=0x000001e2ed7810b0 points into unknown readable memory: 0x3d009292bab806d2 | d2 06 b8 ba 92 92 00 3d
RDI=0x0000929d45d9ce75 is an unknown value
R8 =0x0000000000010002 is an unknown value
R9 =0x0000929d45d9ce75 is an unknown value
R10=0x0000000000008000 is an unknown value
R11=0x0000009d5c9feb80 points into unknown readable memory: 0x000001e2ed7810b0 | b0 10 78 ed e2 01 00 00
R12=0x00007ffb0e453ed0 glass.dll
R13=0x00007ffaec0ae1c0 jvm.dll
R14=0x0000009d5c9fece8 points into unknown readable memory: 0x0000009d5c9fecd0 | d0 ec 9f 5c 9d 00 00 00
R15=0x000001e2ed7810b0 points into unknown readable memory: 0x3d009292bab806d2 | d2 06 b8 ba 92 92 00 3d

Top of Stack: (sp=0x0000009d5c9febf0)
0x0000009d5c9febf0:   0000000000000000 000001e2ed7810b0
0x0000009d5c9fec00:   00007ffaec0ae1c0 00007ffb0e453ed0
0x0000009d5c9fec10:   000001e2ed7810b8 00007ffb523442d6
0x0000009d5c9fec20:   0000929d45d9ce75 000001e200000000
0x0000009d5c9fec30:   000001e2ed7810d8 000001e2ed7810b0
0x0000009d5c9fec40:   fffffffffffffffe 0000000000000000
0x0000009d5c9fec50:   0000000000000001 00007ffb0e430000
0x0000009d5c9fec60:   0000009d5c9fecd8 00007ffb523441fb
0x0000009d5c9fec70:   0000000000000000 0000009d5c9fece8
0x0000009d5c9fec80:   0000009d5c9fefc0 00007ffb52420e40
0x0000009d5c9fec90:   0000000000000001 00007ffb523441b4
0x0000009d5c9feca0:   0000000000000000 0000000000000001
0x0000009d5c9fecb0:   00007ffa00000001 0000009d5c9fecd8
0x0000009d5c9fecc0:   0000000000000000 00007ffb0e453d5d
0x0000009d5c9fecd0:   00007ffb0e46a008 00007ffa00000002
0x0000009d5c9fece0:   0000000000000002 0000009d5c9fecd0
0x0000009d5c9fecf0:   0000000000000000 00007ffb54c09993
0x0000009d5c9fed00:   0000000000000000 00007ffb0e453e82
0x0000009d5c9fed10:   0000000000000001 00007ffb512d0000
0x0000009d5c9fed20:   0000000000000060 0000000000000001
0x0000009d5c9fed30:   00007ffb3972ddd0 0000000000000000
0x0000009d5c9fed40:   0000000000000001 00007ffb3972e260
0x0000009d5c9fed50:   00007ffb0e430000 000000007ffe0384
0x0000009d5c9fed60:   0000000000000000 00007ffb54c09a1d
0x0000009d5c9fed70:   00007ffb0e430000 0000000000000000
0x0000009d5c9fed80:   0000000000000001 000000007ffe0385
0x0000009d5c9fed90:   0000000000000000 00007ffb54c4f331
0x0000009d5c9feda0:   0000fec529c39100 0000000000000014
0x0000009d5c9fedb0:   00007ffb0e453ed0 0000000000000000
0x0000009d5c9fedc0:   0000000000000000 0000009d5bccf000
0x0000009d5c9fedd0:   000001e2a7494f40 00007ffb54c4f1ca
0x0000009d5c9fede0:   000001e2ed5f5670 00007ffb0e430000 

Instructions: (pc=0x00007ffb0e456587)
0x00007ffb0e456487:   8b 4d 58 e8 8d cf ff ff 48 8b 4d 60 e8 84 cf ff
0x00007ffb0e456497:   ff 48 8b 95 80 00 00 00 48 8b 8d 18 01 00 00 e8
0x00007ffb0e4564a7:   76 c4 ff ff 33 d2 33 c9 e8 cc e1 ff ff 90 48 89
0x00007ffb0e4564b7:   54 24 10 55 48 83 ec 20 48 8b ea 48 b8 00 00 00
0x00007ffb0e4564c7:   00 00 00 00 00 48 83 c4 20 5d c3 cc 40 55 48 8b
0x00007ffb0e4564d7:   ea 48 8b 01 33 c9 81 38 05 00 00 c0 0f 94 c1 8b
0x00007ffb0e4564e7:   c1 5d c3 cc 40 55 48 83 ec 20 48 8b ea 8a 4d 40
0x00007ffb0e4564f7:   48 83 c4 20 5d e9 73 d3 ff ff cc 40 55 48 83 ec
0x00007ffb0e456507:   20 48 8b ea 8a 4d 20 e8 61 d3 ff ff 90 48 83 c4
0x00007ffb0e456517:   20 5d c3 cc 40 55 48 83 ec 20 48 8b ea 48 83 c4
0x00007ffb0e456527:   20 5d e9 c2 d1 ff ff cc 40 55 48 83 ec 30 48 8b
0x00007ffb0e456537:   ea 48 8b 01 8b 10 48 89 4c 24 28 89 54 24 20 4c
0x00007ffb0e456547:   8d 0d 63 d6 ff ff 4c 8b 45 70 8b 55 68 48 8b 4d
0x00007ffb0e456557:   60 e8 03 d1 ff ff 90 48 83 c4 30 5d c3 cc cc cc
0x00007ffb0e456567:   cc cc cc cc cc cc cc cc cc 40 53 48 83 ec 20 48
0x00007ffb0e456577:   8b 1d 8b 34 01 00 48 85 db 74 16 e8 89 8f ff ff
0x00007ffb0e456587:   4c 8b 00 48 8b d3 48 8b c8 41 ff 90 b0 00 00 00
0x00007ffb0e456597:   90 48 83 c4 20 5b c3 cc cc 40 53 48 83 ec 20 48
0x00007ffb0e4565a7:   8b 1d fb 35 01 00 48 85 db 74 57 b8 ff ff ff ff
0x00007ffb0e4565b7:   f0 0f c1 43 10 83 f8 01 75 3d 48 85 db 74 38 48
0x00007ffb0e4565c7:   8b 0b 48 85 c9 74 0d ff 15 d4 0c 00 00 48 c7 03
0x00007ffb0e4565d7:   00 00 00 00 48 8b 4b 08 48 85 c9 74 0d e8 33 ce
0x00007ffb0e4565e7:   ff ff 48 c7 43 08 00 00 00 00 ba 18 00 00 00 48
0x00007ffb0e4565f7:   8b cb e8 1e ce ff ff 48 c7 05 9f 35 01 00 00 00
0x00007ffb0e456607:   00 00 48 83 c4 20 5b c3 cc 40 53 48 83 ec 20 48
0x00007ffb0e456617:   8b 1d 6b 35 01 00 48 85 db 74 57 b8 ff ff ff ff
0x00007ffb0e456627:   f0 0f c1 43 10 83 f8 01 75 3d 48 85 db 74 38 48
0x00007ffb0e456637:   8b 0b 48 85 c9 74 0d ff 15 64 0c 00 00 48 c7 03
0x00007ffb0e456647:   00 00 00 00 48 8b 4b 08 48 85 c9 74 0d e8 c3 cd
0x00007ffb0e456657:   ff ff 48 c7 43 08 00 00 00 00 ba 18 00 00 00 48
0x00007ffb0e456667:   8b cb e8 ae cd ff ff 48 c7 05 0f 35 01 00 00 00
0x00007ffb0e456677:   00 00 48 83 c4 20 5b c3 cc 40 53 48 83 ec 20 48 


Stack slot to memory mapping:

stack at sp + 0 slots: 0x0 is null
stack at sp + 1 slots: 0x000001e2ed7810b0 points into unknown readable memory: 0x3d009292bab806d2 | d2 06 b8 ba 92 92 00 3d
stack at sp + 2 slots: 0x00007ffaec0ae1c0 jvm.dll
stack at sp + 3 slots: 0x00007ffb0e453ed0 glass.dll
stack at sp + 4 slots: 0x000001e2ed7810b8 points into unknown readable memory: 0x0000929d45d9ce75 | 75 ce d9 45 9d 92 00 00
stack at sp + 5 slots: 0x00007ffb523442d6 ucrtbase.dll
stack at sp + 6 slots: 0x0000929d45d9ce75 is an unknown value
stack at sp + 7 slots: 0x000001e200000000 is an unknown value

VM_Operation (0x0000009d5bffecf0): Exit, mode: safepoint, requested by thread 0x000001e2ee32fab0


---------------  P R O C E S S  ---------------

Threads class SMR info:
_java_thread_list=0x000001e2ee425c40, length=20, elements={
0x000001e28a4bd4b0, 0x000001e2a7479890, 0x000001e2a747aa50, 0x000001e2a747fa50,
0x000001e2a7480750, 0x000001e2a74892b0, 0x000001e2a7491da0, 0x000001e2a7497570,
0x000001e2a743e350, 0x000001e2ed503630, 0x000001e2ed6585a0, 0x000001e2ed6e3370,
0x000001e2ed879ed0, 0x000001e2ed77ba70, 0x000001e2eda65fd0, 0x000001e2eda69270,
0x000001e2eda82c70, 0x000001e2ee32f420, 0x000001e2ee32e070, 0x000001e2ee32fab0
}

Java Threads: ( => current thread )
  0x000001e28a4bd4b0 JavaThread "main"                              [_thread_blocked, id=17248, stack(0x0000009d5c200000,0x0000009d5c300000) (1024K)]
  0x000001e2a7479890 JavaThread "Reference Handler"          daemon [_thread_blocked, id=11972, stack(0x0000009d5ca00000,0x0000009d5cb00000) (1024K)]
  0x000001e2a747aa50 JavaThread "Finalizer"                  daemon [_thread_blocked, id=15572, stack(0x0000009d5cb00000,0x0000009d5cc00000) (1024K)]
  0x000001e2a747fa50 JavaThread "Attach Listener"            daemon [_thread_blocked, id=18088, stack(0x0000009d5cd00000,0x0000009d5ce00000) (1024K)]
  0x000001e2a7480750 JavaThread "Service Thread"             daemon [_thread_blocked, id=15932, stack(0x0000009d5ce00000,0x0000009d5cf00000) (1024K)]
  0x000001e2a74892b0 JavaThread "Monitor Deflation Thread"   daemon [_thread_blocked, id=15544, stack(0x0000009d5cf00000,0x0000009d5d000000) (1024K)]
  0x000001e2a7491da0 JavaThread "C2 CompilerThread0"         daemon [_thread_blocked, id=20436, stack(0x0000009d5d000000,0x0000009d5d100000) (1024K)]
  0x000001e2a7497570 JavaThread "C1 CompilerThread0"         daemon [_thread_blocked, id=22028, stack(0x0000009d5d100000,0x0000009d5d200000) (1024K)]
  0x000001e2a743e350 JavaThread "Common-Cleaner"             daemon [_thread_blocked, id=3888, stack(0x0000009d5d200000,0x0000009d5d300000) (1024K)]
  0x000001e2ed503630 JavaThread "Monitor Ctrl-Break"         daemon [_thread_in_native, id=14592, stack(0x0000009d5d500000,0x0000009d5d600000) (1024K)]
  0x000001e2ed6585a0 JavaThread "Notification Thread"        daemon [_thread_blocked, id=6864, stack(0x0000009d5d600000,0x0000009d5d700000) (1024K)]
  0x000001e2ed6e3370 JavaThread "QuantumRenderer-0"          daemon [_thread_blocked, id=7036, stack(0x0000009d5d400000,0x0000009d5d500000) (1024K)]
  0x000001e2ed879ed0 JavaThread "InvokeLaterDispatcher"      daemon [_thread_blocked, id=20616, stack(0x0000009d5d800000,0x0000009d5d900000) (1024K)]
  0x000001e2ed77ba70 JavaThread "JavaFX Application Thread"         [_thread_in_native, id=1388, stack(0x0000009d5d900000,0x0000009d5da00000) (1024K)]
  0x000001e2eda65fd0 JavaThread "JavaFX-Launcher"                   [_thread_blocked, id=9976, stack(0x0000009d5e200000,0x0000009d5e300000) (1024K)]
  0x000001e2eda69270 JavaThread "Thread-2"                   daemon [_thread_in_native, id=16936, stack(0x0000009d5e100000,0x0000009d5e200000) (1024K)]
  0x000001e2eda82c70 JavaThread "mysql-cj-abandoned-connection-cleanup" daemon [_thread_blocked, id=19324, stack(0x0000009d5e300000,0x0000009d5e400000) (1024K)]
  0x000001e2ee32f420 JavaThread "Prism Font Disposer"        daemon [_thread_blocked, id=13108, stack(0x0000009d5e900000,0x0000009d5ea00000) (1024K)]
  0x000001e2ee32e070 JavaThread "Cleaner-0"                  daemon [_thread_blocked, id=13580, stack(0x0000009d5ef00000,0x0000009d5f000000) (1024K)]
  0x000001e2ee32fab0 JavaThread "SIGINT handler"             daemon [_thread_blocked, id=6520, stack(0x0000009d5bf00000,0x0000009d5c000000) (1024K)]
Total: 20

Other Threads:
=>0x000001e2a7459b80 VMThread "VM Thread"                           [id=9552, stack(0x0000009d5c900000,0x0000009d5ca00000) (1024K)]
  0x000001e28a5153c0 WorkerThread "GC Thread#0"                     [id=7924, stack(0x0000009d5c300000,0x0000009d5c400000) (1024K)]
  0x000001e2ed96c200 WorkerThread "GC Thread#1"                     [id=12776, stack(0x0000009d5dc00000,0x0000009d5dd00000) (1024K)]
  0x000001e2ed96c5a0 WorkerThread "GC Thread#2"                     [id=5228, stack(0x0000009d5dd00000,0x0000009d5de00000) (1024K)]
  0x000001e2ed96c940 WorkerThread "GC Thread#3"                     [id=16404, stack(0x0000009d5de00000,0x0000009d5df00000) (1024K)]
  0x000001e2ed96cce0 WorkerThread "GC Thread#4"                     [id=14612, stack(0x0000009d5df00000,0x0000009d5e000000) (1024K)]
  0x000001e2ed96d080 WorkerThread "GC Thread#5"                     [id=16200, stack(0x0000009d5e000000,0x0000009d5e100000) (1024K)]
  0x000001e2ed96d7c0 WorkerThread "GC Thread#6"                     [id=19092, stack(0x0000009d5e500000,0x0000009d5e600000) (1024K)]
  0x000001e2ed96db60 WorkerThread "GC Thread#7"                     [id=10868, stack(0x0000009d5e600000,0x0000009d5e700000) (1024K)]
  0x000001e2f3d45870 WorkerThread "GC Thread#8"                     [id=14024, stack(0x0000009d5e700000,0x0000009d5e800000) (1024K)]
  0x000001e2f3d45fb0 WorkerThread "GC Thread#9"                     [id=18404, stack(0x0000009d5e800000,0x0000009d5e900000) (1024K)]
  0x000001e28a5282b0 ConcurrentGCThread "G1 Main Marker"            terminated
  0x000001e28a528db0 WorkerThread "G1 Conc#0"                       [id=5068, stack(0x0000009d5c500000,0x0000009d5c600000) (1024K)]
  0x000001e2f3d47cb0 WorkerThread "G1 Conc#1"                       [id=9780, stack(0x0000009d5ed00000,0x0000009d5ee00000) (1024K)]
  0x000001e2f3d48050 WorkerThread "G1 Conc#2"                       [id=21252, stack(0x0000009d5ee00000,0x0000009d5ef00000) (1024K)]
  0x000001e28a58e5a0 ConcurrentGCThread "G1 Refine#0"               terminated
  0x000001e2a73102b0 ConcurrentGCThread "G1 Service"                terminated
Total: 17

Threads with active compile tasks:
Total: 0

VM state: at safepoint (shutting down)

VM Mutex/Monitor currently owned by a thread:  ([mutex/lock_event])
[0x00007ffaec0862a8] Threads_lock - owner thread: 0x000001e2a7459b80
[0x00007ffaec0863a8] Heap_lock - owner thread: 0x000001e2ee32fab0

Heap address: 0x0000000083600000, size: 1994 MB, Compressed Oops mode: 32-bit

CDS archive(s) mapped at: [0x000001e2a8000000-0x000001e2a8c90000-0x000001e2a8c90000), size 13172736, SharedBaseAddress: 0x000001e2a8000000, ArchiveRelocationMode: 1.
Compressed class space mapped at: 0x000001e2a9000000-0x000001e2e9000000, reserved size: 1073741824
Narrow klass base: 0x000001e2a8000000, Narrow klass shift: 0, Narrow klass range: 0x100000000

GC Precious Log:
 CardTable entry size: 512
 Card Set container configuration: InlinePtr #cards 5 size 8 Array Of Cards #cards 12 size 40 Howl #buckets 4 coarsen threshold 1843 Howl Bitmap #cards 512 size 80 coarsen threshold 460 Card regions per heap region 1 cards per card region 2048
 CPUs: 12 total, 12 available
 Memory: 7971M
 Large Page Support: Disabled
 NUMA Support: Disabled
 Compressed Oops: Enabled (32-bit)
 Heap Region Size: 1M
 Heap Min Capacity: 8M
 Heap Initial Capacity: 126M
 Heap Max Capacity: 1994M
 Pre-touch: Disabled
 Parallel Workers: 10
 Concurrent Workers: 3
 Concurrent Refinement Workers: 10
 Periodic GC: Disabled

Heap:
 garbage-first heap   total 157696K, used 147831K [0x0000000083600000, 0x0000000100000000)
  region size 1024K, 14 young (14336K), 1 survivors (1024K)
 Metaspace       used 28557K, committed 28992K, reserved 1114112K
  class space    used 3894K, committed 4096K, reserved 1048576K

Heap Regions: E=young(eden), S=young(survivor), O=old, HS=humongous(starts), HC=humongous(continues), CS=collection set, F=free, TAMS=top-at-mark-start, PB=parsable bottom
|   0|0x0000000083600000, 0x0000000083700000, 0x0000000083700000|100%| O|  |TAMS 0x0000000083600000| PB 0x0000000083600000| Untracked 
|   1|0x0000000083700000, 0x0000000083800000, 0x0000000083800000|100%| O|  |TAMS 0x0000000083700000| PB 0x0000000083700000| Untracked 
|   2|0x0000000083800000, 0x0000000083900000, 0x0000000083900000|100%| O|  |TAMS 0x0000000083800000| PB 0x0000000083800000| Untracked 
|   3|0x0000000083900000, 0x0000000083a00000, 0x0000000083a00000|100%|HS|  |TAMS 0x0000000083900000| PB 0x0000000083900000| Complete 
|   4|0x0000000083a00000, 0x0000000083b00000, 0x0000000083b00000|100%|HC|  |TAMS 0x0000000083a00000| PB 0x0000000083a00000| Complete 
|   5|0x0000000083b00000, 0x0000000083c00000, 0x0000000083c00000|100%|HS|  |TAMS 0x0000000083b00000| PB 0x0000000083b00000| Complete 
|   6|0x0000000083c00000, 0x0000000083d00000, 0x0000000083d00000|100%|HC|  |TAMS 0x0000000083c00000| PB 0x0000000083c00000| Complete 
|   7|0x0000000083d00000, 0x0000000083e00000, 0x0000000083e00000|100%|HS|  |TAMS 0x0000000083d00000| PB 0x0000000083d00000| Complete 
|   8|0x0000000083e00000, 0x0000000083f00000, 0x0000000083f00000|100%|HC|  |TAMS 0x0000000083e00000| PB 0x0000000083e00000| Complete 
|   9|0x0000000083f00000, 0x0000000084000000, 0x0000000084000000|100%|HS|  |TAMS 0x0000000083f00000| PB 0x0000000083f00000| Complete 
|  10|0x0000000084000000, 0x0000000084100000, 0x0000000084100000|100%|HC|  |TAMS 0x0000000084000000| PB 0x0000000084000000| Complete 
|  11|0x0000000084100000, 0x0000000084200000, 0x0000000084200000|100%|HS|  |TAMS 0x0000000084100000| PB 0x0000000084100000| Complete 
|  12|0x0000000084200000, 0x0000000084300000, 0x0000000084300000|100%|HC|  |TAMS 0x0000000084200000| PB 0x0000000084200000| Complete 
|  13|0x0000000084300000, 0x0000000084400000, 0x0000000084400000|100%|HS|  |TAMS 0x0000000084300000| PB 0x0000000084300000| Complete 
|  14|0x0000000084400000, 0x0000000084500000, 0x0000000084500000|100%|HC|  |TAMS 0x0000000084400000| PB 0x0000000084400000| Complete 
|  15|0x0000000084500000, 0x0000000084600000, 0x0000000084600000|100%| O|  |TAMS 0x0000000084500000| PB 0x0000000084500000| Untracked 
|  16|0x0000000084600000, 0x0000000084700000, 0x0000000084700000|100%| O|  |TAMS 0x0000000084600000| PB 0x0000000084600000| Untracked 
|  17|0x0000000084700000, 0x0000000084800000, 0x0000000084800000|100%|HS|  |TAMS 0x0000000084700000| PB 0x0000000084700000| Complete 
|  18|0x0000000084800000, 0x0000000084900000, 0x0000000084900000|100%|HS|  |TAMS 0x0000000084800000| PB 0x0000000084800000| Complete 
|  19|0x0000000084900000, 0x0000000084a00000, 0x0000000084a00000|100%|HS|  |TAMS 0x0000000084900000| PB 0x0000000084900000| Complete 
|  20|0x0000000084a00000, 0x0000000084b00000, 0x0000000084b00000|100%|HC|  |TAMS 0x0000000084a00000| PB 0x0000000084a00000| Complete 
|  21|0x0000000084b00000, 0x0000000084c00000, 0x0000000084c00000|100%|HS|  |TAMS 0x0000000084b00000| PB 0x0000000084b00000| Complete 
|  22|0x0000000084c00000, 0x0000000084d00000, 0x0000000084d00000|100%|HC|  |TAMS 0x0000000084c00000| PB 0x0000000084c00000| Complete 
|  23|0x0000000084d00000, 0x0000000084e00000, 0x0000000084e00000|100%|HS|  |TAMS 0x0000000084d00000| PB 0x0000000084d00000| Complete 
|  24|0x0000000084e00000, 0x0000000084f00000, 0x0000000084f00000|100%|HC|  |TAMS 0x0000000084e00000| PB 0x0000000084e00000| Complete 
|  25|0x0000000084f00000, 0x0000000085000000, 0x0000000085000000|100%|HS|  |TAMS 0x0000000084f00000| PB 0x0000000084f00000| Complete 
|  26|0x0000000085000000, 0x0000000085100000, 0x0000000085100000|100%|HC|  |TAMS 0x0000000085000000| PB 0x0000000085000000| Complete 
|  27|0x0000000085100000, 0x0000000085200000, 0x0000000085200000|100%|HS|  |TAMS 0x0000000085100000| PB 0x0000000085100000| Complete 
|  28|0x0000000085200000, 0x0000000085300000, 0x0000000085300000|100%|HC|  |TAMS 0x0000000085200000| PB 0x0000000085200000| Complete 
|  29|0x0000000085300000, 0x0000000085400000, 0x0000000085400000|100%|HS|  |TAMS 0x0000000085300000| PB 0x0000000085300000| Complete 
|  30|0x0000000085400000, 0x0000000085500000, 0x0000000085500000|100%|HC|  |TAMS 0x0000000085400000| PB 0x0000000085400000| Complete 
|  31|0x0000000085500000, 0x0000000085600000, 0x0000000085600000|100%|HS|  |TAMS 0x0000000085500000| PB 0x0000000085500000| Complete 
|  32|0x0000000085600000, 0x0000000085700000, 0x0000000085700000|100%|HC|  |TAMS 0x0000000085600000| PB 0x0000000085600000| Complete 
|  33|0x0000000085700000, 0x0000000085800000, 0x0000000085800000|100%|HS|  |TAMS 0x0000000085700000| PB 0x0000000085700000| Complete 
|  34|0x0000000085800000, 0x0000000085900000, 0x0000000085900000|100%|HC|  |TAMS 0x0000000085800000| PB 0x0000000085800000| Complete 
|  35|0x0000000085900000, 0x0000000085a00000, 0x0000000085a00000|100%|HS|  |TAMS 0x0000000085900000| PB 0x0000000085900000| Complete 
|  36|0x0000000085a00000, 0x0000000085b00000, 0x0000000085b00000|100%|HC|  |TAMS 0x0000000085a00000| PB 0x0000000085a00000| Complete 
|  37|0x0000000085b00000, 0x0000000085c00000, 0x0000000085c00000|100%|HS|  |TAMS 0x0000000085b00000| PB 0x0000000085b00000| Complete 
|  38|0x0000000085c00000, 0x0000000085d00000, 0x0000000085d00000|100%|HC|  |TAMS 0x0000000085c00000| PB 0x0000000085c00000| Complete 
|  39|0x0000000085d00000, 0x0000000085e00000, 0x0000000085e00000|100%|HS|  |TAMS 0x0000000085d00000| PB 0x0000000085d00000| Complete 
|  40|0x0000000085e00000, 0x0000000085f00000, 0x0000000085f00000|100%|HC|  |TAMS 0x0000000085e00000| PB 0x0000000085e00000| Complete 
|  41|0x0000000085f00000, 0x0000000086000000, 0x0000000086000000|100%|HS|  |TAMS 0x0000000085f00000| PB 0x0000000085f00000| Complete 
|  42|0x0000000086000000, 0x0000000086100000, 0x0000000086100000|100%|HC|  |TAMS 0x0000000086000000| PB 0x0000000086000000| Complete 
|  43|0x0000000086100000, 0x0000000086200000, 0x0000000086200000|100%|HS|  |TAMS 0x0000000086100000| PB 0x0000000086100000| Complete 
|  44|0x0000000086200000, 0x0000000086300000, 0x0000000086300000|100%|HC|  |TAMS 0x0000000086200000| PB 0x0000000086200000| Complete 
|  45|0x0000000086300000, 0x0000000086400000, 0x0000000086400000|100%|HS|  |TAMS 0x0000000086300000| PB 0x0000000086300000| Complete 
|  46|0x0000000086400000, 0x0000000086500000, 0x0000000086500000|100%|HC|  |TAMS 0x0000000086400000| PB 0x0000000086400000| Complete 
|  47|0x0000000086500000, 0x0000000086600000, 0x0000000086600000|100%|HS|  |TAMS 0x0000000086500000| PB 0x0000000086500000| Complete 
|  48|0x0000000086600000, 0x0000000086700000, 0x0000000086700000|100%|HC|  |TAMS 0x0000000086600000| PB 0x0000000086600000| Complete 
|  49|0x0000000086700000, 0x0000000086800000, 0x0000000086800000|100%|HS|  |TAMS 0x0000000086700000| PB 0x0000000086700000| Complete 
|  50|0x0000000086800000, 0x0000000086900000, 0x0000000086900000|100%|HC|  |TAMS 0x0000000086800000| PB 0x0000000086800000| Complete 
|  51|0x0000000086900000, 0x0000000086a00000, 0x0000000086a00000|100%|HS|  |TAMS 0x0000000086900000| PB 0x0000000086900000| Complete 
|  52|0x0000000086a00000, 0x0000000086b00000, 0x0000000086b00000|100%|HC|  |TAMS 0x0000000086a00000| PB 0x0000000086a00000| Complete 
|  53|0x0000000086b00000, 0x0000000086c00000, 0x0000000086c00000|100%|HC|  |TAMS 0x0000000086b00000| PB 0x0000000086b00000| Complete 
|  54|0x0000000086c00000, 0x0000000086d00000, 0x0000000086d00000|100%|HC|  |TAMS 0x0000000086c00000| PB 0x0000000086c00000| Complete 
|  55|0x0000000086d00000, 0x0000000086e00000, 0x0000000086e00000|100%|HC|  |TAMS 0x0000000086d00000| PB 0x0000000086d00000| Complete 
|  56|0x0000000086e00000, 0x0000000086f00000, 0x0000000086f00000|100%|HC|  |TAMS 0x0000000086e00000| PB 0x0000000086e00000| Complete 
|  57|0x0000000086f00000, 0x0000000087000000, 0x0000000087000000|100%|HC|  |TAMS 0x0000000086f00000| PB 0x0000000086f00000| Complete 
|  58|0x0000000087000000, 0x0000000087100000, 0x0000000087100000|100%|HC|  |TAMS 0x0000000087000000| PB 0x0000000087000000| Complete 
|  59|0x0000000087100000, 0x0000000087200000, 0x0000000087200000|100%|HS|  |TAMS 0x0000000087100000| PB 0x0000000087100000| Complete 
|  60|0x0000000087200000, 0x0000000087300000, 0x0000000087300000|100%| O|  |TAMS 0x0000000087200000| PB 0x0000000087200000| Untracked 
|  61|0x0000000087300000, 0x00000000873c3958, 0x0000000087400000| 76%| O|  |TAMS 0x0000000087300000| PB 0x0000000087300000| Untracked 
|  62|0x0000000087400000, 0x0000000087500000, 0x0000000087500000|100%|HS|  |TAMS 0x0000000087400000| PB 0x0000000087400000| Complete 
|  63|0x0000000087500000, 0x0000000087500000, 0x0000000087600000|  0%| F|  |TAMS 0x0000000087500000| PB 0x0000000087500000| Untracked 
|  64|0x0000000087600000, 0x0000000087600000, 0x0000000087700000|  0%| F|  |TAMS 0x0000000087600000| PB 0x0000000087600000| Untracked 
|  65|0x0000000087700000, 0x0000000087700000, 0x0000000087800000|  0%| F|  |TAMS 0x0000000087700000| PB 0x0000000087700000| Untracked 
|  66|0x0000000087800000, 0x0000000087800000, 0x0000000087900000|  0%| F|  |TAMS 0x0000000087800000| PB 0x0000000087800000| Untracked 
|  67|0x0000000087900000, 0x0000000087a00000, 0x0000000087a00000|100%|HS|  |TAMS 0x0000000087900000| PB 0x0000000087900000| Complete 
|  68|0x0000000087a00000, 0x0000000087b00000, 0x0000000087b00000|100%|HC|  |TAMS 0x0000000087a00000| PB 0x0000000087a00000| Complete 
|  69|0x0000000087b00000, 0x0000000087c00000, 0x0000000087c00000|100%|HS|  |TAMS 0x0000000087b00000| PB 0x0000000087b00000| Complete 
|  70|0x0000000087c00000, 0x0000000087d00000, 0x0000000087d00000|100%|HC|  |TAMS 0x0000000087c00000| PB 0x0000000087c00000| Complete 
|  71|0x0000000087d00000, 0x0000000087e00000, 0x0000000087e00000|100%|HC|  |TAMS 0x0000000087d00000| PB 0x0000000087d00000| Complete 
|  72|0x0000000087e00000, 0x0000000087f00000, 0x0000000087f00000|100%|HC|  |TAMS 0x0000000087e00000| PB 0x0000000087e00000| Complete 
|  73|0x0000000087f00000, 0x0000000088000000, 0x0000000088000000|100%|HC|  |TAMS 0x0000000087f00000| PB 0x0000000087f00000| Complete 
|  74|0x0000000088000000, 0x0000000088100000, 0x0000000088100000|100%|HC|  |TAMS 0x0000000088000000| PB 0x0000000088000000| Complete 
|  75|0x0000000088100000, 0x0000000088200000, 0x0000000088200000|100%|HC|  |TAMS 0x0000000088100000| PB 0x0000000088100000| Complete 
|  76|0x0000000088200000, 0x0000000088300000, 0x0000000088300000|100%|HC|  |TAMS 0x0000000088200000| PB 0x0000000088200000| Complete 
|  77|0x0000000088300000, 0x0000000088400000, 0x0000000088400000|100%|HS|  |TAMS 0x0000000088300000| PB 0x0000000088300000| Complete 
|  78|0x0000000088400000, 0x0000000088500000, 0x0000000088500000|100%|HC|  |TAMS 0x0000000088400000| PB 0x0000000088400000| Complete 
|  79|0x0000000088500000, 0x0000000088600000, 0x0000000088600000|100%|HS|  |TAMS 0x0000000088500000| PB 0x0000000088500000| Complete 
|  80|0x0000000088600000, 0x0000000088700000, 0x0000000088700000|100%|HC|  |TAMS 0x0000000088600000| PB 0x0000000088600000| Complete 
|  81|0x0000000088700000, 0x0000000088800000, 0x0000000088800000|100%|HS|  |TAMS 0x0000000088700000| PB 0x0000000088700000| Complete 
|  82|0x0000000088800000, 0x0000000088900000, 0x0000000088900000|100%|HC|  |TAMS 0x0000000088800000| PB 0x0000000088800000| Complete 
|  83|0x0000000088900000, 0x0000000088a00000, 0x0000000088a00000|100%|HC|  |TAMS 0x0000000088900000| PB 0x0000000088900000| Complete 
|  84|0x0000000088a00000, 0x0000000088b00000, 0x0000000088b00000|100%|HC|  |TAMS 0x0000000088a00000| PB 0x0000000088a00000| Complete 
|  85|0x0000000088b00000, 0x0000000088c00000, 0x0000000088c00000|100%|HC|  |TAMS 0x0000000088b00000| PB 0x0000000088b00000| Complete 
|  86|0x0000000088c00000, 0x0000000088d00000, 0x0000000088d00000|100%|HC|  |TAMS 0x0000000088c00000| PB 0x0000000088c00000| Complete 
|  87|0x0000000088d00000, 0x0000000088e00000, 0x0000000088e00000|100%|HC|  |TAMS 0x0000000088d00000| PB 0x0000000088d00000| Complete 
|  88|0x0000000088e00000, 0x0000000088f00000, 0x0000000088f00000|100%|HC|  |TAMS 0x0000000088e00000| PB 0x0000000088e00000| Complete 
|  89|0x0000000088f00000, 0x0000000089000000, 0x0000000089000000|100%|HC|  |TAMS 0x0000000088f00000| PB 0x0000000088f00000| Complete 
|  90|0x0000000089000000, 0x0000000089100000, 0x0000000089100000|100%|HC|  |TAMS 0x0000000089000000| PB 0x0000000089000000| Complete 
|  91|0x0000000089100000, 0x0000000089200000, 0x0000000089200000|100%|HS|  |TAMS 0x0000000089100000| PB 0x0000000089100000| Complete 
|  92|0x0000000089200000, 0x0000000089300000, 0x0000000089300000|100%|HC|  |TAMS 0x0000000089200000| PB 0x0000000089200000| Complete 
|  93|0x0000000089300000, 0x0000000089400000, 0x0000000089400000|100%|HC|  |TAMS 0x0000000089300000| PB 0x0000000089300000| Complete 
|  94|0x0000000089400000, 0x0000000089500000, 0x0000000089500000|100%|HC|  |TAMS 0x0000000089400000| PB 0x0000000089400000| Complete 
|  95|0x0000000089500000, 0x0000000089600000, 0x0000000089600000|100%|HC|  |TAMS 0x0000000089500000| PB 0x0000000089500000| Complete 
|  96|0x0000000089600000, 0x0000000089700000, 0x0000000089700000|100%|HC|  |TAMS 0x0000000089600000| PB 0x0000000089600000| Complete 
|  97|0x0000000089700000, 0x0000000089800000, 0x0000000089800000|100%|HC|  |TAMS 0x0000000089700000| PB 0x0000000089700000| Complete 
|  98|0x0000000089800000, 0x0000000089900000, 0x0000000089900000|100%|HC|  |TAMS 0x0000000089800000| PB 0x0000000089800000| Complete 
|  99|0x0000000089900000, 0x0000000089a00000, 0x0000000089a00000|100%|HC|  |TAMS 0x0000000089900000| PB 0x0000000089900000| Complete 
| 100|0x0000000089a00000, 0x0000000089b00000, 0x0000000089b00000|100%|HC|  |TAMS 0x0000000089a00000| PB 0x0000000089a00000| Complete 
| 101|0x0000000089b00000, 0x0000000089b9a4d8, 0x0000000089c00000| 60%| S|CS|TAMS 0x0000000089b00000| PB 0x0000000089b00000| Complete 
| 102|0x0000000089c00000, 0x0000000089d00000, 0x0000000089d00000|100%|HS|  |TAMS 0x0000000089c00000| PB 0x0000000089c00000| Complete 
| 103|0x0000000089d00000, 0x0000000089e00000, 0x0000000089e00000|100%|HC|  |TAMS 0x0000000089d00000| PB 0x0000000089d00000| Complete 
| 104|0x0000000089e00000, 0x0000000089f00000, 0x0000000089f00000|100%|HC|  |TAMS 0x0000000089e00000| PB 0x0000000089e00000| Complete 
| 105|0x0000000089f00000, 0x000000008a000000, 0x000000008a000000|100%|HC|  |TAMS 0x0000000089f00000| PB 0x0000000089f00000| Complete 
| 106|0x000000008a000000, 0x000000008a100000, 0x000000008a100000|100%|HC|  |TAMS 0x000000008a000000| PB 0x000000008a000000| Complete 
| 107|0x000000008a100000, 0x000000008a200000, 0x000000008a200000|100%|HC|  |TAMS 0x000000008a100000| PB 0x000000008a100000| Complete 
| 108|0x000000008a200000, 0x000000008a300000, 0x000000008a300000|100%|HC|  |TAMS 0x000000008a200000| PB 0x000000008a200000| Complete 
| 109|0x000000008a300000, 0x000000008a400000, 0x000000008a400000|100%|HC|  |TAMS 0x000000008a300000| PB 0x000000008a300000| Complete 
| 110|0x000000008a400000, 0x000000008a500000, 0x000000008a500000|100%|HC|  |TAMS 0x000000008a400000| PB 0x000000008a400000| Complete 
| 111|0x000000008a500000, 0x000000008a600000, 0x000000008a600000|100%|HC|  |TAMS 0x000000008a500000| PB 0x000000008a500000| Complete 
| 112|0x000000008a600000, 0x000000008a700000, 0x000000008a700000|100%|HC|  |TAMS 0x000000008a600000| PB 0x000000008a600000| Complete 
| 113|0x000000008a700000, 0x000000008a800000, 0x000000008a800000|100%|HS|  |TAMS 0x000000008a700000| PB 0x000000008a700000| Complete 
| 114|0x000000008a800000, 0x000000008a900000, 0x000000008a900000|100%|HC|  |TAMS 0x000000008a800000| PB 0x000000008a800000| Complete 
| 115|0x000000008a900000, 0x000000008aa00000, 0x000000008aa00000|100%|HC|  |TAMS 0x000000008a900000| PB 0x000000008a900000| Complete 
| 116|0x000000008aa00000, 0x000000008ab00000, 0x000000008ab00000|100%|HC|  |TAMS 0x000000008aa00000| PB 0x000000008aa00000| Complete 
| 117|0x000000008ab00000, 0x000000008ac00000, 0x000000008ac00000|100%|HC|  |TAMS 0x000000008ab00000| PB 0x000000008ab00000| Complete 
| 118|0x000000008ac00000, 0x000000008ad00000, 0x000000008ad00000|100%|HC|  |TAMS 0x000000008ac00000| PB 0x000000008ac00000| Complete 
| 119|0x000000008ad00000, 0x000000008ae00000, 0x000000008ae00000|100%|HC|  |TAMS 0x000000008ad00000| PB 0x000000008ad00000| Complete 
| 120|0x000000008ae00000, 0x000000008af00000, 0x000000008af00000|100%|HC|  |TAMS 0x000000008ae00000| PB 0x000000008ae00000| Complete 
| 121|0x000000008af00000, 0x000000008b000000, 0x000000008b000000|100%|HC|  |TAMS 0x000000008af00000| PB 0x000000008af00000| Complete 
| 122|0x000000008b000000, 0x000000008b100000, 0x000000008b100000|100%|HC|  |TAMS 0x000000008b000000| PB 0x000000008b000000| Complete 
| 123|0x000000008b100000, 0x000000008b200000, 0x000000008b200000|100%|HC|  |TAMS 0x000000008b100000| PB 0x000000008b100000| Complete 
| 124|0x000000008b200000, 0x000000008b200000, 0x000000008b300000|  0%| F|  |TAMS 0x000000008b200000| PB 0x000000008b200000| Untracked 
| 125|0x000000008b300000, 0x000000008b400000, 0x000000008b400000|100%| E|CS|TAMS 0x000000008b300000| PB 0x000000008b300000| Complete 
| 126|0x000000008b400000, 0x000000008b400000, 0x000000008b500000|  0%| F|  |TAMS 0x000000008b400000| PB 0x000000008b400000| Untracked 
| 127|0x000000008b500000, 0x000000008b500000, 0x000000008b600000|  0%| F|  |TAMS 0x000000008b500000| PB 0x000000008b500000| Untracked 
| 128|0x000000008b600000, 0x000000008b600000, 0x000000008b700000|  0%| F|  |TAMS 0x000000008b600000| PB 0x000000008b600000| Untracked 
| 129|0x000000008b700000, 0x000000008b72e9a8, 0x000000008b800000| 18%| E|  |TAMS 0x000000008b700000| PB 0x000000008b700000| Complete 
| 130|0x000000008b800000, 0x000000008b900000, 0x000000008b900000|100%| E|CS|TAMS 0x000000008b800000| PB 0x000000008b800000| Complete 
| 131|0x000000008b900000, 0x000000008ba00000, 0x000000008ba00000|100%| E|CS|TAMS 0x000000008b900000| PB 0x000000008b900000| Complete 
| 132|0x000000008ba00000, 0x000000008bb00000, 0x000000008bb00000|100%| E|CS|TAMS 0x000000008ba00000| PB 0x000000008ba00000| Complete 
| 133|0x000000008bb00000, 0x000000008bc00000, 0x000000008bc00000|100%| E|CS|TAMS 0x000000008bb00000| PB 0x000000008bb00000| Complete 
| 134|0x000000008bc00000, 0x000000008bd00000, 0x000000008bd00000|100%| E|CS|TAMS 0x000000008bc00000| PB 0x000000008bc00000| Complete 
| 135|0x000000008bd00000, 0x000000008be00000, 0x000000008be00000|100%| E|CS|TAMS 0x000000008bd00000| PB 0x000000008bd00000| Complete 
| 136|0x000000008be00000, 0x000000008bf00000, 0x000000008bf00000|100%| E|CS|TAMS 0x000000008be00000| PB 0x000000008be00000| Complete 
| 137|0x000000008bf00000, 0x000000008c000000, 0x000000008c000000|100%| E|CS|TAMS 0x000000008bf00000| PB 0x000000008bf00000| Complete 
| 138|0x000000008c000000, 0x000000008c100000, 0x000000008c100000|100%| E|CS|TAMS 0x000000008c000000| PB 0x000000008c000000| Complete 
| 139|0x000000008c100000, 0x000000008c200000, 0x000000008c200000|100%| E|CS|TAMS 0x000000008c100000| PB 0x000000008c100000| Complete 
| 140|0x000000008c200000, 0x000000008c300000, 0x000000008c300000|100%| E|CS|TAMS 0x000000008c200000| PB 0x000000008c200000| Complete 
|1981|0x00000000ff300000, 0x00000000ff400000, 0x00000000ff400000|100%| O|  |TAMS 0x00000000ff300000| PB 0x00000000ff300000| Untracked 
|1982|0x00000000ff400000, 0x00000000ff500000, 0x00000000ff500000|100%| O|Cm|TAMS 0x00000000ff400000| PB 0x00000000ff400000| Complete 
|1983|0x00000000ff500000, 0x00000000ff600000, 0x00000000ff600000|100%| O|  |TAMS 0x00000000ff500000| PB 0x00000000ff500000| Untracked 
|1984|0x00000000ff600000, 0x00000000ff700000, 0x00000000ff700000|100%| O|  |TAMS 0x00000000ff600000| PB 0x00000000ff600000| Untracked 
|1985|0x00000000ff700000, 0x00000000ff800000, 0x00000000ff800000|100%| O|  |TAMS 0x00000000ff700000| PB 0x00000000ff700000| Untracked 
|1986|0x00000000ff800000, 0x00000000ff900000, 0x00000000ff900000|100%| O|  |TAMS 0x00000000ff800000| PB 0x00000000ff800000| Untracked 
|1987|0x00000000ff900000, 0x00000000ffa00000, 0x00000000ffa00000|100%| O|  |TAMS 0x00000000ff900000| PB 0x00000000ff900000| Untracked 
|1988|0x00000000ffa00000, 0x00000000ffb00000, 0x00000000ffb00000|100%| O|  |TAMS 0x00000000ffa00000| PB 0x00000000ffa00000| Untracked 
|1989|0x00000000ffb00000, 0x00000000ffc00000, 0x00000000ffc00000|100%| O|  |TAMS 0x00000000ffb00000| PB 0x00000000ffb00000| Untracked 
|1990|0x00000000ffc00000, 0x00000000ffd00000, 0x00000000ffd00000|100%| O|  |TAMS 0x00000000ffc00000| PB 0x00000000ffc00000| Untracked 
|1991|0x00000000ffd00000, 0x00000000ffe00000, 0x00000000ffe00000|100%| O|  |TAMS 0x00000000ffd00000| PB 0x00000000ffd00000| Untracked 
|1992|0x00000000ffe00000, 0x00000000fff00000, 0x00000000fff00000|100%| O|  |TAMS 0x00000000ffe00000| PB 0x00000000ffe00000| Untracked 
|1993|0x00000000fff00000, 0x0000000100000000, 0x0000000100000000|100%| O|  |TAMS 0x00000000fff00000| PB 0x00000000fff00000| Untracked 

Card table byte_map: [0x000001e2a2500000,0x000001e2a28f0000] _byte_map_base: 0x000001e2a20e5000

Marking Bits: (CMBitMap*) 0x000001e28a515ac0
 Bits: [0x000001e2a28f0000, 0x000001e2a4818000)

Polling page: 0x000001e289c90000

Metaspace:

Usage:
  Non-class:     24.09 MB used.
      Class:      3.80 MB used.
       Both:     27.89 MB used.

Virtual space:
  Non-class space:       64.00 MB reserved,      24.31 MB ( 38%) committed,  1 nodes.
      Class space:        1.00 GB reserved,       4.00 MB ( <1%) committed,  1 nodes.
             Both:        1.06 GB reserved,      28.31 MB (  3%) committed. 

Chunk freelists:
   Non-Class:  7.36 MB
       Class:  11.98 MB
        Both:  19.34 MB

MaxMetaspaceSize: unlimited
CompressedClassSpaceSize: 1.00 GB
Initial GC threshold: 21.00 MB
Current GC threshold: 45.75 MB
CDS: on
 - commit_granule_bytes: 65536.
 - commit_granule_words: 8192.
 - virtual_space_node_default_size: 8388608.
 - enlarge_chunks_in_place: 1.
 - use_allocation_guard: 0.


Internal statistics:

num_allocs_failed_limit: 3.
num_arena_births: 422.
num_arena_deaths: 0.
num_vsnodes_births: 2.
num_vsnodes_deaths: 0.
num_space_committed: 453.
num_space_uncommitted: 0.
num_chunks_returned_to_freelist: 3.
num_chunks_taken_from_freelist: 1233.
num_chunk_merges: 3.
num_chunk_splits: 865.
num_chunks_enlarged: 666.
num_inconsistent_stats: 0.

CodeHeap 'non-profiled nmethods': size=120000Kb used=2908Kb max_used=2908Kb free=117091Kb
 bounds [0x000001e29a680000, 0x000001e29a960000, 0x000001e2a1bb0000]
CodeHeap 'profiled nmethods': size=120000Kb used=11086Kb max_used=11086Kb free=108913Kb
 bounds [0x000001e292bb0000, 0x000001e293690000, 0x000001e29a0e0000]
CodeHeap 'non-nmethods': size=5760Kb used=2224Kb max_used=2294Kb free=3535Kb
 bounds [0x000001e29a0e0000, 0x000001e29a350000, 0x000001e29a680000]
 total_blobs=6320 nmethods=5389 adapters=833
 compilation: enabled
              stopped_count=0, restarted_count=0
 full_count=0

Compilation events (20 events):
Event: 209.867 Thread 0x000001e2a7497570 5768       3       java.util.EnumMap::values (25 bytes)
Event: 209.867 Thread 0x000001e2a7497570 nmethod 5768 0x000001e293680510 code [0x000001e2936806c0, 0x000001e293680a38]
Event: 209.867 Thread 0x000001e2a7497570 5769       3       java.util.EnumMap$Values::iterator (12 bytes)
Event: 209.867 Thread 0x000001e2a7497570 nmethod 5769 0x000001e293680b90 code [0x000001e293680d40, 0x000001e293681088]
Event: 209.867 Thread 0x000001e2a7497570 5770       3       java.util.EnumMap$ValueIterator::<init> (11 bytes)
Event: 209.867 Thread 0x000001e2a7497570 nmethod 5770 0x000001e293681190 code [0x000001e293681340, 0x000001e2936815d0]
Event: 209.867 Thread 0x000001e2a7497570 5771       3       java.util.EnumMap$EnumMapIterator::<init> (20 bytes)
Event: 209.867 Thread 0x000001e2a7497570 nmethod 5771 0x000001e293681690 code [0x000001e293681820, 0x000001e2936819f8]
Event: 217.034 Thread 0x000001e2a7497570 5772       3       java.util.concurrent.locks.LockSupport::setBlocker (12 bytes)
Event: 217.034 Thread 0x000001e2a7497570 nmethod 5772 0x000001e293681a90 code [0x000001e293681c40, 0x000001e293681e50]
Event: 226.815 Thread 0x000001e2a7497570 5773       3       javafx.scene.Node$FocusPropertyBase::notifyListeners (77 bytes)
Event: 226.815 Thread 0x000001e2a7497570 nmethod 5773 0x000001e293681f10 code [0x000001e2936821c0, 0x000001e293682e80]
Event: 254.831 Thread 0x000001e2a7491da0 5774       4       java.util.concurrent.atomic.AtomicBoolean::getAndSet (25 bytes)
Event: 254.831 Thread 0x000001e2a7491da0 nmethod 5774 0x000001e29a956b10 code [0x000001e29a956c80, 0x000001e29a956d20]
Event: 267.042 Thread 0x000001e2a7497570 5775       3       jdk.internal.loader.BuiltinClassLoader::checkURL (5 bytes)
Event: 267.042 Thread 0x000001e2a7497570 nmethod 5775 0x000001e293683210 code [0x000001e2936833c0, 0x000001e2936835b0]
Event: 267.042 Thread 0x000001e2a7497570 5776   !   3       jdk.internal.loader.URLClassPath::checkURL (16 bytes)
Event: 267.042 Thread 0x000001e2a7497570 nmethod 5776 0x000001e293683690 code [0x000001e293683840, 0x000001e293683a00]
Event: 283.813 Thread 0x000001e2a7497570 5777       1       java.util.logging.LogManager$LoggerContext::getOwner (5 bytes)
Event: 283.814 Thread 0x000001e2a7497570 nmethod 5777 0x000001e29a956e10 code [0x000001e29a956fa0, 0x000001e29a957068]

GC Heap History (12 events):
Event: 0.474 GC heap before
{Heap before GC invocations=0 (full 0):
 garbage-first heap   total 129024K, used 22528K [0x0000000083600000, 0x0000000100000000)
  region size 1024K, 23 young (23552K), 0 survivors (0K)
 Metaspace       used 4344K, committed 4608K, reserved 1114112K
  class space    used 453K, committed 576K, reserved 1048576K
}
Event: 0.477 GC heap after
{Heap after GC invocations=1 (full 0):
 garbage-first heap   total 129024K, used 2688K [0x0000000083600000, 0x0000000100000000)
  region size 1024K, 3 young (3072K), 3 survivors (3072K)
 Metaspace       used 4344K, committed 4608K, reserved 1114112K
  class space    used 453K, committed 576K, reserved 1048576K
}
Event: 0.987 GC heap before
{Heap before GC invocations=1 (full 0):
 garbage-first heap   total 129024K, used 36480K [0x0000000083600000, 0x0000000100000000)
  region size 1024K, 37 young (37888K), 3 survivors (3072K)
 Metaspace       used 17357K, committed 17664K, reserved 1114112K
  class space    used 2076K, committed 2240K, reserved 1048576K
}
Event: 0.992 GC heap after
{Heap after GC invocations=2 (full 0):
 garbage-first heap   total 129024K, used 7736K [0x0000000083600000, 0x0000000100000000)
  region size 1024K, 5 young (5120K), 5 survivors (5120K)
 Metaspace       used 17357K, committed 17664K, reserved 1114112K
  class space    used 2076K, committed 2240K, reserved 1048576K
}
Event: 1.279 GC heap before
{Heap before GC invocations=2 (full 0):
 garbage-first heap   total 129024K, used 41528K [0x0000000083600000, 0x0000000100000000)
  region size 1024K, 28 young (28672K), 5 survivors (5120K)
 Metaspace       used 21179K, committed 21504K, reserved 1114112K
  class space    used 2742K, committed 2944K, reserved 1048576K
}
Event: 1.284 GC heap after
{Heap after GC invocations=3 (full 0):
 garbage-first heap   total 129024K, used 22316K [0x0000000083600000, 0x0000000100000000)
  region size 1024K, 8 young (8192K), 8 survivors (8192K)
 Metaspace       used 21179K, committed 21504K, reserved 1114112K
  class space    used 2742K, committed 2944K, reserved 1048576K
}
Event: 6.109 GC heap before
{Heap before GC invocations=4 (full 0):
 garbage-first heap   total 80896K, used 78636K [0x0000000083600000, 0x0000000100000000)
  region size 1024K, 42 young (43008K), 8 survivors (8192K)
 Metaspace       used 26502K, committed 26880K, reserved 1114112K
  class space    used 3771K, committed 3968K, reserved 1048576K
}
Event: 6.116 GC heap after
{Heap after GC invocations=5 (full 0):
 garbage-first heap   total 94208K, used 50377K [0x0000000083600000, 0x0000000100000000)
  region size 1024K, 8 young (8192K), 8 survivors (8192K)
 Metaspace       used 26502K, committed 26880K, reserved 1114112K
  class space    used 3771K, committed 3968K, reserved 1048576K
}
Event: 6.918 GC heap before
{Heap before GC invocations=5 (full 0):
 garbage-first heap   total 98304K, used 96457K [0x0000000083600000, 0x0000000100000000)
  region size 1024K, 25 young (25600K), 8 survivors (8192K)
 Metaspace       used 27526K, committed 27904K, reserved 1114112K
  class space    used 3870K, committed 4032K, reserved 1048576K
}
Event: 6.926 GC heap after
{Heap after GC invocations=6 (full 0):
 garbage-first heap   total 111616K, used 82126K [0x0000000083600000, 0x0000000100000000)
  region size 1024K, 5 young (5120K), 5 survivors (5120K)
 Metaspace       used 27526K, committed 27904K, reserved 1114112K
  class space    used 3870K, committed 4032K, reserved 1048576K
}
Event: 6.998 GC heap before
{Heap before GC invocations=6 (full 0):
 garbage-first heap   total 111616K, used 84174K [0x0000000083600000, 0x0000000100000000)
  region size 1024K, 8 young (8192K), 5 survivors (5120K)
 Metaspace       used 27725K, committed 28096K, reserved 1114112K
  class space    used 3880K, committed 4032K, reserved 1048576K
}
Event: 7.000 GC heap after
{Heap after GC invocations=7 (full 0):
 garbage-first heap   total 111616K, used 83319K [0x0000000083600000, 0x0000000100000000)
  region size 1024K, 1 young (1024K), 1 survivors (1024K)
 Metaspace       used 27725K, committed 28096K, reserved 1114112K
  class space    used 3880K, committed 4032K, reserved 1048576K
}

Dll operation events (20 events):
Event: 0.334 Loaded shared library C:\Users\ACER\.openjfx\cache\21+31\amd64\api-ms-win-crt-multibyte-l1-1-0.dll
Event: 0.340 Loaded shared library C:\Users\ACER\.openjfx\cache\21+31\amd64\api-ms-win-crt-private-l1-1-0.dll
Event: 0.343 Loaded shared library C:\Users\ACER\.openjfx\cache\21+31\amd64\api-ms-win-crt-process-l1-1-0.dll
Event: 0.345 Loaded shared library C:\Users\ACER\.openjfx\cache\21+31\amd64\api-ms-win-crt-runtime-l1-1-0.dll
Event: 0.347 Loaded shared library C:\Users\ACER\.openjfx\cache\21+31\amd64\api-ms-win-crt-stdio-l1-1-0.dll
Event: 0.349 Loaded shared library C:\Users\ACER\.openjfx\cache\21+31\amd64\api-ms-win-crt-string-l1-1-0.dll
Event: 0.350 Loaded shared library C:\Users\ACER\.openjfx\cache\21+31\amd64\api-ms-win-crt-time-l1-1-0.dll
Event: 0.352 Loaded shared library C:\Users\ACER\.openjfx\cache\21+31\amd64\api-ms-win-crt-utility-l1-1-0.dll
Event: 0.361 Loaded shared library C:\Users\ACER\.openjfx\cache\21+31\amd64\ucrtbase.dll
Event: 0.364 Loaded shared library C:\Users\ACER\.openjfx\cache\21+31\amd64\vcruntime140.dll
Event: 0.366 Loaded shared library C:\Users\ACER\.openjfx\cache\21+31\amd64\vcruntime140_1.dll
Event: 0.372 Loaded shared library C:\Users\ACER\.openjfx\cache\21+31\amd64\msvcp140.dll
Event: 0.374 Loaded shared library C:\Users\ACER\.openjfx\cache\21+31\amd64\msvcp140_1.dll
Event: 0.376 Loaded shared library C:\Users\ACER\.openjfx\cache\21+31\amd64\msvcp140_2.dll
Event: 0.400 Loaded shared library C:\Users\ACER\.openjfx\cache\21+31\amd64\prism_d3d.dll
Event: 0.429 Loaded shared library C:\Users\ACER\.openjfx\cache\21+31\amd64\glass.dll
Event: 0.504 Loaded shared library C:\Users\ACER\.jdks\corretto-21.0.4\bin\jimage.dll
Event: 0.694 Loaded shared library C:\Users\ACER\.jdks\corretto-21.0.4\bin\sunmscapi.dll
Event: 0.980 Loaded shared library C:\Users\ACER\.openjfx\cache\21+31\amd64\javafx_font.dll
Event: 6.065 Loaded shared library C:\Users\ACER\.openjfx\cache\21+31\amd64\javafx_iio.dll

Deoptimization events (20 events):
Event: 189.858 Thread 0x000001e2ed77ba70 Uncommon trap: trap_request=0xffffff76 fr.pc=0x000001e29a918a28 relative=0x0000000000006ca8
Event: 189.858 Thread 0x000001e2ed77ba70 Uncommon trap: reason=predicate action=maybe_recompile pc=0x000001e29a918a28 method=javafx.scene.CssStyleHelper.transitionToState(Ljavafx/scene/Node;)V @ 291 c2
Event: 189.858 Thread 0x000001e2ed77ba70 DEOPT PACKING pc=0x000001e29a918a28 sp=0x0000009d5d9f9e80
Event: 189.858 Thread 0x000001e2ed77ba70 DEOPT UNPACKING pc=0x000001e29a137da2 sp=0x0000009d5d9f9e08 mode 2
Event: 189.860 Thread 0x000001e2ed77ba70 Uncommon trap: trap_request=0xffffff45 fr.pc=0x000001e29a89f5d8 relative=0x0000000000006538
Event: 189.860 Thread 0x000001e2ed77ba70 Uncommon trap: reason=unstable_if action=reinterpret pc=0x000001e29a89f5d8 method=javafx.css.SimpleSelector.stateMatches(Ljavafx/css/Styleable;Ljava/util/Set;)Z @ 1 c2
Event: 189.860 Thread 0x000001e2ed77ba70 DEOPT PACKING pc=0x000001e29a89f5d8 sp=0x0000009d5d9f9250
Event: 189.860 Thread 0x000001e2ed77ba70 DEOPT UNPACKING pc=0x000001e29a137da2 sp=0x0000009d5d9f9118 mode 2
Event: 189.888 Thread 0x000001e2ed6e3370 Uncommon trap: trap_request=0xffffffd6 fr.pc=0x000001e29a6de3f4 relative=0x0000000000000b54
Event: 189.888 Thread 0x000001e2ed6e3370 Uncommon trap: reason=array_check action=maybe_recompile pc=0x000001e29a6de3f4 method=com.sun.javafx.font.CompositeStrike.getStrikeSlot(I)Lcom/sun/javafx/font/FontStrike; @ 155 c2
Event: 189.888 Thread 0x000001e2ed6e3370 DEOPT PACKING pc=0x000001e29a6de3f4 sp=0x0000009d5d4fd730
Event: 189.888 Thread 0x000001e2ed6e3370 DEOPT UNPACKING pc=0x000001e29a137da2 sp=0x0000009d5d4fd6e8 mode 2
Event: 189.893 Thread 0x000001e2ed6e3370 Uncommon trap: trap_request=0xffffff45 fr.pc=0x000001e29a8df490 relative=0x0000000000002370
Event: 189.893 Thread 0x000001e2ed6e3370 Uncommon trap: reason=unstable_if action=reinterpret pc=0x000001e29a8df490 method=com.sun.prism.d3d.D3DTextureResource.isValid()Z @ 4 c2
Event: 189.893 Thread 0x000001e2ed6e3370 DEOPT PACKING pc=0x000001e29a8df490 sp=0x0000009d5d4fd580
Event: 189.893 Thread 0x000001e2ed6e3370 DEOPT UNPACKING pc=0x000001e29a137da2 sp=0x0000009d5d4fd408 mode 2
Event: 191.059 Thread 0x000001e2ed77ba70 Uncommon trap: trap_request=0xffffff6e fr.pc=0x000001e29a953278 relative=0x0000000000000898
Event: 191.059 Thread 0x000001e2ed77ba70 Uncommon trap: reason=loop_limit_check action=maybe_recompile pc=0x000001e29a953278 method=javafx.scene.Parent.pickChildrenNode(Lcom/sun/javafx/geom/PickRay;Lcom/sun/javafx/scene/input/PickResultChooser;)Z @ 17 c2
Event: 191.059 Thread 0x000001e2ed77ba70 DEOPT PACKING pc=0x000001e29a953278 sp=0x0000009d5d9f8ca0
Event: 191.059 Thread 0x000001e2ed77ba70 DEOPT UNPACKING pc=0x000001e29a137da2 sp=0x0000009d5d9f8a50 mode 2

Classes loaded (20 events):
Event: 4.428 Loading class java/io/ObjectOutput
Event: 4.428 Loading class java/io/ObjectOutput done
Event: 4.431 Loading class sun/nio/cs/UTF_16LE$Decoder
Event: 4.431 Loading class sun/nio/cs/UTF_16LE$Decoder done
Event: 6.017 Loading class java/lang/Short$ShortCache
Event: 6.017 Loading class java/lang/Short$ShortCache done
Event: 6.501 Loading class java/lang/FdLibm$Atan2
Event: 6.501 Loading class java/lang/FdLibm$Atan2 done
Event: 6.513 Loading class java/lang/FdLibm$Acos
Event: 6.513 Loading class java/lang/FdLibm$Acos done
Event: 6.941 Loading class java/text/ParsePosition
Event: 6.941 Loading class java/text/ParsePosition done
Event: 6.941 Loading class java/time/format/DateTimeParseContext
Event: 6.941 Loading class java/time/format/DateTimeParseContext done
Event: 6.941 Loading class java/time/format/Parsed
Event: 6.941 Loading class java/time/format/Parsed done
Event: 7.051 Loading class java/lang/foreign/MemorySegment
Event: 7.051 Loading class java/lang/foreign/MemorySegment done
Event: 283.813 Loading class jdk/internal/misc/Signal$1
Event: 283.813 Loading class jdk/internal/misc/Signal$1 done

Classes unloaded (0 events):
No events

Classes redefined (0 events):
No events

Internal exceptions (20 events):
Event: 5.982 Thread 0x000001e2ed77ba70 Exception <a 'java/io/FileNotFoundException'{0x0000000085f73bf0}> (0x0000000085f73bf0) 
thrown [s\src\hotspot\share\prims\jni.cpp, line 520]
Event: 6.019 Thread 0x000001e2ed77ba70 Exception <a 'java/lang/NoSuchMethodError'{0x0000000085d62c28}: 'java.lang.Object java.lang.invoke.DelegatingMethodHandle$Holder.reinvoke_L(java.lang.Object, double, double, double, double)'> (0x0000000085d62c28) 
thrown [s\src\hotspot\share\interpreter\linkResolver.cpp, line 773]
Event: 6.020 Thread 0x000001e2ed77ba70 Exception <a 'java/lang/NoSuchMethodError'{0x0000000085d6dc00}: 'java.lang.Object java.lang.invoke.DirectMethodHandle$Holder.invokeStatic(java.lang.Object, java.lang.Object, int)'> (0x0000000085d6dc00) 
thrown [s\src\hotspot\share\interpreter\linkResolver.cpp, line 773]
Event: 6.020 Thread 0x000001e2ed77ba70 Exception <a 'java/lang/NoSuchMethodError'{0x0000000085d71b48}: 'void java.lang.invoke.DirectMethodHandle$Holder.invokeStatic(java.lang.Object, java.lang.Object, int, java.lang.Object)'> (0x0000000085d71b48) 
thrown [s\src\hotspot\share\interpreter\linkResolver.cpp, line 773]
Event: 6.021 Thread 0x000001e2ed77ba70 Exception <a 'java/lang/NoSuchMethodError'{0x0000000085d78928}: 'void java.lang.invoke.DelegatingMethodHandle$Holder.delegate(java.lang.Object, java.lang.Object, int, java.lang.Object)'> (0x0000000085d78928) 
thrown [s\src\hotspot\share\interpreter\linkResolver.cpp, line 773]
Event: 6.022 Thread 0x000001e2ed77ba70 Exception <a 'java/io/FileNotFoundException'{0x0000000085d87478}> (0x0000000085d87478) 
thrown [s\src\hotspot\share\prims\jni.cpp, line 520]
Event: 6.024 Thread 0x000001e2ed77ba70 Exception <a 'java/io/FileNotFoundException'{0x0000000085d90688}> (0x0000000085d90688) 
thrown [s\src\hotspot\share\prims\jni.cpp, line 520]
Event: 6.024 Thread 0x000001e2ed77ba70 Exception <a 'java/io/FileNotFoundException'{0x0000000085d99788}> (0x0000000085d99788) 
thrown [s\src\hotspot\share\prims\jni.cpp, line 520]
Event: 6.061 Thread 0x000001e2ed77ba70 Exception <a 'java/io/IOException'{0x0000000085a0c578}> (0x0000000085a0c578) 
thrown [s\src\hotspot\share\prims\jni.cpp, line 520]
Event: 6.161 Thread 0x000001e2ed77ba70 Exception <a 'java/io/FileNotFoundException'{0x00000000899ba608}> (0x00000000899ba608) 
thrown [s\src\hotspot\share\prims\jni.cpp, line 520]
Event: 6.362 Thread 0x000001e2ed6e3370 Exception <a 'java/lang/NoSuchMethodError'{0x00000000876e6598}: 'java.lang.Object java.lang.invoke.DirectMethodHandle$Holder.invokeStaticInit(java.lang.Object, int)'> (0x00000000876e6598) 
thrown [s\src\hotspot\share\interpreter\linkResolver.cpp, line 773]
Event: 6.905 Thread 0x000001e2ed77ba70 Exception <a 'java/io/FileNotFoundException'{0x00000000872896e0}> (0x00000000872896e0) 
thrown [s\src\hotspot\share\prims\jni.cpp, line 520]
Event: 6.914 Thread 0x000001e2ed77ba70 Exception <a 'sun/nio/fs/WindowsException'{0x00000000872acd58}> (0x00000000872acd58) 
thrown [s\src\hotspot\share\prims\jni.cpp, line 520]
Event: 6.984 Thread 0x000001e2ed77ba70 Exception <a 'java/io/IOException'{0x000000008b2f4770}> (0x000000008b2f4770) 
thrown [s\src\hotspot\share\prims\jni.cpp, line 520]
Event: 6.997 Thread 0x000001e2ed77ba70 Exception <a 'java/io/IOException'{0x0000000089c76550}> (0x0000000089c76550) 
thrown [s\src\hotspot\share\prims\jni.cpp, line 520]
Event: 7.055 Thread 0x000001e2ed77ba70 Exception <a 'java/io/IOException'{0x000000008b39a0c0}> (0x000000008b39a0c0) 
thrown [s\src\hotspot\share\prims\jni.cpp, line 520]
Event: 7.066 Thread 0x000001e2ed77ba70 Exception <a 'java/io/IOException'{0x000000008c21bf20}> (0x000000008c21bf20) 
thrown [s\src\hotspot\share\prims\jni.cpp, line 520]
Event: 7.412 Thread 0x000001e2ed77ba70 Exception <a 'java/lang/NoSuchMethodError'{0x000000008bf246d8}: 'java.lang.Object java.lang.invoke.DirectMethodHandle$Holder.newInvokeSpecial(java.lang.Object, java.lang.Object, java.lang.Object, double, double, double, double, int, int, int, int, int, int, int, int, int)'> (0x000000008bf246d8) 
thrown [s\src\hotspot\share\interpreter\linkResolver.cpp, line 773]
Event: 189.860 Thread 0x000001e2ed77ba70 Implicit null exception at 0x000001e29a899602 to 0x000001e29a89f58c
Event: 189.893 Thread 0x000001e2ed6e3370 Implicit null exception at 0x000001e29a8dd560 to 0x000001e29a8df454

ZGC Phase Switch (0 events):
No events

VM Operations (20 events):
Event: 140.145 Executing VM operation: Cleanup done
Event: 180.268 Executing VM operation: HandshakeAllThreads (HandshakeForDeflation)
Event: 180.268 Executing VM operation: HandshakeAllThreads (HandshakeForDeflation) done
Event: 180.268 Executing VM operation: RendezvousGCThreads
Event: 180.268 Executing VM operation: RendezvousGCThreads done
Event: 189.272 Executing VM operation: Cleanup
Event: 189.272 Executing VM operation: Cleanup done
Event: 191.272 Executing VM operation: Cleanup
Event: 191.272 Executing VM operation: Cleanup done
Event: 197.274 Executing VM operation: Cleanup
Event: 197.274 Executing VM operation: Cleanup done
Event: 210.279 Executing VM operation: Cleanup
Event: 210.279 Executing VM operation: Cleanup done
Event: 227.289 Executing VM operation: Cleanup
Event: 227.289 Executing VM operation: Cleanup done
Event: 240.348 Executing VM operation: HandshakeAllThreads (HandshakeForDeflation)
Event: 240.348 Executing VM operation: HandshakeAllThreads (HandshakeForDeflation) done
Event: 240.348 Executing VM operation: RendezvousGCThreads
Event: 240.348 Executing VM operation: RendezvousGCThreads done
Event: 283.815 Executing VM operation: Exit

Memory protections (0 events):
No events

Nmethod flushes (20 events):
Event: 7.008 Thread 0x000001e2a7459b80 flushing  nmethod 0x000001e292e83910
Event: 7.008 Thread 0x000001e2a7459b80 flushing  nmethod 0x000001e292ec2b90
Event: 7.008 Thread 0x000001e2a7459b80 flushing  nmethod 0x000001e292f46f10
Event: 7.008 Thread 0x000001e2a7459b80 flushing  nmethod 0x000001e292f47410
Event: 7.008 Thread 0x000001e2a7459b80 flushing  nmethod 0x000001e292f47d90
Event: 7.008 Thread 0x000001e2a7459b80 flushing  nmethod 0x000001e292f48e90
Event: 7.008 Thread 0x000001e2a7459b80 flushing  nmethod 0x000001e292f55590
Event: 7.008 Thread 0x000001e2a7459b80 flushing  nmethod 0x000001e292f56690
Event: 7.008 Thread 0x000001e2a7459b80 flushing  nmethod 0x000001e292f56b10
Event: 7.008 Thread 0x000001e2a7459b80 flushing  nmethod 0x000001e292f57110
Event: 7.008 Thread 0x000001e2a7459b80 flushing  nmethod 0x000001e292f59a10
Event: 7.008 Thread 0x000001e2a7459b80 flushing  nmethod 0x000001e292f93010
Event: 7.008 Thread 0x000001e2a7459b80 flushing  nmethod 0x000001e292f93390
Event: 7.008 Thread 0x000001e2a7459b80 flushing osr nmethod 0x000001e292f93a10
Event: 7.008 Thread 0x000001e2a7459b80 flushing  nmethod 0x000001e292f94390
Event: 7.008 Thread 0x000001e2a7459b80 flushing osr nmethod 0x000001e292f94b90
Event: 7.008 Thread 0x000001e2a7459b80 flushing  nmethod 0x000001e292f95210
Event: 7.008 Thread 0x000001e2a7459b80 flushing osr nmethod 0x000001e292f95b90
Event: 7.008 Thread 0x000001e2a7459b80 flushing  nmethod 0x000001e292f96190
Event: 7.008 Thread 0x000001e2a7459b80 flushing  nmethod 0x000001e292f96c90

Events (20 events):
Event: 1.854 Thread 0x000001e2a7965640 Thread exited: 0x000001e2a7965640
Event: 5.990 Thread 0x000001e2a7497570 Thread added: 0x000001e2ed314980
Event: 6.012 Thread 0x000001e2a7497570 Thread added: 0x000001e2f3bdb490
Event: 6.467 Thread 0x000001e2f3bdb490 Thread exited: 0x000001e2f3bdb490
Event: 6.467 Thread 0x000001e2ed314980 Thread exited: 0x000001e2ed314980
Event: 6.848 Thread 0x000001e2a7497570 Thread added: 0x000001e2ed36c5c0
Event: 6.849 Thread 0x000001e2a7497570 Thread added: 0x000001e2edd95060
Event: 7.790 Thread 0x000001e2ed36c5c0 Thread exited: 0x000001e2ed36c5c0
Event: 7.790 Thread 0x000001e2edd95060 Thread exited: 0x000001e2edd95060
Event: 130.705 Thread 0x000001e2a7497570 Thread added: 0x000001e2edd95060
Event: 131.102 Thread 0x000001e2edd95060 Thread exited: 0x000001e2edd95060
Event: 189.898 Thread 0x000001e2a7497570 Thread added: 0x000001e2edd95060
Event: 190.019 Thread 0x000001e2edd95060 Thread exited: 0x000001e2edd95060
Event: 283.813 Thread 0x000001e2a747cd40 Thread added: 0x000001e2ee32fab0
Event: 283.814 Thread 0x000001e2ee32fab0 Thread added: 0x000001e2ee32c630
Event: 283.814 Thread 0x000001e2ee32fab0 Thread added: 0x000001e2ee32ccc0
Event: 283.814 Thread 0x000001e2ee32c630 Thread exited: 0x000001e2ee32c630
Event: 283.815 Thread 0x000001e2ee32ccc0 Thread exited: 0x000001e2ee32ccc0
Event: 283.815 Thread 0x000001e2ee32fab0 Before exit entered
Event: 283.815 Thread 0x000001e2a747cd40 Thread exited: 0x000001e2a747cd40


Dynamic libraries:
0x00007ff764100000 - 0x00007ff76410e000 	C:\Users\ACER\.jdks\corretto-21.0.4\bin\java.exe
0x00007ffb54bf0000 - 0x00007ffb54de8000 	C:\Windows\SYSTEM32\ntdll.dll
0x00007ffb53480000 - 0x00007ffb53542000 	C:\Windows\System32\KERNEL32.DLL
0x00007ffb52560000 - 0x00007ffb5285e000 	C:\Windows\System32\KERNELBASE.dll
0x00007ffb52330000 - 0x00007ffb52430000 	C:\Windows\System32\ucrtbase.dll
0x00007ffb1a440000 - 0x00007ffb1a458000 	C:\Users\ACER\.jdks\corretto-21.0.4\bin\jli.dll
0x00007ffb45bc0000 - 0x00007ffb45bdb000 	C:\Users\ACER\.jdks\corretto-21.0.4\bin\VCRUNTIME140.dll
0x00007ffb53750000 - 0x00007ffb538ed000 	C:\Windows\System32\USER32.dll
0x00007ffb52300000 - 0x00007ffb52322000 	C:\Windows\System32\win32u.dll
0x00007ffb3f1a0000 - 0x00007ffb3f43a000 	C:\Windows\WinSxS\amd64_microsoft.windows.common-controls_6595b64144ccf1df_6.0.19041.4355_none_60b8b9eb71f62e16\COMCTL32.dll
0x00007ffb54710000 - 0x00007ffb5473b000 	C:\Windows\System32\GDI32.dll
0x00007ffb531a0000 - 0x00007ffb5323e000 	C:\Windows\System32\msvcrt.dll
0x00007ffb52990000 - 0x00007ffb52aa7000 	C:\Windows\System32\gdi32full.dll
0x00007ffb524c0000 - 0x00007ffb5255d000 	C:\Windows\System32\msvcp_win.dll
0x00007ffb546e0000 - 0x00007ffb5470f000 	C:\Windows\System32\IMM32.DLL
0x00007ffb4cc70000 - 0x00007ffb4cc7c000 	C:\Users\ACER\.jdks\corretto-21.0.4\bin\vcruntime140_1.dll
0x00007ffb17d60000 - 0x00007ffb17ded000 	C:\Users\ACER\.jdks\corretto-21.0.4\bin\msvcp140.dll
0x00007ffaeb3d0000 - 0x00007ffaec166000 	C:\Users\ACER\.jdks\corretto-21.0.4\bin\server\jvm.dll
0x00007ffb53240000 - 0x00007ffb532f2000 	C:\Windows\System32\ADVAPI32.dll
0x00007ffb544f0000 - 0x00007ffb54590000 	C:\Windows\System32\sechost.dll
0x00007ffb52c10000 - 0x00007ffb52d33000 	C:\Windows\System32\RPCRT4.dll
0x00007ffb528b0000 - 0x00007ffb528d7000 	C:\Windows\System32\bcrypt.dll
0x00007ffb536e0000 - 0x00007ffb5374b000 	C:\Windows\System32\WS2_32.dll
0x00007ffb51820000 - 0x00007ffb5186b000 	C:\Windows\SYSTEM32\POWRPROF.dll
0x00007ffb43c80000 - 0x00007ffb43ca7000 	C:\Windows\SYSTEM32\WINMM.dll
0x00007ffb49020000 - 0x00007ffb4902a000 	C:\Windows\SYSTEM32\VERSION.dll
0x00007ffb51690000 - 0x00007ffb516a2000 	C:\Windows\SYSTEM32\UMPDC.dll
0x00007ffb50ab0000 - 0x00007ffb50ac2000 	C:\Windows\SYSTEM32\kernel.appcore.dll
0x00007ffb4bc60000 - 0x00007ffb4bc6a000 	C:\Users\ACER\.jdks\corretto-21.0.4\bin\jimage.dll
0x00007ffb50020000 - 0x00007ffb50204000 	C:\Windows\SYSTEM32\DBGHELP.DLL
0x00007ffb38230000 - 0x00007ffb38264000 	C:\Windows\SYSTEM32\dbgcore.DLL
0x00007ffb52430000 - 0x00007ffb524b2000 	C:\Windows\System32\bcryptPrimitives.dll
0x00007ffb3e870000 - 0x00007ffb3e87e000 	C:\Users\ACER\.jdks\corretto-21.0.4\bin\instrument.dll
0x00007ffb1a420000 - 0x00007ffb1a43f000 	C:\Users\ACER\.jdks\corretto-21.0.4\bin\java.dll
0x00007ffb53d80000 - 0x00007ffb544ef000 	C:\Windows\System32\SHELL32.dll
0x00007ffb502f0000 - 0x00007ffb50a94000 	C:\Windows\SYSTEM32\windows.storage.dll
0x00007ffb538f0000 - 0x00007ffb53c43000 	C:\Windows\System32\combase.dll
0x00007ffb51cc0000 - 0x00007ffb51cee000 	C:\Windows\SYSTEM32\Wldp.dll
0x00007ffb52d40000 - 0x00007ffb52e0d000 	C:\Windows\System32\OLEAUT32.dll
0x00007ffb53620000 - 0x00007ffb536cd000 	C:\Windows\System32\SHCORE.dll
0x00007ffb53140000 - 0x00007ffb53195000 	C:\Windows\System32\shlwapi.dll
0x00007ffb521c0000 - 0x00007ffb521e4000 	C:\Windows\SYSTEM32\profapi.dll
0x00007ffb17c80000 - 0x00007ffb17d57000 	C:\Users\ACER\.jdks\corretto-21.0.4\bin\jsvml.dll
0x00007ffb3c7e0000 - 0x00007ffb3c7f0000 	C:\Users\ACER\.jdks\corretto-21.0.4\bin\net.dll
0x00007ffb45ee0000 - 0x00007ffb45fed000 	C:\Windows\SYSTEM32\WINHTTP.dll
0x00007ffb51a20000 - 0x00007ffb51a8a000 	C:\Windows\system32\mswsock.dll
0x00007ffb1a400000 - 0x00007ffb1a416000 	C:\Users\ACER\.jdks\corretto-21.0.4\bin\nio.dll
0x00007ffb1a3e0000 - 0x00007ffb1a3f8000 	C:\Users\ACER\.jdks\corretto-21.0.4\bin\zip.dll
0x00007ffb185f0000 - 0x00007ffb1860a000 	C:\Program Files\JetBrains\IntelliJ IDEA 2024.2.3\bin\breakgen64.dll
0x000001e2a79f0000 - 0x000001e2a79f3000 	C:\Users\ACER\.openjfx\cache\21+31\amd64\api-ms-win-core-console-l1-1-0.dll
0x000001e2a7a00000 - 0x000001e2a7a03000 	C:\Users\ACER\.openjfx\cache\21+31\amd64\api-ms-win-core-console-l1-2-0.dll
0x000001e2a7a10000 - 0x000001e2a7a13000 	C:\Users\ACER\.openjfx\cache\21+31\amd64\api-ms-win-core-datetime-l1-1-0.dll
0x000001e2a7a20000 - 0x000001e2a7a23000 	C:\Users\ACER\.openjfx\cache\21+31\amd64\api-ms-win-core-debug-l1-1-0.dll
0x000001e2a7a30000 - 0x000001e2a7a33000 	C:\Users\ACER\.openjfx\cache\21+31\amd64\api-ms-win-core-errorhandling-l1-1-0.dll
0x000001e2a7a40000 - 0x000001e2a7a44000 	C:\Users\ACER\.openjfx\cache\21+31\amd64\api-ms-win-core-file-l1-1-0.dll
0x000001e2a7a50000 - 0x000001e2a7a53000 	C:\Users\ACER\.openjfx\cache\21+31\amd64\api-ms-win-core-file-l1-2-0.dll
0x000001e2a7a60000 - 0x000001e2a7a63000 	C:\Users\ACER\.openjfx\cache\21+31\amd64\api-ms-win-core-file-l2-1-0.dll
0x000001e2a7a70000 - 0x000001e2a7a73000 	C:\Users\ACER\.openjfx\cache\21+31\amd64\api-ms-win-core-handle-l1-1-0.dll
0x000001e2a7a80000 - 0x000001e2a7a83000 	C:\Users\ACER\.openjfx\cache\21+31\amd64\api-ms-win-core-heap-l1-1-0.dll
0x000001e2a7a90000 - 0x000001e2a7a93000 	C:\Users\ACER\.openjfx\cache\21+31\amd64\api-ms-win-core-interlocked-l1-1-0.dll
0x000001e2a7aa0000 - 0x000001e2a7aa3000 	C:\Users\ACER\.openjfx\cache\21+31\amd64\api-ms-win-core-libraryloader-l1-1-0.dll
0x000001e2a7ab0000 - 0x000001e2a7ab3000 	C:\Users\ACER\.openjfx\cache\21+31\amd64\api-ms-win-core-localization-l1-2-0.dll
0x000001e2a7ac0000 - 0x000001e2a7ac3000 	C:\Users\ACER\.openjfx\cache\21+31\amd64\api-ms-win-core-memory-l1-1-0.dll
0x000001e2a7ad0000 - 0x000001e2a7ad3000 	C:\Users\ACER\.openjfx\cache\21+31\amd64\api-ms-win-core-namedpipe-l1-1-0.dll
0x000001e2a7ae0000 - 0x000001e2a7ae3000 	C:\Users\ACER\.openjfx\cache\21+31\amd64\api-ms-win-core-processenvironment-l1-1-0.dll
0x000001e2a7af0000 - 0x000001e2a7af3000 	C:\Users\ACER\.openjfx\cache\21+31\amd64\api-ms-win-core-processthreads-l1-1-0.dll
0x000001e2a7b00000 - 0x000001e2a7b03000 	C:\Users\ACER\.openjfx\cache\21+31\amd64\api-ms-win-core-processthreads-l1-1-1.dll
0x000001e2a7b10000 - 0x000001e2a7b13000 	C:\Users\ACER\.openjfx\cache\21+31\amd64\api-ms-win-core-profile-l1-1-0.dll
0x000001e2a7b20000 - 0x000001e2a7b23000 	C:\Users\ACER\.openjfx\cache\21+31\amd64\api-ms-win-core-rtlsupport-l1-1-0.dll
0x000001e2a7b30000 - 0x000001e2a7b33000 	C:\Users\ACER\.openjfx\cache\21+31\amd64\api-ms-win-core-string-l1-1-0.dll
0x000001e2a7b40000 - 0x000001e2a7b43000 	C:\Users\ACER\.openjfx\cache\21+31\amd64\api-ms-win-core-synch-l1-1-0.dll
0x000001e2a7b50000 - 0x000001e2a7b53000 	C:\Users\ACER\.openjfx\cache\21+31\amd64\api-ms-win-core-synch-l1-2-0.dll
0x000001e2a7b60000 - 0x000001e2a7b63000 	C:\Users\ACER\.openjfx\cache\21+31\amd64\api-ms-win-core-sysinfo-l1-1-0.dll
0x000001e2a7b70000 - 0x000001e2a7b73000 	C:\Users\ACER\.openjfx\cache\21+31\amd64\api-ms-win-core-timezone-l1-1-0.dll
0x000001e2a7b80000 - 0x000001e2a7b83000 	C:\Users\ACER\.openjfx\cache\21+31\amd64\api-ms-win-core-util-l1-1-0.dll
0x000001e2a7b90000 - 0x000001e2a7b93000 	C:\Users\ACER\.openjfx\cache\21+31\amd64\api-ms-win-crt-conio-l1-1-0.dll
0x000001e2a7ba0000 - 0x000001e2a7ba4000 	C:\Users\ACER\.openjfx\cache\21+31\amd64\api-ms-win-crt-convert-l1-1-0.dll
0x000001e2a7bb0000 - 0x000001e2a7bb3000 	C:\Users\ACER\.openjfx\cache\21+31\amd64\api-ms-win-crt-environment-l1-1-0.dll
0x000001e2a7bc0000 - 0x000001e2a7bc3000 	C:\Users\ACER\.openjfx\cache\21+31\amd64\api-ms-win-crt-filesystem-l1-1-0.dll
0x000001e2a7bd0000 - 0x000001e2a7bd3000 	C:\Users\ACER\.openjfx\cache\21+31\amd64\api-ms-win-crt-heap-l1-1-0.dll
0x000001e2a7be0000 - 0x000001e2a7be3000 	C:\Users\ACER\.openjfx\cache\21+31\amd64\api-ms-win-crt-locale-l1-1-0.dll
0x000001e2a7bf0000 - 0x000001e2a7bf5000 	C:\Users\ACER\.openjfx\cache\21+31\amd64\api-ms-win-crt-math-l1-1-0.dll
0x000001e2a7c00000 - 0x000001e2a7c05000 	C:\Users\ACER\.openjfx\cache\21+31\amd64\api-ms-win-crt-multibyte-l1-1-0.dll
0x000001e2a7c10000 - 0x000001e2a7c20000 	C:\Users\ACER\.openjfx\cache\21+31\amd64\api-ms-win-crt-private-l1-1-0.dll
0x000001e2a7c20000 - 0x000001e2a7c23000 	C:\Users\ACER\.openjfx\cache\21+31\amd64\api-ms-win-crt-process-l1-1-0.dll
0x000001e2a7c30000 - 0x000001e2a7c34000 	C:\Users\ACER\.openjfx\cache\21+31\amd64\api-ms-win-crt-runtime-l1-1-0.dll
0x000001e2a7c40000 - 0x000001e2a7c44000 	C:\Users\ACER\.openjfx\cache\21+31\amd64\api-ms-win-crt-stdio-l1-1-0.dll
0x000001e2a7c50000 - 0x000001e2a7c54000 	C:\Users\ACER\.openjfx\cache\21+31\amd64\api-ms-win-crt-string-l1-1-0.dll
0x000001e2a7c60000 - 0x000001e2a7c63000 	C:\Users\ACER\.openjfx\cache\21+31\amd64\api-ms-win-crt-time-l1-1-0.dll
0x000001e2a7c70000 - 0x000001e2a7c73000 	C:\Users\ACER\.openjfx\cache\21+31\amd64\api-ms-win-crt-utility-l1-1-0.dll
0x00007ffb0e480000 - 0x00007ffb0e57c000 	C:\Users\ACER\.openjfx\cache\21+31\amd64\ucrtbase.dll
0x00007ffb18580000 - 0x00007ffb1859b000 	C:\Users\ACER\.openjfx\cache\21+31\amd64\vcruntime140.dll
0x00007ffb31f80000 - 0x00007ffb31f8c000 	C:\Users\ACER\.openjfx\cache\21+31\amd64\vcruntime140_1.dll
0x00007ffb17bf0000 - 0x00007ffb17c7e000 	C:\Users\ACER\.openjfx\cache\21+31\amd64\msvcp140.dll
0x00007ffb53c50000 - 0x00007ffb53d7b000 	C:\Windows\System32\ole32.dll
0x00007ffb31590000 - 0x00007ffb31599000 	C:\Users\ACER\.openjfx\cache\21+31\amd64\msvcp140_1.dll
0x00007ffb17bc0000 - 0x00007ffb17bef000 	C:\Users\ACER\.openjfx\cache\21+31\amd64\msvcp140_2.dll
0x00007ffb17340000 - 0x00007ffb1736f000 	C:\Users\ACER\.openjfx\cache\21+31\amd64\prism_d3d.dll
0x00007ffaf32f0000 - 0x00007ffaf34c1000 	C:\Windows\system32\d3d9.dll
0x00007ffb4d2b0000 - 0x00007ffb4d2df000 	C:\Windows\SYSTEM32\dwmapi.dll
0x00007ffb4cf60000 - 0x00007ffb4cffe000 	C:\Windows\system32\uxtheme.dll
0x00007ffaed2f0000 - 0x00007ffaed455000 	C:\Windows\System32\DriverStore\FileRepository\iigd_dch.inf_amd64_e31d62740aef2af9\igdumdim64.dll
0x00007ffae0040000 - 0x00007ffae3c96000 	C:\Windows\System32\DriverStore\FileRepository\iigd_dch.inf_amd64_e31d62740aef2af9\igd9dxva64.dll
0x00007ffb54740000 - 0x00007ffb54bae000 	C:\Windows\System32\SETUPAPI.dll
0x00007ffb52860000 - 0x00007ffb528ae000 	C:\Windows\System32\cfgmgr32.dll
0x00007ffb3fad0000 - 0x00007ffb3fe91000 	C:\Windows\System32\DriverStore\FileRepository\iigd_dch.inf_amd64_e31d62740aef2af9\igdgmm64.dll
0x00007ffb0e430000 - 0x00007ffb0e472000 	C:\Users\ACER\.openjfx\cache\21+31\amd64\glass.dll
0x00007ffb53300000 - 0x00007ffb533da000 	C:\Windows\System32\COMDLG32.dll
0x00007ffb52e10000 - 0x00007ffb52f25000 	C:\Windows\System32\MSCTF.dll
0x00007ffaed2c0000 - 0x00007ffaed2e7000 	C:\Windows\System32\DriverStore\FileRepository\iigd_dch.inf_amd64_e31d62740aef2af9\igdinfo64.dll
0x00007ffb38520000 - 0x00007ffb3b726000 	C:\Windows\System32\DriverStore\FileRepository\iigd_dch.inf_amd64_e31d62740aef2af9\igc64.dll
0x00007ffb45e00000 - 0x00007ffb45e3b000 	C:\Windows\SYSTEM32\dxcore.dll
0x00007ffb51700000 - 0x00007ffb517ca000 	C:\Windows\SYSTEM32\DNSAPI.dll
0x00007ffb516b0000 - 0x00007ffb516eb000 	C:\Windows\SYSTEM32\IPHLPAPI.DLL
0x00007ffb536d0000 - 0x00007ffb536d8000 	C:\Windows\System32\NSI.dll
0x00007ffb48890000 - 0x00007ffb4889a000 	C:\Windows\System32\rasadhlp.dll
0x00007ffb44de0000 - 0x00007ffb44e60000 	C:\Windows\System32\fwpuclnt.dll
0x00007ffb51c10000 - 0x00007ffb51c28000 	C:\Windows\SYSTEM32\CRYPTSP.dll
0x00007ffb512d0000 - 0x00007ffb51304000 	C:\Windows\system32\rsaenh.dll
0x00007ffb52180000 - 0x00007ffb521ae000 	C:\Windows\SYSTEM32\USERENV.dll
0x00007ffb51c30000 - 0x00007ffb51c3c000 	C:\Windows\SYSTEM32\CRYPTBASE.dll
0x00007ffb344c0000 - 0x00007ffb344ce000 	C:\Users\ACER\.jdks\corretto-21.0.4\bin\sunmscapi.dll
0x00007ffb52ab0000 - 0x00007ffb52c0c000 	C:\Windows\System32\CRYPT32.dll
0x00007ffb51d30000 - 0x00007ffb51d57000 	C:\Windows\SYSTEM32\ncrypt.dll
0x00007ffb51cf0000 - 0x00007ffb51d2b000 	C:\Windows\SYSTEM32\NTASN1.dll
0x00007ffb17f10000 - 0x00007ffb17f24000 	C:\Users\ACER\.openjfx\cache\21+31\amd64\javafx_font.dll
0x00007ffb1ca70000 - 0x00007ffb1ccef000 	C:\Windows\SYSTEM32\dwrite.dll
0x00007ffb53560000 - 0x00007ffb53609000 	C:\Windows\System32\clbcatq.dll

dbghelp: loaded successfully - version: 4.0.5 - missing functions: none
symbol engine: initialized successfully - sym options: 0x614 - pdb path: .;C:\Users\ACER\.jdks\corretto-21.0.4\bin;C:\Windows\SYSTEM32;C:\Windows\WinSxS\amd64_microsoft.windows.common-controls_6595b64144ccf1df_6.0.19041.4355_none_60b8b9eb71f62e16;C:\Users\ACER\.jdks\corretto-21.0.4\bin\server;C:\Program Files\JetBrains\IntelliJ IDEA 2024.2.3\bin;C:\Users\ACER\.openjfx\cache\21+31\amd64;C:\Windows\System32\DriverStore\FileRepository\iigd_dch.inf_amd64_e31d62740aef2af9;C:\Windows\System32\DriverStore\FileRepository\nvacsig.inf_amd64_7fbaec8834d1b098;C:\Program Files\Common Files\Microsoft Shared\Ink

VM Arguments:
jvm_args: -javaagent:C:\Program Files\JetBrains\IntelliJ IDEA 2024.2.3\lib\idea_rt.jar=59747:C:\Program Files\JetBrains\IntelliJ IDEA 2024.2.3\bin -Dfile.encoding=UTF-8 -Dsun.stdout.encoding=UTF-8 -Dsun.stderr.encoding=UTF-8 --module-path=C:\Users\ACER\OneDrive - vnu.edu.vn\Documents\Librio\target\classes;C:\Users\ACER\.m2\repository\net\synedra\validatorfx\0.4.0\validatorfx-0.4.0.jar;C:\Users\ACER\.m2\repository\org\kordamp\bootstrapfx\bootstrapfx-core\0.4.0\bootstrapfx-core-0.4.0.jar;C:\Users\ACER\.m2\repository\org\json\json\20240303\json-20240303.jar;C:\Users\ACER\.m2\repository\org\openjfx\javafx-base\21\javafx-base-21-win.jar;C:\Users\ACER\.m2\repository\org\kordamp\ikonli\ikonli-core\12.3.1\ikonli-core-12.3.1.jar;C:\Users\ACER\.m2\repository\org\openjfx\javafx-controls\21\javafx-controls-21-win.jar;C:\Users\ACER\.m2\repository\org\openjfx\javafx-graphics\21\javafx-graphics-21-win.jar;C:\Users\ACER\.m2\repository\com\mysql\mysql-connector-j\8.3.0\mysql-connector-j-8.3.0.jar;C:\Users\ACER\.m2\repository\org\controlsfx\controlsfx\11.1.2\controlsfx-11.1.2.jar;C:\Users\ACER\.m2\repository\com\dlsc\formsfx\formsfx-core\11.6.0\formsfx-core-11.6.0.jar;C:\Users\ACER\.m2\repository\org\kordamp\ikonli\ikonli-javafx\12.3.1\ikonli-javafx-12.3.1.jar;C:\Users\ACER\.m2\repository\org\openjfx\javafx-fxml\21\javafx-fxml-21-win.jar -Djdk.module.main=librio 
java_command: librio/librio.HelloApplication
java_class_path (initial): C:\Users\ACER\.m2\repository\org\openjfx\javafx-controls\21\javafx-controls-21.jar;C:\Users\ACER\.m2\repository\org\openjfx\javafx-graphics\21\javafx-graphics-21.jar;C:\Users\ACER\.m2\repository\org\openjfx\javafx-base\21\javafx-base-21.jar;C:\Users\ACER\.m2\repository\org\openjfx\javafx-fxml\21\javafx-fxml-21.jar;C:\Users\ACER\.m2\repository\com\google\protobuf\protobuf-java\3.25.1\protobuf-java-3.25.1.jar
Launcher Type: SUN_STANDARD

[Global flags]
     intx CICompilerCount                          = 4                                         {product} {ergonomic}
     uint ConcGCThreads                            = 3                                         {product} {ergonomic}
     uint G1ConcRefinementThreads                  = 10                                        {product} {ergonomic}
   size_t G1HeapRegionSize                         = 1048576                                   {product} {ergonomic}
    uintx GCDrainStackTargetSize                   = 64                                        {product} {ergonomic}
   size_t InitialHeapSize                          = 132120576                                 {product} {ergonomic}
   size_t MarkStackSize                            = 4194304                                   {product} {ergonomic}
   size_t MaxHeapSize                              = 2090860544                                {product} {ergonomic}
   size_t MaxNewSize                               = 1254096896                                {product} {ergonomic}
   size_t MinHeapDeltaBytes                        = 1048576                                   {product} {ergonomic}
   size_t MinHeapSize                              = 8388608                                   {product} {ergonomic}
    uintx NonNMethodCodeHeapSize                   = 5839372                                {pd product} {ergonomic}
    uintx NonProfiledCodeHeapSize                  = 122909434                              {pd product} {ergonomic}
    uintx ProfiledCodeHeapSize                     = 122909434                              {pd product} {ergonomic}
    uintx ReservedCodeCacheSize                    = 251658240                              {pd product} {ergonomic}
     bool SegmentedCodeCache                       = true                                      {product} {ergonomic}
   size_t SoftMaxHeapSize                          = 2090860544                             {manageable} {ergonomic}
     bool UseCompressedOops                        = true                           {product lp64_product} {ergonomic}
     bool UseG1GC                                  = true                                      {product} {ergonomic}
     bool UseLargePagesIndividualAllocation        = false                                  {pd product} {ergonomic}

Logging:
Log output configuration:
 #0: stdout all=off uptime,level,tags foldmultilines=false
 #1: stderr all=off uptime,level,tags foldmultilines=false

Environment Variables:
JAVA_HOME=C:\Program Files\Java\jdk-22
PATH=C:\Program Files\Common Files\Oracle\Java\javapath;C:\Program Files (x86)\VMware\VMware Workstation\bin\;C:\Windows\system32;C:\Windows;C:\Windows\System32\Wbem;C:\Windows\System32\WindowsPowerShell\v1.0\;C:\Windows\System32\OpenSSH\;C:\Program Files (x86)\NVIDIA Corporation\PhysX\Common;C:\TDM-GCC-64\bin;C:\Program Files\Git\cmd;C:\ProgramData\chocolatey\bin;C:\Program Files (x86)\Windows Kits\10\Windows Performance Toolkit\;C:\Program Files\Cloudflare\Cloudflare WARP;C:\Program Files\Java\jdk-22\bin;C:\Users\ACER\AppData\Local\Programs\Python\Python310\Scripts\;C:\Users\ACER\AppData\Local\Programs\Python\Python310\;C:\Users\ACER\AppData\Local\Microsoft\WindowsApps;C:\Users\ACER\Downloads\bin;C:\Program Files (x86)\Dev-Cpp\MinGW64\bin;C:\MinGW;C:\Users\ACER\AppData\Local\Programs\Microsoft VS Code\bin;;C:\Program Files\JetBrains\IntelliJ IDEA 2024.2.3\bin;
USERNAME=ACER
OS=Windows_NT
PROCESSOR_IDENTIFIER=Intel64 Family 6 Model 141 Stepping 1, GenuineIntel
TMP=C:\Users\ACER\AppData\Local\Temp
TEMP=C:\Users\ACER\AppData\Local\Temp




Periodic native trim disabled

---------------  S Y S T E M  ---------------

OS:
 Windows 10 , 64 bit Build 19041 (10.0.19041.4957)
OS uptime: 5 days 9:35 hours

CPU: total 12 (initial active 12) (6 cores per cpu, 2 threads per core) family 6 model 141 stepping 1 microcode 0x3c, cx8, cmov, fxsr, ht, mmx, 3dnowpref, sse, sse2, sse3, ssse3, sse4.1, sse4.2, popcnt, lzcnt, tsc, tscinvbit, avx, avx2, aes, erms, clmul, bmi1, bmi2, adx, avx512f, avx512dq, avx512cd, avx512bw, avx512vl, sha, fma, vzeroupper, avx512_vpopcntdq, avx512_vpclmulqdq, avx512_vaes, avx512_vnni, clflush, clflushopt, clwb, avx512_vbmi2, avx512_vbmi, rdtscp, rdpid, fsrm, gfni, avx512_bitalg, f16c, pku, cet_ibt, cet_ss, avx512_ifma
Processor Information for all 12 processors :
  Max Mhz: 2688, Current Mhz: 2688, Mhz Limit: 2688

Memory: 4k page, system-wide physical 7971M (642M free)
TotalPageFile size 20690M (AvailPageFile size 5226M)
current process WorkingSet (physical memory assigned to process): 483M, peak: 542M
current process commit charge ("private bytes"): 533M, peak: 595M

vm_info: OpenJDK 64-Bit Server VM (21.0.4+7-LTS) for windows-amd64 JRE (21.0.4+7-LTS), built on 2024-07-10T17:34:29Z by "Administrator" with MS VC++ 16.10 / 16.11 (VS2019)

END.
